Archive member included to satisfy reference by file (symbol)

../OAO_bsp//libhal_bsp.a(alt_load.o)
                              ../OAO_bsp//obj/HAL/src/crt0.o (alt_load)
../OAO_bsp//libhal_bsp.a(alt_main.o)
                              ../OAO_bsp//obj/HAL/src/crt0.o (alt_main)
../OAO_bsp//libhal_bsp.a(alt_sys_init.o)
                              ../OAO_bsp//libhal_bsp.a(alt_main.o) (alt_irq_init)
../OAO_bsp//libhal_bsp.a(altera_avalon_jtag_uart_fd.o)
                              ../OAO_bsp//libhal_bsp.a(alt_sys_init.o) (altera_avalon_jtag_uart_read_fd)
../OAO_bsp//libhal_bsp.a(altera_avalon_jtag_uart_init.o)
                              ../OAO_bsp//libhal_bsp.a(alt_sys_init.o) (altera_avalon_jtag_uart_init)
../OAO_bsp//libhal_bsp.a(altera_avalon_jtag_uart_ioctl.o)
                              ../OAO_bsp//libhal_bsp.a(altera_avalon_jtag_uart_fd.o) (altera_avalon_jtag_uart_ioctl)
../OAO_bsp//libhal_bsp.a(altera_avalon_jtag_uart_read.o)
                              ../OAO_bsp//libhal_bsp.a(altera_avalon_jtag_uart_fd.o) (altera_avalon_jtag_uart_read)
../OAO_bsp//libhal_bsp.a(altera_avalon_jtag_uart_write.o)
                              ../OAO_bsp//libhal_bsp.a(altera_avalon_jtag_uart_fd.o) (altera_avalon_jtag_uart_write)
../OAO_bsp//libhal_bsp.a(altera_avalon_timer_sc.o)
                              ../OAO_bsp//libhal_bsp.a(alt_sys_init.o) (alt_avalon_timer_sc_init)
../OAO_bsp//libhal_bsp.a(alt_alarm_start.o)
                              ../OAO_bsp//libhal_bsp.a(altera_avalon_jtag_uart_init.o) (alt_alarm_start)
../OAO_bsp//libhal_bsp.a(alt_close.o)
                              ../OAO_bsp//libhal_bsp.a(alt_main.o) (close)
../OAO_bsp//libhal_bsp.a(alt_dcache_flush_all.o)
                              ../OAO_bsp//libhal_bsp.a(alt_load.o) (alt_dcache_flush_all)
../OAO_bsp//libhal_bsp.a(alt_dev.o)
                              ../OAO_bsp//libhal_bsp.a(alt_sys_init.o) (alt_dev_list)
../OAO_bsp//libhal_bsp.a(alt_dev_llist_insert.o)
                              ../OAO_bsp//libhal_bsp.a(alt_sys_init.o) (alt_dev_llist_insert)
../OAO_bsp//libhal_bsp.a(alt_do_ctors.o)
                              ../OAO_bsp//libhal_bsp.a(alt_main.o) (_do_ctors)
../OAO_bsp//libhal_bsp.a(alt_do_dtors.o)
                              ../OAO_bsp//libhal_bsp.a(alt_main.o) (_do_dtors)
../OAO_bsp//libhal_bsp.a(alt_errno.o)
                              ../OAO_bsp//libhal_bsp.a(alt_close.o) (alt_errno)
../OAO_bsp//libhal_bsp.a(alt_icache_flush_all.o)
                              ../OAO_bsp//libhal_bsp.a(alt_load.o) (alt_icache_flush_all)
../OAO_bsp//libhal_bsp.a(alt_iic.o)
                              ../OAO_bsp//libhal_bsp.a(altera_avalon_jtag_uart_init.o) (alt_ic_isr_register)
../OAO_bsp//libhal_bsp.a(alt_iic_isr_register.o)
                              ../OAO_bsp//libhal_bsp.a(alt_iic.o) (alt_iic_isr_register)
../OAO_bsp//libhal_bsp.a(alt_io_redirect.o)
                              ../OAO_bsp//libhal_bsp.a(alt_main.o) (alt_io_redirect)
../OAO_bsp//libhal_bsp.a(alt_irq_entry.o)
                              ../OAO_bsp//libhal_bsp.a(alt_iic_isr_register.o) (alt_irq_entry)
../OAO_bsp//libhal_bsp.a(alt_irq_handler.o)
                              ../OAO_bsp//libhal_bsp.a(alt_iic_isr_register.o) (alt_irq)
../OAO_bsp//libhal_bsp.a(alt_irq_vars.o)
                              ../OAO_bsp//libhal_bsp.a(alt_iic.o) (alt_irq_active)
../OAO_bsp//libhal_bsp.a(alt_open.o)
                              ../OAO_bsp//libhal_bsp.a(alt_io_redirect.o) (open)
../OAO_bsp//libhal_bsp.a(alt_release_fd.o)
                              ../OAO_bsp//libhal_bsp.a(alt_close.o) (alt_release_fd)
../OAO_bsp//libhal_bsp.a(alt_tick.o)
                              ../OAO_bsp//libhal_bsp.a(altera_avalon_jtag_uart_init.o) (_alt_tick_rate)
../OAO_bsp//libhal_bsp.a(altera_nios2_gen2_irq.o)
                              ../OAO_bsp//libhal_bsp.a(alt_sys_init.o) (altera_nios2_gen2_irq_init)
../OAO_bsp//libhal_bsp.a(alt_exception_entry.o)
                              ../OAO_bsp//libhal_bsp.a(alt_irq_entry.o) (alt_exception)
../OAO_bsp//libhal_bsp.a(alt_find_dev.o)
                              ../OAO_bsp//libhal_bsp.a(alt_open.o) (alt_find_dev)
../OAO_bsp//libhal_bsp.a(alt_find_file.o)
                              ../OAO_bsp//libhal_bsp.a(alt_open.o) (alt_find_file)
../OAO_bsp//libhal_bsp.a(alt_get_fd.o)
                              ../OAO_bsp//libhal_bsp.a(alt_open.o) (alt_get_fd)
../OAO_bsp//libhal_bsp.a(alt_icache_flush.o)
                              ../OAO_bsp//libhal_bsp.a(alt_icache_flush_all.o) (alt_icache_flush)
../OAO_bsp//libhal_bsp.a(alt_instruction_exception_entry.o)
                              ../OAO_bsp//libhal_bsp.a(alt_exception_entry.o) (alt_instruction_exception_entry)
/home/quartus/altera/15.1/nios2eds/bin/gnu/H-x86_64-pc-linux-gnu/bin/../lib/gcc/nios2-elf/4.9.2/../../../../../H-x86_64-pc-linux-gnu/nios2-elf/lib/libc.a(lib_a-atexit.o)
                              ../OAO_bsp//libhal_bsp.a(alt_main.o) (atexit)
/home/quartus/altera/15.1/nios2eds/bin/gnu/H-x86_64-pc-linux-gnu/bin/../lib/gcc/nios2-elf/4.9.2/../../../../../H-x86_64-pc-linux-gnu/nios2-elf/lib/libc.a(lib_a-exit.o)
                              ../OAO_bsp//libhal_bsp.a(alt_main.o) (exit)
/home/quartus/altera/15.1/nios2eds/bin/gnu/H-x86_64-pc-linux-gnu/bin/../lib/gcc/nios2-elf/4.9.2/../../../../../H-x86_64-pc-linux-gnu/nios2-elf/lib/libc.a(lib_a-impure.o)
                              /home/quartus/altera/15.1/nios2eds/bin/gnu/H-x86_64-pc-linux-gnu/bin/../lib/gcc/nios2-elf/4.9.2/../../../../../H-x86_64-pc-linux-gnu/nios2-elf/lib/libc.a(lib_a-exit.o) (_global_impure_ptr)
/home/quartus/altera/15.1/nios2eds/bin/gnu/H-x86_64-pc-linux-gnu/bin/../lib/gcc/nios2-elf/4.9.2/../../../../../H-x86_64-pc-linux-gnu/nios2-elf/lib/libc.a(lib_a-int_errno.o)
                              ../OAO_bsp//libhal_bsp.a(alt_close.o) (errno)
/home/quartus/altera/15.1/nios2eds/bin/gnu/H-x86_64-pc-linux-gnu/bin/../lib/gcc/nios2-elf/4.9.2/../../../../../H-x86_64-pc-linux-gnu/nios2-elf/lib/libc.a(lib_a-memcmp.o)
                              ../OAO_bsp//libhal_bsp.a(alt_find_dev.o) (memcmp)
/home/quartus/altera/15.1/nios2eds/bin/gnu/H-x86_64-pc-linux-gnu/bin/../lib/gcc/nios2-elf/4.9.2/../../../../../H-x86_64-pc-linux-gnu/nios2-elf/lib/libc.a(lib_a-memcpy.o)
                              ../OAO_bsp//libhal_bsp.a(altera_avalon_jtag_uart_read.o) (memcpy)
/home/quartus/altera/15.1/nios2eds/bin/gnu/H-x86_64-pc-linux-gnu/bin/../lib/gcc/nios2-elf/4.9.2/../../../../../H-x86_64-pc-linux-gnu/nios2-elf/lib/libc.a(lib_a-strlen.o)
                              ../OAO_bsp//libhal_bsp.a(alt_find_dev.o) (strlen)
/home/quartus/altera/15.1/nios2eds/bin/gnu/H-x86_64-pc-linux-gnu/bin/../lib/gcc/nios2-elf/4.9.2/../../../../../H-x86_64-pc-linux-gnu/nios2-elf/lib/libc.a(lib_a-__atexit.o)
                              /home/quartus/altera/15.1/nios2eds/bin/gnu/H-x86_64-pc-linux-gnu/bin/../lib/gcc/nios2-elf/4.9.2/../../../../../H-x86_64-pc-linux-gnu/nios2-elf/lib/libc.a(lib_a-atexit.o) (__register_exitproc)
/home/quartus/altera/15.1/nios2eds/bin/gnu/H-x86_64-pc-linux-gnu/bin/../lib/gcc/nios2-elf/4.9.2/../../../../../H-x86_64-pc-linux-gnu/nios2-elf/lib/libc.a(lib_a-__call_atexit.o)
                              /home/quartus/altera/15.1/nios2eds/bin/gnu/H-x86_64-pc-linux-gnu/bin/../lib/gcc/nios2-elf/4.9.2/../../../../../H-x86_64-pc-linux-gnu/nios2-elf/lib/libc.a(lib_a-exit.o) (__call_exitprocs)
../OAO_bsp//libhal_bsp.a(alt_exit.o)
                              /home/quartus/altera/15.1/nios2eds/bin/gnu/H-x86_64-pc-linux-gnu/bin/../lib/gcc/nios2-elf/4.9.2/../../../../../H-x86_64-pc-linux-gnu/nios2-elf/lib/libc.a(lib_a-exit.o) (_exit)

Allocating common symbols
Common symbol       size              file

alt_irq             0x100             ../OAO_bsp//libhal_bsp.a(alt_irq_handler.o)
errno               0x4               /home/quartus/altera/15.1/nios2eds/bin/gnu/H-x86_64-pc-linux-gnu/bin/../lib/gcc/nios2-elf/4.9.2/../../../../../H-x86_64-pc-linux-gnu/nios2-elf/lib/libc.a(lib_a-int_errno.o)

Memory Configuration

Name             Origin             Length             Attributes
sram             0x0000000000200000 0x0000000000200000
reset            0x0000000000408000 0x0000000000000020
onchip_memory    0x0000000000408020 0x0000000000004fe0
*default*        0x0000000000000000 0xffffffffffffffff

Linker script and memory map

LOAD ../OAO_bsp//obj/HAL/src/crt0.o
LOAD obj/default/hello_world.o
LOAD /home/quartus/altera/15.1/nios2eds/bin/gnu/H-x86_64-pc-linux-gnu/bin/../lib/gcc/nios2-elf/4.9.2/../../../../../H-x86_64-pc-linux-gnu/nios2-elf/lib/libstdc++.a
LOAD /home/quartus/altera/15.1/nios2eds/bin/gnu/H-x86_64-pc-linux-gnu/bin/../lib/gcc/nios2-elf/4.9.2/../../../../../H-x86_64-pc-linux-gnu/nios2-elf/lib/libm.a
LOAD /home/quartus/altera/15.1/nios2eds/bin/gnu/H-x86_64-pc-linux-gnu/bin/../lib/gcc/nios2-elf/4.9.2/libgcc.a
START GROUP
LOAD /home/quartus/altera/15.1/nios2eds/bin/gnu/H-x86_64-pc-linux-gnu/bin/../lib/gcc/nios2-elf/4.9.2/../../../../../H-x86_64-pc-linux-gnu/nios2-elf/lib/libc.a
LOAD /home/quartus/altera/15.1/nios2eds/bin/gnu/H-x86_64-pc-linux-gnu/bin/../lib/gcc/nios2-elf/4.9.2/libgcc.a
LOAD ../OAO_bsp//libhal_bsp.a
LOAD /home/quartus/altera/15.1/nios2eds/bin/gnu/H-x86_64-pc-linux-gnu/bin/../lib/gcc/nios2-elf/4.9.2/../../../../../H-x86_64-pc-linux-gnu/nios2-elf/lib/libm.a
END GROUP
LOAD /home/quartus/altera/15.1/nios2eds/bin/gnu/H-x86_64-pc-linux-gnu/bin/../lib/gcc/nios2-elf/4.9.2/libgcc.a
                0x0000000000200000                __alt_mem_sram = 0x200000
                0x0000000000408000                __alt_mem_onchip_memory = 0x408000

.entry          0x0000000000408000       0x20
 *(.entry)
 .entry         0x0000000000408000       0x20 ../OAO_bsp//obj/HAL/src/crt0.o
                0x0000000000408000                __reset

.exceptions     0x0000000000408020      0x220 load address 0x0000000000200000
                0x0000000000408020                PROVIDE (__ram_exceptions_start, ABSOLUTE (.))
                0x0000000000408020                . = ALIGN (0x20)
 *(.irq)
 *(.exceptions.entry.label)
 .exceptions.entry.label
                0x0000000000408020        0x0 ../OAO_bsp//libhal_bsp.a(alt_irq_entry.o)
                0x0000000000408020                alt_irq_entry
 .exceptions.entry.label
                0x0000000000408020        0x0 ../OAO_bsp//libhal_bsp.a(alt_exception_entry.o)
                0x0000000000408020                alt_exception
 *(.exceptions.entry.user)
 *(.exceptions.entry.ecc_fatal)
 *(.exceptions.entry)
 .exceptions.entry
                0x0000000000408020       0x54 ../OAO_bsp//libhal_bsp.a(alt_exception_entry.o)
 *(.exceptions.irqtest.user)
 *(.exceptions.irqtest)
 .exceptions.irqtest
                0x0000000000408074       0x10 ../OAO_bsp//libhal_bsp.a(alt_irq_entry.o)
 *(.exceptions.irqhandler.user)
 *(.exceptions.irqhandler)
 .exceptions.irqhandler
                0x0000000000408084        0x4 ../OAO_bsp//libhal_bsp.a(alt_irq_entry.o)
 *(.exceptions.irqreturn.user)
 *(.exceptions.irqreturn)
 .exceptions.irqreturn
                0x0000000000408088        0x4 ../OAO_bsp//libhal_bsp.a(alt_irq_entry.o)
 *(.exceptions.notirq.label)
 .exceptions.notirq.label
                0x000000000040808c        0x0 ../OAO_bsp//libhal_bsp.a(alt_irq_entry.o)
 *(.exceptions.notirq.user)
 *(.exceptions.notirq)
 .exceptions.notirq
                0x000000000040808c        0x8 ../OAO_bsp//libhal_bsp.a(alt_exception_entry.o)
 *(.exceptions.soft.user)
 *(.exceptions.soft)
 *(.exceptions.unknown.user)
 *(.exceptions.unknown)
 .exceptions.unknown
                0x0000000000408094       0x14 ../OAO_bsp//libhal_bsp.a(alt_exception_entry.o)
 *(.exceptions.exit.label)
 .exceptions.exit.label
                0x00000000004080a8        0x0 ../OAO_bsp//libhal_bsp.a(alt_irq_entry.o)
 .exceptions.exit.label
                0x00000000004080a8        0x0 ../OAO_bsp//libhal_bsp.a(alt_exception_entry.o)
 *(.exceptions.exit.user)
 *(.exceptions.exit)
 .exceptions.exit
                0x00000000004080a8       0x54 ../OAO_bsp//libhal_bsp.a(alt_exception_entry.o)
 *(.exceptions)
 .exceptions    0x00000000004080fc       0xd0 ../OAO_bsp//libhal_bsp.a(alt_irq_handler.o)
                0x00000000004080fc                alt_irq_handler
 .exceptions    0x00000000004081cc       0x74 ../OAO_bsp//libhal_bsp.a(alt_instruction_exception_entry.o)
                0x00000000004081cc                alt_instruction_exception_entry
                0x0000000000408240                PROVIDE (__ram_exceptions_end, ABSOLUTE (.))
                0x0000000000200000                PROVIDE (__flash_exceptions_start, LOADADDR (.exceptions))

.text           0x0000000000200220     0x2410
                0x0000000000200220                PROVIDE (stext, ABSOLUTE (.))
 *(.interp)
 *(.hash)
 *(.dynsym)
 *(.dynstr)
 *(.gnu.version)
 *(.gnu.version_d)
 *(.gnu.version_r)
 *(.rel.init)
 *(.rela.init)
 *(.rel.text .rel.text.* .rel.gnu.linkonce.t.*)
 *(.rela.text .rela.text.* .rela.gnu.linkonce.t.*)
 *(.rel.fini)
 *(.rela.fini)
 *(.rel.rodata .rel.rodata.* .rel.gnu.linkonce.r.*)
 *(.rela.rodata .rela.rodata.* .rela.gnu.linkonce.r.*)
 *(.rel.data .rel.data.* .rel.gnu.linkonce.d.*)
 *(.rela.data .rela.data.* .rela.gnu.linkonce.d.*)
 *(.rel.tdata .rel.tdata.* .rel.gnu.linkonce.td.*)
 *(.rela.tdata .rela.tdata.* .rela.gnu.linkonce.td.*)
 *(.rel.tbss .rel.tbss.* .rel.gnu.linkonce.tb.*)
 *(.rela.tbss .rela.tbss.* .rela.gnu.linkonce.tb.*)
 *(.rel.ctors)
 *(.rela.ctors)
 *(.rel.dtors)
 *(.rela.dtors)
 *(.rel.got)
 *(.rela.got)
 *(.rel.sdata .rel.sdata.* .rel.gnu.linkonce.s.*)
 *(.rela.sdata .rela.sdata.* .rela.gnu.linkonce.s.*)
 *(.rel.sbss .rel.sbss.* .rel.gnu.linkonce.sb.*)
 *(.rela.sbss .rela.sbss.* .rela.gnu.linkonce.sb.*)
 *(.rel.sdata2 .rel.sdata2.* .rel.gnu.linkonce.s2.*)
 *(.rela.sdata2 .rela.sdata2.* .rela.gnu.linkonce.s2.*)
 *(.rel.sbss2 .rel.sbss2.* .rel.gnu.linkonce.sb2.*)
 *(.rela.sbss2 .rela.sbss2.* .rela.gnu.linkonce.sb2.*)
 *(.rel.bss .rel.bss.* .rel.gnu.linkonce.b.*)
 *(.rela.bss .rela.bss.* .rela.gnu.linkonce.b.*)
 *(.rel.plt)
 *(.rela.plt)
 *(.rel.dyn)
 *(.init)
 *(.plt)
 *(.text .stub .text.* .gnu.linkonce.t.*)
 .text          0x0000000000200220       0x4c ../OAO_bsp//obj/HAL/src/crt0.o
                0x0000000000200220                _start
 .text          0x000000000020026c       0x20 obj/default/hello_world.o
                0x000000000020026c                main
 .text          0x000000000020028c       0xe4 ../OAO_bsp//libhal_bsp.a(alt_load.o)
                0x00000000002002f0                alt_load
 .text          0x0000000000200370       0x78 ../OAO_bsp//libhal_bsp.a(alt_main.o)
                0x0000000000200370                alt_main
 .text          0x00000000002003e8       0xc8 ../OAO_bsp//libhal_bsp.a(alt_sys_init.o)
                0x0000000000200420                alt_irq_init
                0x0000000000200454                alt_sys_init
 .text          0x00000000002004b0      0x164 ../OAO_bsp//libhal_bsp.a(altera_avalon_jtag_uart_fd.o)
                0x00000000002004b0                altera_avalon_jtag_uart_read_fd
                0x0000000000200510                altera_avalon_jtag_uart_write_fd
                0x0000000000200570                altera_avalon_jtag_uart_close_fd
                0x00000000002005c0                altera_avalon_jtag_uart_ioctl_fd
 .text          0x0000000000200614      0x3d8 ../OAO_bsp//libhal_bsp.a(altera_avalon_jtag_uart_init.o)
                0x0000000000200614                altera_avalon_jtag_uart_init
                0x0000000000200984                altera_avalon_jtag_uart_close
 .text          0x00000000002009ec       0xec ../OAO_bsp//libhal_bsp.a(altera_avalon_jtag_uart_ioctl.o)
                0x00000000002009ec                altera_avalon_jtag_uart_ioctl
 .text          0x0000000000200ad8      0x20c ../OAO_bsp//libhal_bsp.a(altera_avalon_jtag_uart_read.o)
                0x0000000000200ad8                altera_avalon_jtag_uart_read
 .text          0x0000000000200ce4      0x218 ../OAO_bsp//libhal_bsp.a(altera_avalon_jtag_uart_write.o)
                0x0000000000200ce4                altera_avalon_jtag_uart_write
 .text          0x0000000000200efc       0xfc ../OAO_bsp//libhal_bsp.a(altera_avalon_timer_sc.o)
                0x0000000000200f70                alt_avalon_timer_sc_init
 .text          0x0000000000200ff8      0x140 ../OAO_bsp//libhal_bsp.a(alt_alarm_start.o)
                0x0000000000200ff8                alt_alarm_start
 .text          0x0000000000201138      0x120 ../OAO_bsp//libhal_bsp.a(alt_close.o)
                0x0000000000201188                close
 .text          0x0000000000201258       0x44 ../OAO_bsp//libhal_bsp.a(alt_dcache_flush_all.o)
                0x0000000000201258                alt_dcache_flush_all
 .text          0x000000000020129c       0x2c ../OAO_bsp//libhal_bsp.a(alt_dev.o)
 .text          0x00000000002012c8       0xf4 ../OAO_bsp//libhal_bsp.a(alt_dev_llist_insert.o)
                0x0000000000201318                alt_dev_llist_insert
 .text          0x00000000002013bc       0x5c ../OAO_bsp//libhal_bsp.a(alt_do_ctors.o)
                0x00000000002013bc                _do_ctors
 .text          0x0000000000201418       0x5c ../OAO_bsp//libhal_bsp.a(alt_do_dtors.o)
                0x0000000000201418                _do_dtors
 .text          0x0000000000201474        0x0 ../OAO_bsp//libhal_bsp.a(alt_errno.o)
 .text          0x0000000000201474       0x30 ../OAO_bsp//libhal_bsp.a(alt_icache_flush_all.o)
                0x0000000000201474                alt_icache_flush_all
 .text          0x00000000002014a4      0x1e0 ../OAO_bsp//libhal_bsp.a(alt_iic.o)
                0x00000000002014a4                alt_ic_isr_register
                0x00000000002014f4                alt_ic_irq_enable
                0x0000000000201594                alt_ic_irq_disable
                0x0000000000201638                alt_ic_irq_enabled
 .text          0x0000000000201684       0xf0 ../OAO_bsp//libhal_bsp.a(alt_iic_isr_register.o)
                0x0000000000201684                alt_iic_isr_register
 .text          0x0000000000201774      0x138 ../OAO_bsp//libhal_bsp.a(alt_io_redirect.o)
                0x0000000000201834                alt_io_redirect
 .text          0x00000000002018ac        0x0 ../OAO_bsp//libhal_bsp.a(alt_irq_entry.o)
 .text          0x00000000002018ac        0x0 ../OAO_bsp//libhal_bsp.a(alt_irq_handler.o)
 .text          0x00000000002018ac        0x0 ../OAO_bsp//libhal_bsp.a(alt_irq_vars.o)
 .text          0x00000000002018ac      0x274 ../OAO_bsp//libhal_bsp.a(alt_open.o)
                0x00000000002019c8                open
 .text          0x0000000000201b20       0x60 ../OAO_bsp//libhal_bsp.a(alt_release_fd.o)
                0x0000000000201b20                alt_release_fd
 .text          0x0000000000201b80      0x19c ../OAO_bsp//libhal_bsp.a(alt_tick.o)
                0x0000000000201b80                alt_alarm_stop
                0x0000000000201c18                alt_tick
 .text          0x0000000000201d1c       0x20 ../OAO_bsp//libhal_bsp.a(altera_nios2_gen2_irq.o)
                0x0000000000201d1c                altera_nios2_gen2_irq_init
 .text          0x0000000000201d3c        0x0 ../OAO_bsp//libhal_bsp.a(alt_exception_entry.o)
 .text          0x0000000000201d3c       0x90 ../OAO_bsp//libhal_bsp.a(alt_find_dev.o)
                0x0000000000201d3c                alt_find_dev
 .text          0x0000000000201dcc      0x114 ../OAO_bsp//libhal_bsp.a(alt_find_file.o)
                0x0000000000201dcc                alt_find_file
 .text          0x0000000000201ee0       0xb4 ../OAO_bsp//libhal_bsp.a(alt_get_fd.o)
                0x0000000000201ee0                alt_get_fd
 .text          0x0000000000201f94       0x8c ../OAO_bsp//libhal_bsp.a(alt_icache_flush.o)
                0x0000000000201f94                alt_icache_flush
 .text          0x0000000000202020       0x9c ../OAO_bsp//libhal_bsp.a(alt_instruction_exception_entry.o)
                0x0000000000202020                alt_exception_cause_generated_bad_addr
 .text          0x00000000002020bc        0x0 /home/quartus/altera/15.1/nios2eds/bin/gnu/H-x86_64-pc-linux-gnu/bin/../lib/gcc/nios2-elf/4.9.2/../../../../../H-x86_64-pc-linux-gnu/nios2-elf/lib/libc.a(lib_a-atexit.o)
 .text.atexit   0x00000000002020bc       0x14 /home/quartus/altera/15.1/nios2eds/bin/gnu/H-x86_64-pc-linux-gnu/bin/../lib/gcc/nios2-elf/4.9.2/../../../../../H-x86_64-pc-linux-gnu/nios2-elf/lib/libc.a(lib_a-atexit.o)
                0x00000000002020bc                atexit
 .text          0x00000000002020d0        0x0 /home/quartus/altera/15.1/nios2eds/bin/gnu/H-x86_64-pc-linux-gnu/bin/../lib/gcc/nios2-elf/4.9.2/../../../../../H-x86_64-pc-linux-gnu/nios2-elf/lib/libc.a(lib_a-exit.o)
 .text.exit     0x00000000002020d0       0x38 /home/quartus/altera/15.1/nios2eds/bin/gnu/H-x86_64-pc-linux-gnu/bin/../lib/gcc/nios2-elf/4.9.2/../../../../../H-x86_64-pc-linux-gnu/nios2-elf/lib/libc.a(lib_a-exit.o)
                0x00000000002020d0                exit
 .text          0x0000000000202108        0x0 /home/quartus/altera/15.1/nios2eds/bin/gnu/H-x86_64-pc-linux-gnu/bin/../lib/gcc/nios2-elf/4.9.2/../../../../../H-x86_64-pc-linux-gnu/nios2-elf/lib/libc.a(lib_a-impure.o)
 .text          0x0000000000202108        0x0 /home/quartus/altera/15.1/nios2eds/bin/gnu/H-x86_64-pc-linux-gnu/bin/../lib/gcc/nios2-elf/4.9.2/../../../../../H-x86_64-pc-linux-gnu/nios2-elf/lib/libc.a(lib_a-int_errno.o)
 .text          0x0000000000202108        0x0 /home/quartus/altera/15.1/nios2eds/bin/gnu/H-x86_64-pc-linux-gnu/bin/../lib/gcc/nios2-elf/4.9.2/../../../../../H-x86_64-pc-linux-gnu/nios2-elf/lib/libc.a(lib_a-memcmp.o)
 .text.memcmp   0x0000000000202108       0x7c /home/quartus/altera/15.1/nios2eds/bin/gnu/H-x86_64-pc-linux-gnu/bin/../lib/gcc/nios2-elf/4.9.2/../../../../../H-x86_64-pc-linux-gnu/nios2-elf/lib/libc.a(lib_a-memcmp.o)
                0x0000000000202108                memcmp
 .text          0x0000000000202184        0x0 /home/quartus/altera/15.1/nios2eds/bin/gnu/H-x86_64-pc-linux-gnu/bin/../lib/gcc/nios2-elf/4.9.2/../../../../../H-x86_64-pc-linux-gnu/nios2-elf/lib/libc.a(lib_a-memcpy.o)
 .text.memcpy   0x0000000000202184      0x138 /home/quartus/altera/15.1/nios2eds/bin/gnu/H-x86_64-pc-linux-gnu/bin/../lib/gcc/nios2-elf/4.9.2/../../../../../H-x86_64-pc-linux-gnu/nios2-elf/lib/libc.a(lib_a-memcpy.o)
                0x0000000000202184                memcpy
 .text          0x00000000002022bc        0x0 /home/quartus/altera/15.1/nios2eds/bin/gnu/H-x86_64-pc-linux-gnu/bin/../lib/gcc/nios2-elf/4.9.2/../../../../../H-x86_64-pc-linux-gnu/nios2-elf/lib/libc.a(lib_a-strlen.o)
 .text.strlen   0x00000000002022bc       0x98 /home/quartus/altera/15.1/nios2eds/bin/gnu/H-x86_64-pc-linux-gnu/bin/../lib/gcc/nios2-elf/4.9.2/../../../../../H-x86_64-pc-linux-gnu/nios2-elf/lib/libc.a(lib_a-strlen.o)
                0x00000000002022bc                strlen
 .text          0x0000000000202354        0x0 /home/quartus/altera/15.1/nios2eds/bin/gnu/H-x86_64-pc-linux-gnu/bin/../lib/gcc/nios2-elf/4.9.2/../../../../../H-x86_64-pc-linux-gnu/nios2-elf/lib/libc.a(lib_a-__atexit.o)
 .text.__register_exitproc
                0x0000000000202354      0x114 /home/quartus/altera/15.1/nios2eds/bin/gnu/H-x86_64-pc-linux-gnu/bin/../lib/gcc/nios2-elf/4.9.2/../../../../../H-x86_64-pc-linux-gnu/nios2-elf/lib/libc.a(lib_a-__atexit.o)
                0x0000000000202354                __register_exitproc
 .text          0x0000000000202468        0x0 /home/quartus/altera/15.1/nios2eds/bin/gnu/H-x86_64-pc-linux-gnu/bin/../lib/gcc/nios2-elf/4.9.2/../../../../../H-x86_64-pc-linux-gnu/nios2-elf/lib/libc.a(lib_a-__call_atexit.o)
 .text.__call_exitprocs
                0x0000000000202468      0x194 /home/quartus/altera/15.1/nios2eds/bin/gnu/H-x86_64-pc-linux-gnu/bin/../lib/gcc/nios2-elf/4.9.2/../../../../../H-x86_64-pc-linux-gnu/nios2-elf/lib/libc.a(lib_a-__call_atexit.o)
                0x0000000000202468                __call_exitprocs
 .text          0x00000000002025fc       0x34 ../OAO_bsp//libhal_bsp.a(alt_exit.o)
                0x00000000002025fc                _exit
 *(.gnu.warning.*)
 *(.fini)
                0x0000000000202630                PROVIDE (__etext, ABSOLUTE (.))
                0x0000000000202630                PROVIDE (_etext, ABSOLUTE (.))
                0x0000000000202630                PROVIDE (etext, ABSOLUTE (.))
 *(.eh_frame_hdr)
                0x0000000000202630                . = ALIGN (0x4)
                0x0000000000202630                PROVIDE (__preinit_array_start, ABSOLUTE (.))
 *(.preinit_array)
                0x0000000000202630                PROVIDE (__preinit_array_end, ABSOLUTE (.))
                0x0000000000202630                PROVIDE (__init_array_start, ABSOLUTE (.))
 *(.init_array)
                0x0000000000202630                PROVIDE (__init_array_end, ABSOLUTE (.))
                0x0000000000202630                PROVIDE (__fini_array_start, ABSOLUTE (.))
 *(.fini_array)
                0x0000000000202630                PROVIDE (__fini_array_end, ABSOLUTE (.))
 *(.eh_frame)
 *(.gcc_except_table .gcc_except_table.*)
 *(.dynamic)
                0x0000000000202630                PROVIDE (__CTOR_LIST__, ABSOLUTE (.))
 *(.ctors)
 *(SORT(.ctors.*))
                0x0000000000202630                PROVIDE (__CTOR_END__, ABSOLUTE (.))
                0x0000000000202630                PROVIDE (__DTOR_LIST__, ABSOLUTE (.))
 *(.dtors)
 *(SORT(.dtors.*))
                0x0000000000202630                PROVIDE (__DTOR_END__, ABSOLUTE (.))
 *(.jcr)
                0x0000000000202630                . = ALIGN (0x4)

.rodata         0x0000000000202630       0x28
                0x0000000000202630                PROVIDE (__ram_rodata_start, ABSOLUTE (.))
                0x0000000000202630                . = ALIGN (0x4)
 *(.rodata .rodata.* .gnu.linkonce.r.*)
 .rodata        0x0000000000202630        0xc ../OAO_bsp//libhal_bsp.a(alt_main.o)
 .rodata        0x000000000020263c        0xc ../OAO_bsp//libhal_bsp.a(alt_sys_init.o)
 .rodata        0x0000000000202648        0xc ../OAO_bsp//libhal_bsp.a(alt_dev.o)
 .rodata.str1.4
                0x0000000000202654        0x4 /home/quartus/altera/15.1/nios2eds/bin/gnu/H-x86_64-pc-linux-gnu/bin/../lib/gcc/nios2-elf/4.9.2/../../../../../H-x86_64-pc-linux-gnu/nios2-elf/lib/libc.a(lib_a-impure.o)
 *(.rodata1)
                0x0000000000202658                . = ALIGN (0x4)
                0x0000000000202658                PROVIDE (__ram_rodata_end, ABSOLUTE (.))
                0x0000000000202630                PROVIDE (__flash_rodata_start, LOADADDR (.rodata))

.rwdata         0x0000000000202658     0x1658 load address 0x0000000000203cb0
                0x0000000000202658                PROVIDE (__ram_rwdata_start, ABSOLUTE (.))
                0x0000000000202658                . = ALIGN (0x4)
 *(.got.plt)
 *(.got)
 *(.data1)
 *(.data .data.* .gnu.linkonce.d.*)
 .data          0x0000000000202658        0x0 ../OAO_bsp//obj/HAL/src/crt0.o
 .data          0x0000000000202658        0x0 obj/default/hello_world.o
 .data          0x0000000000202658        0x0 ../OAO_bsp//libhal_bsp.a(alt_load.o)
 .data          0x0000000000202658        0x0 ../OAO_bsp//libhal_bsp.a(alt_main.o)
 .data          0x0000000000202658     0x1060 ../OAO_bsp//libhal_bsp.a(alt_sys_init.o)
 .data          0x00000000002036b8        0x0 ../OAO_bsp//libhal_bsp.a(altera_avalon_jtag_uart_fd.o)
 .data          0x00000000002036b8        0x0 ../OAO_bsp//libhal_bsp.a(altera_avalon_jtag_uart_init.o)
 .data          0x00000000002036b8        0x0 ../OAO_bsp//libhal_bsp.a(altera_avalon_jtag_uart_ioctl.o)
 .data          0x00000000002036b8        0x0 ../OAO_bsp//libhal_bsp.a(altera_avalon_jtag_uart_read.o)
 .data          0x00000000002036b8        0x0 ../OAO_bsp//libhal_bsp.a(altera_avalon_jtag_uart_write.o)
 .data          0x00000000002036b8        0x0 ../OAO_bsp//libhal_bsp.a(altera_avalon_timer_sc.o)
 .data          0x00000000002036b8        0x0 ../OAO_bsp//libhal_bsp.a(alt_alarm_start.o)
 .data          0x00000000002036b8        0x0 ../OAO_bsp//libhal_bsp.a(alt_close.o)
 .data          0x00000000002036b8        0x0 ../OAO_bsp//libhal_bsp.a(alt_dcache_flush_all.o)
 .data          0x00000000002036b8      0x1a8 ../OAO_bsp//libhal_bsp.a(alt_dev.o)
                0x00000000002036b8                alt_dev_null
                0x00000000002036e0                alt_fd_list
 .data          0x0000000000203860        0x0 ../OAO_bsp//libhal_bsp.a(alt_dev_llist_insert.o)
 .data          0x0000000000203860        0x0 ../OAO_bsp//libhal_bsp.a(alt_do_ctors.o)
 .data          0x0000000000203860        0x0 ../OAO_bsp//libhal_bsp.a(alt_do_dtors.o)
 .data          0x0000000000203860        0x0 ../OAO_bsp//libhal_bsp.a(alt_errno.o)
 .data          0x0000000000203860        0x0 ../OAO_bsp//libhal_bsp.a(alt_icache_flush_all.o)
 .data          0x0000000000203860        0x0 ../OAO_bsp//libhal_bsp.a(alt_iic.o)
 .data          0x0000000000203860        0x0 ../OAO_bsp//libhal_bsp.a(alt_iic_isr_register.o)
 .data          0x0000000000203860        0x0 ../OAO_bsp//libhal_bsp.a(alt_io_redirect.o)
 .data          0x0000000000203860        0x0 ../OAO_bsp//libhal_bsp.a(alt_irq_entry.o)
 .data          0x0000000000203860        0x0 ../OAO_bsp//libhal_bsp.a(alt_irq_handler.o)
 .data          0x0000000000203860        0x0 ../OAO_bsp//libhal_bsp.a(alt_irq_vars.o)
 .data          0x0000000000203860        0x0 ../OAO_bsp//libhal_bsp.a(alt_open.o)
 .data          0x0000000000203860        0x0 ../OAO_bsp//libhal_bsp.a(alt_release_fd.o)
 .data          0x0000000000203860        0x0 ../OAO_bsp//libhal_bsp.a(alt_tick.o)
 .data          0x0000000000203860        0x0 ../OAO_bsp//libhal_bsp.a(altera_nios2_gen2_irq.o)
 .data          0x0000000000203860        0x0 ../OAO_bsp//libhal_bsp.a(alt_exception_entry.o)
 .data          0x0000000000203860        0x0 ../OAO_bsp//libhal_bsp.a(alt_find_dev.o)
 .data          0x0000000000203860        0x0 ../OAO_bsp//libhal_bsp.a(alt_find_file.o)
 .data          0x0000000000203860        0x0 ../OAO_bsp//libhal_bsp.a(alt_get_fd.o)
 .data          0x0000000000203860        0x0 ../OAO_bsp//libhal_bsp.a(alt_icache_flush.o)
 .data          0x0000000000203860        0x0 ../OAO_bsp//libhal_bsp.a(alt_instruction_exception_entry.o)
 .data          0x0000000000203860        0x0 /home/quartus/altera/15.1/nios2eds/bin/gnu/H-x86_64-pc-linux-gnu/bin/../lib/gcc/nios2-elf/4.9.2/../../../../../H-x86_64-pc-linux-gnu/nios2-elf/lib/libc.a(lib_a-atexit.o)
 .data          0x0000000000203860        0x0 /home/quartus/altera/15.1/nios2eds/bin/gnu/H-x86_64-pc-linux-gnu/bin/../lib/gcc/nios2-elf/4.9.2/../../../../../H-x86_64-pc-linux-gnu/nios2-elf/lib/libc.a(lib_a-exit.o)
 .data          0x0000000000203860        0x0 /home/quartus/altera/15.1/nios2eds/bin/gnu/H-x86_64-pc-linux-gnu/bin/../lib/gcc/nios2-elf/4.9.2/../../../../../H-x86_64-pc-linux-gnu/nios2-elf/lib/libc.a(lib_a-impure.o)
 .data.impure_data
                0x0000000000203860      0x424 /home/quartus/altera/15.1/nios2eds/bin/gnu/H-x86_64-pc-linux-gnu/bin/../lib/gcc/nios2-elf/4.9.2/../../../../../H-x86_64-pc-linux-gnu/nios2-elf/lib/libc.a(lib_a-impure.o)
 .data          0x0000000000203c84        0x0 /home/quartus/altera/15.1/nios2eds/bin/gnu/H-x86_64-pc-linux-gnu/bin/../lib/gcc/nios2-elf/4.9.2/../../../../../H-x86_64-pc-linux-gnu/nios2-elf/lib/libc.a(lib_a-int_errno.o)
 .data          0x0000000000203c84        0x0 /home/quartus/altera/15.1/nios2eds/bin/gnu/H-x86_64-pc-linux-gnu/bin/../lib/gcc/nios2-elf/4.9.2/../../../../../H-x86_64-pc-linux-gnu/nios2-elf/lib/libc.a(lib_a-memcmp.o)
 .data          0x0000000000203c84        0x0 /home/quartus/altera/15.1/nios2eds/bin/gnu/H-x86_64-pc-linux-gnu/bin/../lib/gcc/nios2-elf/4.9.2/../../../../../H-x86_64-pc-linux-gnu/nios2-elf/lib/libc.a(lib_a-memcpy.o)
 .data          0x0000000000203c84        0x0 /home/quartus/altera/15.1/nios2eds/bin/gnu/H-x86_64-pc-linux-gnu/bin/../lib/gcc/nios2-elf/4.9.2/../../../../../H-x86_64-pc-linux-gnu/nios2-elf/lib/libc.a(lib_a-strlen.o)
 .data          0x0000000000203c84        0x0 /home/quartus/altera/15.1/nios2eds/bin/gnu/H-x86_64-pc-linux-gnu/bin/../lib/gcc/nios2-elf/4.9.2/../../../../../H-x86_64-pc-linux-gnu/nios2-elf/lib/libc.a(lib_a-__atexit.o)
 .data          0x0000000000203c84        0x0 /home/quartus/altera/15.1/nios2eds/bin/gnu/H-x86_64-pc-linux-gnu/bin/../lib/gcc/nios2-elf/4.9.2/../../../../../H-x86_64-pc-linux-gnu/nios2-elf/lib/libc.a(lib_a-__call_atexit.o)
 .data          0x0000000000203c84        0x0 ../OAO_bsp//libhal_bsp.a(alt_exit.o)
                0x000000000020bc84                _gp = ABSOLUTE ((. + 0x8000))
                0x000000000020bc84                PROVIDE (gp, _gp)
 *(.rwdata .rwdata.*)
 *(.sdata .sdata.* .gnu.linkonce.s.*)
 .sdata         0x0000000000203c84       0x14 ../OAO_bsp//libhal_bsp.a(alt_dev.o)
                0x0000000000203c84                alt_fs_list
                0x0000000000203c8c                alt_dev_list
                0x0000000000203c94                alt_max_fd
 .sdata         0x0000000000203c98        0x4 ../OAO_bsp//libhal_bsp.a(alt_errno.o)
                0x0000000000203c98                alt_errno
 .sdata         0x0000000000203c9c        0x4 ../OAO_bsp//libhal_bsp.a(alt_irq_vars.o)
                0x0000000000203c9c                alt_priority_mask
 .sdata         0x0000000000203ca0        0x8 ../OAO_bsp//libhal_bsp.a(alt_tick.o)
                0x0000000000203ca0                alt_alarm_list
 .sdata._global_impure_ptr
                0x0000000000203ca8        0x4 /home/quartus/altera/15.1/nios2eds/bin/gnu/H-x86_64-pc-linux-gnu/bin/../lib/gcc/nios2-elf/4.9.2/../../../../../H-x86_64-pc-linux-gnu/nios2-elf/lib/libc.a(lib_a-impure.o)
                0x0000000000203ca8                _global_impure_ptr
 .sdata._impure_ptr
                0x0000000000203cac        0x4 /home/quartus/altera/15.1/nios2eds/bin/gnu/H-x86_64-pc-linux-gnu/bin/../lib/gcc/nios2-elf/4.9.2/../../../../../H-x86_64-pc-linux-gnu/nios2-elf/lib/libc.a(lib_a-impure.o)
                0x0000000000203cac                _impure_ptr
 *(.sdata2 .sdata2.* .gnu.linkonce.s2.*)
                0x0000000000203cb0                . = ALIGN (0x4)
                0x0000000000203cb0                _edata = ABSOLUTE (.)
                0x0000000000203cb0                PROVIDE (edata, ABSOLUTE (.))
                0x0000000000203cb0                PROVIDE (__ram_rwdata_end, ABSOLUTE (.))
                0x0000000000203cb0                PROVIDE (__flash_rwdata_start, LOADADDR (.rwdata))

.bss            0x0000000000205308      0x120
                0x0000000000205308                __bss_start = ABSOLUTE (.)
                0x0000000000205308                PROVIDE (__sbss_start, ABSOLUTE (.))
                0x0000000000205308                PROVIDE (___sbss_start, ABSOLUTE (.))
 *(.dynsbss)
 *(.sbss .sbss.* .gnu.linkonce.sb.*)
 .sbss          0x0000000000205308        0xc ../OAO_bsp//libhal_bsp.a(alt_main.o)
                0x0000000000205308                alt_argc
                0x000000000020530c                alt_argv
                0x0000000000205310                alt_envp
 .sbss          0x0000000000205314        0x4 ../OAO_bsp//libhal_bsp.a(alt_irq_vars.o)
                0x0000000000205314                alt_irq_active
 .sbss          0x0000000000205318        0x8 ../OAO_bsp//libhal_bsp.a(alt_tick.o)
                0x0000000000205318                _alt_tick_rate
                0x000000000020531c                _alt_nticks
 .sbss          0x0000000000205320        0x4 ../OAO_bsp//libhal_bsp.a(alt_instruction_exception_entry.o)
                0x0000000000205320                alt_instruction_exception_handler
 .sbss          0x0000000000205324        0x4 /home/quartus/altera/15.1/nios2eds/bin/gnu/H-x86_64-pc-linux-gnu/bin/../lib/gcc/nios2-elf/4.9.2/../../../../../H-x86_64-pc-linux-gnu/nios2-elf/lib/libc.a(lib_a-int_errno.o)
                0x0000000000205324                errno
 *(.sbss2 .sbss2.* .gnu.linkonce.sb2.*)
 *(.scommon)
                0x0000000000205328                PROVIDE (__sbss_end, ABSOLUTE (.))
                0x0000000000205328                PROVIDE (___sbss_end, ABSOLUTE (.))
 *(.dynbss)
 *(.bss .bss.* .gnu.linkonce.b.*)
 .bss           0x0000000000205328        0x0 ../OAO_bsp//obj/HAL/src/crt0.o
 .bss           0x0000000000205328        0x0 obj/default/hello_world.o
 .bss           0x0000000000205328        0x0 ../OAO_bsp//libhal_bsp.a(alt_load.o)
 .bss           0x0000000000205328        0x0 ../OAO_bsp//libhal_bsp.a(alt_main.o)
 .bss           0x0000000000205328        0x0 ../OAO_bsp//libhal_bsp.a(alt_sys_init.o)
 .bss           0x0000000000205328        0x0 ../OAO_bsp//libhal_bsp.a(altera_avalon_jtag_uart_fd.o)
 .bss           0x0000000000205328        0x0 ../OAO_bsp//libhal_bsp.a(altera_avalon_jtag_uart_init.o)
 .bss           0x0000000000205328        0x0 ../OAO_bsp//libhal_bsp.a(altera_avalon_jtag_uart_ioctl.o)
 .bss           0x0000000000205328        0x0 ../OAO_bsp//libhal_bsp.a(altera_avalon_jtag_uart_read.o)
 .bss           0x0000000000205328        0x0 ../OAO_bsp//libhal_bsp.a(altera_avalon_jtag_uart_write.o)
 .bss           0x0000000000205328        0x0 ../OAO_bsp//libhal_bsp.a(altera_avalon_timer_sc.o)
 .bss           0x0000000000205328        0x0 ../OAO_bsp//libhal_bsp.a(alt_alarm_start.o)
 .bss           0x0000000000205328        0x0 ../OAO_bsp//libhal_bsp.a(alt_close.o)
 .bss           0x0000000000205328        0x0 ../OAO_bsp//libhal_bsp.a(alt_dcache_flush_all.o)
 .bss           0x0000000000205328        0x0 ../OAO_bsp//libhal_bsp.a(alt_dev.o)
 .bss           0x0000000000205328        0x0 ../OAO_bsp//libhal_bsp.a(alt_dev_llist_insert.o)
 .bss           0x0000000000205328        0x0 ../OAO_bsp//libhal_bsp.a(alt_do_ctors.o)
 .bss           0x0000000000205328        0x0 ../OAO_bsp//libhal_bsp.a(alt_do_dtors.o)
 .bss           0x0000000000205328        0x0 ../OAO_bsp//libhal_bsp.a(alt_errno.o)
 .bss           0x0000000000205328        0x0 ../OAO_bsp//libhal_bsp.a(alt_icache_flush_all.o)
 .bss           0x0000000000205328        0x0 ../OAO_bsp//libhal_bsp.a(alt_iic.o)
 .bss           0x0000000000205328        0x0 ../OAO_bsp//libhal_bsp.a(alt_iic_isr_register.o)
 .bss           0x0000000000205328        0x0 ../OAO_bsp//libhal_bsp.a(alt_io_redirect.o)
 .bss           0x0000000000205328        0x0 ../OAO_bsp//libhal_bsp.a(alt_irq_entry.o)
 .bss           0x0000000000205328        0x0 ../OAO_bsp//libhal_bsp.a(alt_irq_handler.o)
 .bss           0x0000000000205328        0x0 ../OAO_bsp//libhal_bsp.a(alt_irq_vars.o)
 .bss           0x0000000000205328        0x0 ../OAO_bsp//libhal_bsp.a(alt_open.o)
 .bss           0x0000000000205328        0x0 ../OAO_bsp//libhal_bsp.a(alt_release_fd.o)
 .bss           0x0000000000205328        0x0 ../OAO_bsp//libhal_bsp.a(alt_tick.o)
 .bss           0x0000000000205328        0x0 ../OAO_bsp//libhal_bsp.a(altera_nios2_gen2_irq.o)
 .bss           0x0000000000205328        0x0 ../OAO_bsp//libhal_bsp.a(alt_exception_entry.o)
 .bss           0x0000000000205328        0x0 ../OAO_bsp//libhal_bsp.a(alt_find_dev.o)
 .bss           0x0000000000205328        0x0 ../OAO_bsp//libhal_bsp.a(alt_find_file.o)
 .bss           0x0000000000205328        0x0 ../OAO_bsp//libhal_bsp.a(alt_get_fd.o)
 .bss           0x0000000000205328        0x0 ../OAO_bsp//libhal_bsp.a(alt_icache_flush.o)
 .bss           0x0000000000205328        0x0 ../OAO_bsp//libhal_bsp.a(alt_instruction_exception_entry.o)
 .bss           0x0000000000205328        0x0 /home/quartus/altera/15.1/nios2eds/bin/gnu/H-x86_64-pc-linux-gnu/bin/../lib/gcc/nios2-elf/4.9.2/../../../../../H-x86_64-pc-linux-gnu/nios2-elf/lib/libc.a(lib_a-atexit.o)
 .bss           0x0000000000205328        0x0 /home/quartus/altera/15.1/nios2eds/bin/gnu/H-x86_64-pc-linux-gnu/bin/../lib/gcc/nios2-elf/4.9.2/../../../../../H-x86_64-pc-linux-gnu/nios2-elf/lib/libc.a(lib_a-exit.o)
 .bss           0x0000000000205328        0x0 /home/quartus/altera/15.1/nios2eds/bin/gnu/H-x86_64-pc-linux-gnu/bin/../lib/gcc/nios2-elf/4.9.2/../../../../../H-x86_64-pc-linux-gnu/nios2-elf/lib/libc.a(lib_a-impure.o)
 .bss           0x0000000000205328        0x0 /home/quartus/altera/15.1/nios2eds/bin/gnu/H-x86_64-pc-linux-gnu/bin/../lib/gcc/nios2-elf/4.9.2/../../../../../H-x86_64-pc-linux-gnu/nios2-elf/lib/libc.a(lib_a-int_errno.o)
 .bss           0x0000000000205328        0x0 /home/quartus/altera/15.1/nios2eds/bin/gnu/H-x86_64-pc-linux-gnu/bin/../lib/gcc/nios2-elf/4.9.2/../../../../../H-x86_64-pc-linux-gnu/nios2-elf/lib/libc.a(lib_a-memcmp.o)
 .bss           0x0000000000205328        0x0 /home/quartus/altera/15.1/nios2eds/bin/gnu/H-x86_64-pc-linux-gnu/bin/../lib/gcc/nios2-elf/4.9.2/../../../../../H-x86_64-pc-linux-gnu/nios2-elf/lib/libc.a(lib_a-memcpy.o)
 .bss           0x0000000000205328        0x0 /home/quartus/altera/15.1/nios2eds/bin/gnu/H-x86_64-pc-linux-gnu/bin/../lib/gcc/nios2-elf/4.9.2/../../../../../H-x86_64-pc-linux-gnu/nios2-elf/lib/libc.a(lib_a-strlen.o)
 .bss           0x0000000000205328        0x0 /home/quartus/altera/15.1/nios2eds/bin/gnu/H-x86_64-pc-linux-gnu/bin/../lib/gcc/nios2-elf/4.9.2/../../../../../H-x86_64-pc-linux-gnu/nios2-elf/lib/libc.a(lib_a-__atexit.o)
 .bss           0x0000000000205328        0x0 /home/quartus/altera/15.1/nios2eds/bin/gnu/H-x86_64-pc-linux-gnu/bin/../lib/gcc/nios2-elf/4.9.2/../../../../../H-x86_64-pc-linux-gnu/nios2-elf/lib/libc.a(lib_a-__call_atexit.o)
 .bss           0x0000000000205328        0x0 ../OAO_bsp//libhal_bsp.a(alt_exit.o)
 *(COMMON)
 COMMON         0x0000000000205328      0x100 ../OAO_bsp//libhal_bsp.a(alt_irq_handler.o)
                0x0000000000205328                alt_irq
                0x0000000000205428                . = ALIGN (0x4)
                0x0000000000205428                __bss_end = ABSOLUTE (.)

.sram           0x0000000000205428        0x0
                0x0000000000205428                PROVIDE (_alt_partition_sram_start, ABSOLUTE (.))
 *(.sram .sram. sram.*)
                0x0000000000205428                . = ALIGN (0x4)
                0x0000000000205428                PROVIDE (_alt_partition_sram_end, ABSOLUTE (.))
                0x0000000000205428                _end = ABSOLUTE (.)
                0x0000000000205428                end = ABSOLUTE (.)
                0x0000000000205428                __alt_stack_base = ABSOLUTE (.)
                0x0000000000205428                PROVIDE (_alt_partition_sram_load_addr, LOADADDR (.sram))

.onchip_memory  0x0000000000408240        0x0 load address 0x0000000000205428
                0x0000000000408240                PROVIDE (_alt_partition_onchip_memory_start, ABSOLUTE (.))
 *(.onchip_memory .onchip_memory. onchip_memory.*)
                0x0000000000408240                . = ALIGN (0x4)
                0x0000000000408240                PROVIDE (_alt_partition_onchip_memory_end, ABSOLUTE (.))
                0x0000000000205428                PROVIDE (_alt_partition_onchip_memory_load_addr, LOADADDR (.onchip_memory))

.stab
 *(.stab)

.stabstr
 *(.stabstr)

.stab.excl
 *(.stab.excl)

.stab.exclstr
 *(.stab.exclstr)

.stab.index
 *(.stab.index)

.stab.indexstr
 *(.stab.indexstr)

.comment        0x0000000000000000       0x23
 *(.comment)
 .comment       0x0000000000000000       0x23 obj/default/hello_world.o
                                         0x24 (size before relaxing)
 .comment       0x0000000000000000       0x24 ../OAO_bsp//libhal_bsp.a(alt_load.o)
 .comment       0x0000000000000000       0x24 ../OAO_bsp//libhal_bsp.a(alt_main.o)
 .comment       0x0000000000000000       0x24 ../OAO_bsp//libhal_bsp.a(alt_sys_init.o)
 .comment       0x0000000000000000       0x24 ../OAO_bsp//libhal_bsp.a(altera_avalon_jtag_uart_fd.o)
 .comment       0x0000000000000000       0x24 ../OAO_bsp//libhal_bsp.a(altera_avalon_jtag_uart_init.o)
 .comment       0x0000000000000000       0x24 ../OAO_bsp//libhal_bsp.a(altera_avalon_jtag_uart_ioctl.o)
 .comment       0x0000000000000000       0x24 ../OAO_bsp//libhal_bsp.a(altera_avalon_jtag_uart_read.o)
 .comment       0x0000000000000000       0x24 ../OAO_bsp//libhal_bsp.a(altera_avalon_jtag_uart_write.o)
 .comment       0x0000000000000000       0x24 ../OAO_bsp//libhal_bsp.a(altera_avalon_timer_sc.o)
 .comment       0x0000000000000000       0x24 ../OAO_bsp//libhal_bsp.a(alt_alarm_start.o)
 .comment       0x0000000000000000       0x24 ../OAO_bsp//libhal_bsp.a(alt_close.o)
 .comment       0x0000000000000000       0x24 ../OAO_bsp//libhal_bsp.a(alt_dcache_flush_all.o)
 .comment       0x0000000000000000       0x24 ../OAO_bsp//libhal_bsp.a(alt_dev.o)
 .comment       0x0000000000000000       0x24 ../OAO_bsp//libhal_bsp.a(alt_dev_llist_insert.o)
 .comment       0x0000000000000000       0x24 ../OAO_bsp//libhal_bsp.a(alt_do_ctors.o)
 .comment       0x0000000000000000       0x24 ../OAO_bsp//libhal_bsp.a(alt_do_dtors.o)
 .comment       0x0000000000000000       0x24 ../OAO_bsp//libhal_bsp.a(alt_errno.o)
 .comment       0x0000000000000000       0x24 ../OAO_bsp//libhal_bsp.a(alt_icache_flush_all.o)
 .comment       0x0000000000000000       0x24 ../OAO_bsp//libhal_bsp.a(alt_iic.o)
 .comment       0x0000000000000000       0x24 ../OAO_bsp//libhal_bsp.a(alt_iic_isr_register.o)
 .comment       0x0000000000000000       0x24 ../OAO_bsp//libhal_bsp.a(alt_io_redirect.o)
 .comment       0x0000000000000000       0x24 ../OAO_bsp//libhal_bsp.a(alt_irq_handler.o)
 .comment       0x0000000000000000       0x24 ../OAO_bsp//libhal_bsp.a(alt_irq_vars.o)
 .comment       0x0000000000000000       0x24 ../OAO_bsp//libhal_bsp.a(alt_open.o)
 .comment       0x0000000000000000       0x24 ../OAO_bsp//libhal_bsp.a(alt_release_fd.o)
 .comment       0x0000000000000000       0x24 ../OAO_bsp//libhal_bsp.a(alt_tick.o)
 .comment       0x0000000000000000       0x24 ../OAO_bsp//libhal_bsp.a(altera_nios2_gen2_irq.o)
 .comment       0x0000000000000000       0x24 ../OAO_bsp//libhal_bsp.a(alt_find_dev.o)
 .comment       0x0000000000000000       0x24 ../OAO_bsp//libhal_bsp.a(alt_find_file.o)
 .comment       0x0000000000000000       0x24 ../OAO_bsp//libhal_bsp.a(alt_get_fd.o)
 .comment       0x0000000000000000       0x24 ../OAO_bsp//libhal_bsp.a(alt_icache_flush.o)
 .comment       0x0000000000000000       0x24 ../OAO_bsp//libhal_bsp.a(alt_instruction_exception_entry.o)
 .comment       0x0000000000000000       0x24 /home/quartus/altera/15.1/nios2eds/bin/gnu/H-x86_64-pc-linux-gnu/bin/../lib/gcc/nios2-elf/4.9.2/../../../../../H-x86_64-pc-linux-gnu/nios2-elf/lib/libc.a(lib_a-atexit.o)
 .comment       0x0000000000000000       0x24 /home/quartus/altera/15.1/nios2eds/bin/gnu/H-x86_64-pc-linux-gnu/bin/../lib/gcc/nios2-elf/4.9.2/../../../../../H-x86_64-pc-linux-gnu/nios2-elf/lib/libc.a(lib_a-exit.o)
 .comment       0x0000000000000000       0x24 /home/quartus/altera/15.1/nios2eds/bin/gnu/H-x86_64-pc-linux-gnu/bin/../lib/gcc/nios2-elf/4.9.2/../../../../../H-x86_64-pc-linux-gnu/nios2-elf/lib/libc.a(lib_a-impure.o)
 .comment       0x0000000000000000       0x24 /home/quartus/altera/15.1/nios2eds/bin/gnu/H-x86_64-pc-linux-gnu/bin/../lib/gcc/nios2-elf/4.9.2/../../../../../H-x86_64-pc-linux-gnu/nios2-elf/lib/libc.a(lib_a-int_errno.o)
 .comment       0x0000000000000000       0x24 /home/quartus/altera/15.1/nios2eds/bin/gnu/H-x86_64-pc-linux-gnu/bin/../lib/gcc/nios2-elf/4.9.2/../../../../../H-x86_64-pc-linux-gnu/nios2-elf/lib/libc.a(lib_a-memcmp.o)
 .comment       0x0000000000000000       0x24 /home/quartus/altera/15.1/nios2eds/bin/gnu/H-x86_64-pc-linux-gnu/bin/../lib/gcc/nios2-elf/4.9.2/../../../../../H-x86_64-pc-linux-gnu/nios2-elf/lib/libc.a(lib_a-memcpy.o)
 .comment       0x0000000000000000       0x24 /home/quartus/altera/15.1/nios2eds/bin/gnu/H-x86_64-pc-linux-gnu/bin/../lib/gcc/nios2-elf/4.9.2/../../../../../H-x86_64-pc-linux-gnu/nios2-elf/lib/libc.a(lib_a-strlen.o)
 .comment       0x0000000000000000       0x24 /home/quartus/altera/15.1/nios2eds/bin/gnu/H-x86_64-pc-linux-gnu/bin/../lib/gcc/nios2-elf/4.9.2/../../../../../H-x86_64-pc-linux-gnu/nios2-elf/lib/libc.a(lib_a-__atexit.o)
 .comment       0x0000000000000000       0x24 /home/quartus/altera/15.1/nios2eds/bin/gnu/H-x86_64-pc-linux-gnu/bin/../lib/gcc/nios2-elf/4.9.2/../../../../../H-x86_64-pc-linux-gnu/nios2-elf/lib/libc.a(lib_a-__call_atexit.o)
 .comment       0x0000000000000000       0x24 ../OAO_bsp//libhal_bsp.a(alt_exit.o)

.debug
 *(.debug)

.line
 *(.line)

.debug_srcinfo
 *(.debug_srcinfo)

.debug_sfnames
 *(.debug_sfnames)

.debug_aranges  0x0000000000000000      0x5d8
 *(.debug_aranges)
 .debug_aranges
                0x0000000000000000       0x28 ../OAO_bsp//obj/HAL/src/crt0.o
 .debug_aranges
                0x0000000000000028       0x20 obj/default/hello_world.o
 .debug_aranges
                0x0000000000000048       0x20 ../OAO_bsp//libhal_bsp.a(alt_load.o)
 .debug_aranges
                0x0000000000000068       0x20 ../OAO_bsp//libhal_bsp.a(alt_main.o)
 .debug_aranges
                0x0000000000000088       0x20 ../OAO_bsp//libhal_bsp.a(alt_sys_init.o)
 .debug_aranges
                0x00000000000000a8       0x20 ../OAO_bsp//libhal_bsp.a(altera_avalon_jtag_uart_fd.o)
 .debug_aranges
                0x00000000000000c8       0x20 ../OAO_bsp//libhal_bsp.a(altera_avalon_jtag_uart_init.o)
 .debug_aranges
                0x00000000000000e8       0x20 ../OAO_bsp//libhal_bsp.a(altera_avalon_jtag_uart_ioctl.o)
 .debug_aranges
                0x0000000000000108       0x20 ../OAO_bsp//libhal_bsp.a(altera_avalon_jtag_uart_read.o)
 .debug_aranges
                0x0000000000000128       0x20 ../OAO_bsp//libhal_bsp.a(altera_avalon_jtag_uart_write.o)
 .debug_aranges
                0x0000000000000148       0x20 ../OAO_bsp//libhal_bsp.a(altera_avalon_timer_sc.o)
 .debug_aranges
                0x0000000000000168       0x20 ../OAO_bsp//libhal_bsp.a(alt_alarm_start.o)
 .debug_aranges
                0x0000000000000188       0x20 ../OAO_bsp//libhal_bsp.a(alt_close.o)
 .debug_aranges
                0x00000000000001a8       0x20 ../OAO_bsp//libhal_bsp.a(alt_dcache_flush_all.o)
 .debug_aranges
                0x00000000000001c8       0x20 ../OAO_bsp//libhal_bsp.a(alt_dev.o)
 .debug_aranges
                0x00000000000001e8       0x20 ../OAO_bsp//libhal_bsp.a(alt_dev_llist_insert.o)
 .debug_aranges
                0x0000000000000208       0x20 ../OAO_bsp//libhal_bsp.a(alt_do_ctors.o)
 .debug_aranges
                0x0000000000000228       0x20 ../OAO_bsp//libhal_bsp.a(alt_do_dtors.o)
 .debug_aranges
                0x0000000000000248       0x18 ../OAO_bsp//libhal_bsp.a(alt_errno.o)
 .debug_aranges
                0x0000000000000260       0x20 ../OAO_bsp//libhal_bsp.a(alt_icache_flush_all.o)
 .debug_aranges
                0x0000000000000280       0x20 ../OAO_bsp//libhal_bsp.a(alt_iic.o)
 .debug_aranges
                0x00000000000002a0       0x20 ../OAO_bsp//libhal_bsp.a(alt_iic_isr_register.o)
 .debug_aranges
                0x00000000000002c0       0x20 ../OAO_bsp//libhal_bsp.a(alt_io_redirect.o)
 .debug_aranges
                0x00000000000002e0       0x30 ../OAO_bsp//libhal_bsp.a(alt_irq_entry.o)
 .debug_aranges
                0x0000000000000310       0x20 ../OAO_bsp//libhal_bsp.a(alt_irq_handler.o)
 .debug_aranges
                0x0000000000000330       0x18 ../OAO_bsp//libhal_bsp.a(alt_irq_vars.o)
 .debug_aranges
                0x0000000000000348       0x20 ../OAO_bsp//libhal_bsp.a(alt_open.o)
 .debug_aranges
                0x0000000000000368       0x20 ../OAO_bsp//libhal_bsp.a(alt_release_fd.o)
 .debug_aranges
                0x0000000000000388       0x20 ../OAO_bsp//libhal_bsp.a(alt_tick.o)
 .debug_aranges
                0x00000000000003a8       0x20 ../OAO_bsp//libhal_bsp.a(altera_nios2_gen2_irq.o)
 .debug_aranges
                0x00000000000003c8       0x38 ../OAO_bsp//libhal_bsp.a(alt_exception_entry.o)
 .debug_aranges
                0x0000000000000400       0x20 ../OAO_bsp//libhal_bsp.a(alt_find_dev.o)
 .debug_aranges
                0x0000000000000420       0x20 ../OAO_bsp//libhal_bsp.a(alt_find_file.o)
 .debug_aranges
                0x0000000000000440       0x20 ../OAO_bsp//libhal_bsp.a(alt_get_fd.o)
 .debug_aranges
                0x0000000000000460       0x20 ../OAO_bsp//libhal_bsp.a(alt_icache_flush.o)
 .debug_aranges
                0x0000000000000480       0x28 ../OAO_bsp//libhal_bsp.a(alt_instruction_exception_entry.o)
 .debug_aranges
                0x00000000000004a8       0x20 /home/quartus/altera/15.1/nios2eds/bin/gnu/H-x86_64-pc-linux-gnu/bin/../lib/gcc/nios2-elf/4.9.2/../../../../../H-x86_64-pc-linux-gnu/nios2-elf/lib/libc.a(lib_a-atexit.o)
 .debug_aranges
                0x00000000000004c8       0x20 /home/quartus/altera/15.1/nios2eds/bin/gnu/H-x86_64-pc-linux-gnu/bin/../lib/gcc/nios2-elf/4.9.2/../../../../../H-x86_64-pc-linux-gnu/nios2-elf/lib/libc.a(lib_a-exit.o)
 .debug_aranges
                0x00000000000004e8       0x18 /home/quartus/altera/15.1/nios2eds/bin/gnu/H-x86_64-pc-linux-gnu/bin/../lib/gcc/nios2-elf/4.9.2/../../../../../H-x86_64-pc-linux-gnu/nios2-elf/lib/libc.a(lib_a-impure.o)
 .debug_aranges
                0x0000000000000500       0x18 /home/quartus/altera/15.1/nios2eds/bin/gnu/H-x86_64-pc-linux-gnu/bin/../lib/gcc/nios2-elf/4.9.2/../../../../../H-x86_64-pc-linux-gnu/nios2-elf/lib/libc.a(lib_a-int_errno.o)
 .debug_aranges
                0x0000000000000518       0x20 /home/quartus/altera/15.1/nios2eds/bin/gnu/H-x86_64-pc-linux-gnu/bin/../lib/gcc/nios2-elf/4.9.2/../../../../../H-x86_64-pc-linux-gnu/nios2-elf/lib/libc.a(lib_a-memcmp.o)
 .debug_aranges
                0x0000000000000538       0x20 /home/quartus/altera/15.1/nios2eds/bin/gnu/H-x86_64-pc-linux-gnu/bin/../lib/gcc/nios2-elf/4.9.2/../../../../../H-x86_64-pc-linux-gnu/nios2-elf/lib/libc.a(lib_a-memcpy.o)
 .debug_aranges
                0x0000000000000558       0x20 /home/quartus/altera/15.1/nios2eds/bin/gnu/H-x86_64-pc-linux-gnu/bin/../lib/gcc/nios2-elf/4.9.2/../../../../../H-x86_64-pc-linux-gnu/nios2-elf/lib/libc.a(lib_a-strlen.o)
 .debug_aranges
                0x0000000000000578       0x20 /home/quartus/altera/15.1/nios2eds/bin/gnu/H-x86_64-pc-linux-gnu/bin/../lib/gcc/nios2-elf/4.9.2/../../../../../H-x86_64-pc-linux-gnu/nios2-elf/lib/libc.a(lib_a-__atexit.o)
 .debug_aranges
                0x0000000000000598       0x20 /home/quartus/altera/15.1/nios2eds/bin/gnu/H-x86_64-pc-linux-gnu/bin/../lib/gcc/nios2-elf/4.9.2/../../../../../H-x86_64-pc-linux-gnu/nios2-elf/lib/libc.a(lib_a-__call_atexit.o)
 .debug_aranges
                0x00000000000005b8       0x20 ../OAO_bsp//libhal_bsp.a(alt_exit.o)

.debug_pubnames
 *(.debug_pubnames)

.debug_info     0x0000000000000000     0x7662
 *(.debug_info .gnu.linkonce.wi.*)
 .debug_info    0x0000000000000000       0x65 ../OAO_bsp//obj/HAL/src/crt0.o
 .debug_info    0x0000000000000065       0x8f obj/default/hello_world.o
 .debug_info    0x00000000000000f4      0x13e ../OAO_bsp//libhal_bsp.a(alt_load.o)
 .debug_info    0x0000000000000232      0x12a ../OAO_bsp//libhal_bsp.a(alt_main.o)
 .debug_info    0x000000000000035c      0x4d2 ../OAO_bsp//libhal_bsp.a(alt_sys_init.o)
 .debug_info    0x000000000000082e      0x527 ../OAO_bsp//libhal_bsp.a(altera_avalon_jtag_uart_fd.o)
 .debug_info    0x0000000000000d55      0x3a1 ../OAO_bsp//libhal_bsp.a(altera_avalon_jtag_uart_init.o)
 .debug_info    0x00000000000010f6      0x279 ../OAO_bsp//libhal_bsp.a(altera_avalon_jtag_uart_ioctl.o)
 .debug_info    0x000000000000136f      0x342 ../OAO_bsp//libhal_bsp.a(altera_avalon_jtag_uart_read.o)
 .debug_info    0x00000000000016b1      0x339 ../OAO_bsp//libhal_bsp.a(altera_avalon_jtag_uart_write.o)
 .debug_info    0x00000000000019ea      0x21f ../OAO_bsp//libhal_bsp.a(altera_avalon_timer_sc.o)
 .debug_info    0x0000000000001c09      0x2c5 ../OAO_bsp//libhal_bsp.a(alt_alarm_start.o)
 .debug_info    0x0000000000001ece      0x31a ../OAO_bsp//libhal_bsp.a(alt_close.o)
 .debug_info    0x00000000000021e8       0x9e ../OAO_bsp//libhal_bsp.a(alt_dcache_flush_all.o)
 .debug_info    0x0000000000002286      0x495 ../OAO_bsp//libhal_bsp.a(alt_dev.o)
 .debug_info    0x000000000000271b      0x1a2 ../OAO_bsp//libhal_bsp.a(alt_dev_llist_insert.o)
 .debug_info    0x00000000000028bd       0x83 ../OAO_bsp//libhal_bsp.a(alt_do_ctors.o)
 .debug_info    0x0000000000002940       0x83 ../OAO_bsp//libhal_bsp.a(alt_do_dtors.o)
 .debug_info    0x00000000000029c3       0x9f ../OAO_bsp//libhal_bsp.a(alt_errno.o)
 .debug_info    0x0000000000002a62       0x8b ../OAO_bsp//libhal_bsp.a(alt_icache_flush_all.o)
 .debug_info    0x0000000000002aed      0x349 ../OAO_bsp//libhal_bsp.a(alt_iic.o)
 .debug_info    0x0000000000002e36      0x1e8 ../OAO_bsp//libhal_bsp.a(alt_iic_isr_register.o)
 .debug_info    0x000000000000301e      0x49e ../OAO_bsp//libhal_bsp.a(alt_io_redirect.o)
 .debug_info    0x00000000000034bc       0x6e ../OAO_bsp//libhal_bsp.a(alt_irq_entry.o)
 .debug_info    0x000000000000352a      0x180 ../OAO_bsp//libhal_bsp.a(alt_irq_handler.o)
 .debug_info    0x00000000000036aa       0x88 ../OAO_bsp//libhal_bsp.a(alt_irq_vars.o)
 .debug_info    0x0000000000003732      0x3b4 ../OAO_bsp//libhal_bsp.a(alt_open.o)
 .debug_info    0x0000000000003ae6      0x2b0 ../OAO_bsp//libhal_bsp.a(alt_release_fd.o)
 .debug_info    0x0000000000003d96      0x292 ../OAO_bsp//libhal_bsp.a(alt_tick.o)
 .debug_info    0x0000000000004028       0x8b ../OAO_bsp//libhal_bsp.a(altera_nios2_gen2_irq.o)
 .debug_info    0x00000000000040b3       0x74 ../OAO_bsp//libhal_bsp.a(alt_exception_entry.o)
 .debug_info    0x0000000000004127      0x2e2 ../OAO_bsp//libhal_bsp.a(alt_find_dev.o)
 .debug_info    0x0000000000004409      0x2df ../OAO_bsp//libhal_bsp.a(alt_find_file.o)
 .debug_info    0x00000000000046e8      0x309 ../OAO_bsp//libhal_bsp.a(alt_get_fd.o)
 .debug_info    0x00000000000049f1       0xd5 ../OAO_bsp//libhal_bsp.a(alt_icache_flush.o)
 .debug_info    0x0000000000004ac6      0x1d8 ../OAO_bsp//libhal_bsp.a(alt_instruction_exception_entry.o)
 .debug_info    0x0000000000004c9e      0x10a /home/quartus/altera/15.1/nios2eds/bin/gnu/H-x86_64-pc-linux-gnu/bin/../lib/gcc/nios2-elf/4.9.2/../../../../../H-x86_64-pc-linux-gnu/nios2-elf/lib/libc.a(lib_a-atexit.o)
 .debug_info    0x0000000000004da8      0x8ef /home/quartus/altera/15.1/nios2eds/bin/gnu/H-x86_64-pc-linux-gnu/bin/../lib/gcc/nios2-elf/4.9.2/../../../../../H-x86_64-pc-linux-gnu/nios2-elf/lib/libc.a(lib_a-exit.o)
 .debug_info    0x0000000000005697      0x89f /home/quartus/altera/15.1/nios2eds/bin/gnu/H-x86_64-pc-linux-gnu/bin/../lib/gcc/nios2-elf/4.9.2/../../../../../H-x86_64-pc-linux-gnu/nios2-elf/lib/libc.a(lib_a-impure.o)
 .debug_info    0x0000000000005f36       0x83 /home/quartus/altera/15.1/nios2eds/bin/gnu/H-x86_64-pc-linux-gnu/bin/../lib/gcc/nios2-elf/4.9.2/../../../../../H-x86_64-pc-linux-gnu/nios2-elf/lib/libc.a(lib_a-int_errno.o)
 .debug_info    0x0000000000005fb9      0x113 /home/quartus/altera/15.1/nios2eds/bin/gnu/H-x86_64-pc-linux-gnu/bin/../lib/gcc/nios2-elf/4.9.2/../../../../../H-x86_64-pc-linux-gnu/nios2-elf/lib/libc.a(lib_a-memcmp.o)
 .debug_info    0x00000000000060cc      0x133 /home/quartus/altera/15.1/nios2eds/bin/gnu/H-x86_64-pc-linux-gnu/bin/../lib/gcc/nios2-elf/4.9.2/../../../../../H-x86_64-pc-linux-gnu/nios2-elf/lib/libc.a(lib_a-memcpy.o)
 .debug_info    0x00000000000061ff       0xdb /home/quartus/altera/15.1/nios2eds/bin/gnu/H-x86_64-pc-linux-gnu/bin/../lib/gcc/nios2-elf/4.9.2/../../../../../H-x86_64-pc-linux-gnu/nios2-elf/lib/libc.a(lib_a-strlen.o)
 .debug_info    0x00000000000062da      0x93f /home/quartus/altera/15.1/nios2eds/bin/gnu/H-x86_64-pc-linux-gnu/bin/../lib/gcc/nios2-elf/4.9.2/../../../../../H-x86_64-pc-linux-gnu/nios2-elf/lib/libc.a(lib_a-__atexit.o)
 .debug_info    0x0000000000006c19      0x964 /home/quartus/altera/15.1/nios2eds/bin/gnu/H-x86_64-pc-linux-gnu/bin/../lib/gcc/nios2-elf/4.9.2/../../../../../H-x86_64-pc-linux-gnu/nios2-elf/lib/libc.a(lib_a-__call_atexit.o)
 .debug_info    0x000000000000757d       0xe5 ../OAO_bsp//libhal_bsp.a(alt_exit.o)

.debug_abbrev   0x0000000000000000     0x2a84
 *(.debug_abbrev)
 .debug_abbrev  0x0000000000000000       0x12 ../OAO_bsp//obj/HAL/src/crt0.o
 .debug_abbrev  0x0000000000000012       0x42 obj/default/hello_world.o
 .debug_abbrev  0x0000000000000054       0x9f ../OAO_bsp//libhal_bsp.a(alt_load.o)
 .debug_abbrev  0x00000000000000f3       0xba ../OAO_bsp//libhal_bsp.a(alt_main.o)
 .debug_abbrev  0x00000000000001ad      0x187 ../OAO_bsp//libhal_bsp.a(alt_sys_init.o)
 .debug_abbrev  0x0000000000000334      0x127 ../OAO_bsp//libhal_bsp.a(altera_avalon_jtag_uart_fd.o)
 .debug_abbrev  0x000000000000045b      0x197 ../OAO_bsp//libhal_bsp.a(altera_avalon_jtag_uart_init.o)
 .debug_abbrev  0x00000000000005f2      0x111 ../OAO_bsp//libhal_bsp.a(altera_avalon_jtag_uart_ioctl.o)
 .debug_abbrev  0x0000000000000703      0x1ac ../OAO_bsp//libhal_bsp.a(altera_avalon_jtag_uart_read.o)
 .debug_abbrev  0x00000000000008af      0x1a8 ../OAO_bsp//libhal_bsp.a(altera_avalon_jtag_uart_write.o)
 .debug_abbrev  0x0000000000000a57      0x155 ../OAO_bsp//libhal_bsp.a(altera_avalon_timer_sc.o)
 .debug_abbrev  0x0000000000000bac      0x162 ../OAO_bsp//libhal_bsp.a(alt_alarm_start.o)
 .debug_abbrev  0x0000000000000d0e      0x11f ../OAO_bsp//libhal_bsp.a(alt_close.o)
 .debug_abbrev  0x0000000000000e2d       0x5a ../OAO_bsp//libhal_bsp.a(alt_dcache_flush_all.o)
 .debug_abbrev  0x0000000000000e87       0xd9 ../OAO_bsp//libhal_bsp.a(alt_dev.o)
 .debug_abbrev  0x0000000000000f60      0x114 ../OAO_bsp//libhal_bsp.a(alt_dev_llist_insert.o)
 .debug_abbrev  0x0000000000001074       0x79 ../OAO_bsp//libhal_bsp.a(alt_do_ctors.o)
 .debug_abbrev  0x00000000000010ed       0x79 ../OAO_bsp//libhal_bsp.a(alt_do_dtors.o)
 .debug_abbrev  0x0000000000001166       0x5a ../OAO_bsp//libhal_bsp.a(alt_errno.o)
 .debug_abbrev  0x00000000000011c0       0x42 ../OAO_bsp//libhal_bsp.a(alt_icache_flush_all.o)
 .debug_abbrev  0x0000000000001202      0x163 ../OAO_bsp//libhal_bsp.a(alt_iic.o)
 .debug_abbrev  0x0000000000001365      0x169 ../OAO_bsp//libhal_bsp.a(alt_iic_isr_register.o)
 .debug_abbrev  0x00000000000014ce      0x114 ../OAO_bsp//libhal_bsp.a(alt_io_redirect.o)
 .debug_abbrev  0x00000000000015e2       0x12 ../OAO_bsp//libhal_bsp.a(alt_irq_entry.o)
 .debug_abbrev  0x00000000000015f4      0x122 ../OAO_bsp//libhal_bsp.a(alt_irq_handler.o)
 .debug_abbrev  0x0000000000001716       0x40 ../OAO_bsp//libhal_bsp.a(alt_irq_vars.o)
 .debug_abbrev  0x0000000000001756      0x148 ../OAO_bsp//libhal_bsp.a(alt_open.o)
 .debug_abbrev  0x000000000000189e       0xde ../OAO_bsp//libhal_bsp.a(alt_release_fd.o)
 .debug_abbrev  0x000000000000197c      0x15a ../OAO_bsp//libhal_bsp.a(alt_tick.o)
 .debug_abbrev  0x0000000000001ad6       0x42 ../OAO_bsp//libhal_bsp.a(altera_nios2_gen2_irq.o)
 .debug_abbrev  0x0000000000001b18       0x12 ../OAO_bsp//libhal_bsp.a(alt_exception_entry.o)
 .debug_abbrev  0x0000000000001b2a       0xf0 ../OAO_bsp//libhal_bsp.a(alt_find_dev.o)
 .debug_abbrev  0x0000000000001c1a       0xf0 ../OAO_bsp//libhal_bsp.a(alt_find_file.o)
 .debug_abbrev  0x0000000000001d0a      0x10d ../OAO_bsp//libhal_bsp.a(alt_get_fd.o)
 .debug_abbrev  0x0000000000001e17       0x8c ../OAO_bsp//libhal_bsp.a(alt_icache_flush.o)
 .debug_abbrev  0x0000000000001ea3       0xd1 ../OAO_bsp//libhal_bsp.a(alt_instruction_exception_entry.o)
 .debug_abbrev  0x0000000000001f74       0xb8 /home/quartus/altera/15.1/nios2eds/bin/gnu/H-x86_64-pc-linux-gnu/bin/../lib/gcc/nios2-elf/4.9.2/../../../../../H-x86_64-pc-linux-gnu/nios2-elf/lib/libc.a(lib_a-atexit.o)
 .debug_abbrev  0x000000000000202c      0x1f5 /home/quartus/altera/15.1/nios2eds/bin/gnu/H-x86_64-pc-linux-gnu/bin/../lib/gcc/nios2-elf/4.9.2/../../../../../H-x86_64-pc-linux-gnu/nios2-elf/lib/libc.a(lib_a-exit.o)
 .debug_abbrev  0x0000000000002221      0x18f /home/quartus/altera/15.1/nios2eds/bin/gnu/H-x86_64-pc-linux-gnu/bin/../lib/gcc/nios2-elf/4.9.2/../../../../../H-x86_64-pc-linux-gnu/nios2-elf/lib/libc.a(lib_a-impure.o)
 .debug_abbrev  0x00000000000023b0       0x37 /home/quartus/altera/15.1/nios2eds/bin/gnu/H-x86_64-pc-linux-gnu/bin/../lib/gcc/nios2-elf/4.9.2/../../../../../H-x86_64-pc-linux-gnu/nios2-elf/lib/libc.a(lib_a-int_errno.o)
 .debug_abbrev  0x00000000000023e7       0x7f /home/quartus/altera/15.1/nios2eds/bin/gnu/H-x86_64-pc-linux-gnu/bin/../lib/gcc/nios2-elf/4.9.2/../../../../../H-x86_64-pc-linux-gnu/nios2-elf/lib/libc.a(lib_a-memcmp.o)
 .debug_abbrev  0x0000000000002466       0x9c /home/quartus/altera/15.1/nios2eds/bin/gnu/H-x86_64-pc-linux-gnu/bin/../lib/gcc/nios2-elf/4.9.2/../../../../../H-x86_64-pc-linux-gnu/nios2-elf/lib/libc.a(lib_a-memcpy.o)
 .debug_abbrev  0x0000000000002502       0x90 /home/quartus/altera/15.1/nios2eds/bin/gnu/H-x86_64-pc-linux-gnu/bin/../lib/gcc/nios2-elf/4.9.2/../../../../../H-x86_64-pc-linux-gnu/nios2-elf/lib/libc.a(lib_a-strlen.o)
 .debug_abbrev  0x0000000000002592      0x21e /home/quartus/altera/15.1/nios2eds/bin/gnu/H-x86_64-pc-linux-gnu/bin/../lib/gcc/nios2-elf/4.9.2/../../../../../H-x86_64-pc-linux-gnu/nios2-elf/lib/libc.a(lib_a-__atexit.o)
 .debug_abbrev  0x00000000000027b0      0x22e /home/quartus/altera/15.1/nios2eds/bin/gnu/H-x86_64-pc-linux-gnu/bin/../lib/gcc/nios2-elf/4.9.2/../../../../../H-x86_64-pc-linux-gnu/nios2-elf/lib/libc.a(lib_a-__call_atexit.o)
 .debug_abbrev  0x00000000000029de       0xa6 ../OAO_bsp//libhal_bsp.a(alt_exit.o)

.debug_line     0x0000000000000000     0x2a6f
 *(.debug_line)
 .debug_line    0x0000000000000000       0x72 ../OAO_bsp//obj/HAL/src/crt0.o
 .debug_line    0x0000000000000072       0x3f obj/default/hello_world.o
 .debug_line    0x00000000000000b1       0x8d ../OAO_bsp//libhal_bsp.a(alt_load.o)
 .debug_line    0x000000000000013e       0xa4 ../OAO_bsp//libhal_bsp.a(alt_main.o)
 .debug_line    0x00000000000001e2      0x151 ../OAO_bsp//libhal_bsp.a(alt_sys_init.o)
 .debug_line    0x0000000000000333      0x12f ../OAO_bsp//libhal_bsp.a(altera_avalon_jtag_uart_fd.o)
 .debug_line    0x0000000000000462      0x180 ../OAO_bsp//libhal_bsp.a(altera_avalon_jtag_uart_init.o)
 .debug_line    0x00000000000005e2      0x12e ../OAO_bsp//libhal_bsp.a(altera_avalon_jtag_uart_ioctl.o)
 .debug_line    0x0000000000000710      0x16a ../OAO_bsp//libhal_bsp.a(altera_avalon_jtag_uart_read.o)
 .debug_line    0x000000000000087a      0x16a ../OAO_bsp//libhal_bsp.a(altera_avalon_jtag_uart_write.o)
 .debug_line    0x00000000000009e4       0xfd ../OAO_bsp//libhal_bsp.a(altera_avalon_timer_sc.o)
 .debug_line    0x0000000000000ae1       0xfa ../OAO_bsp//libhal_bsp.a(alt_alarm_start.o)
 .debug_line    0x0000000000000bdb      0x16e ../OAO_bsp//libhal_bsp.a(alt_close.o)
 .debug_line    0x0000000000000d49       0x61 ../OAO_bsp//libhal_bsp.a(alt_dcache_flush_all.o)
 .debug_line    0x0000000000000daa      0x100 ../OAO_bsp//libhal_bsp.a(alt_dev.o)
 .debug_line    0x0000000000000eaa       0xd0 ../OAO_bsp//libhal_bsp.a(alt_dev_llist_insert.o)
 .debug_line    0x0000000000000f7a       0x59 ../OAO_bsp//libhal_bsp.a(alt_do_ctors.o)
 .debug_line    0x0000000000000fd3       0x59 ../OAO_bsp//libhal_bsp.a(alt_do_dtors.o)
 .debug_line    0x000000000000102c       0x51 ../OAO_bsp//libhal_bsp.a(alt_errno.o)
 .debug_line    0x000000000000107d       0x50 ../OAO_bsp//libhal_bsp.a(alt_icache_flush_all.o)
 .debug_line    0x00000000000010cd       0xef ../OAO_bsp//libhal_bsp.a(alt_iic.o)
 .debug_line    0x00000000000011bc       0xdb ../OAO_bsp//libhal_bsp.a(alt_iic_isr_register.o)
 .debug_line    0x0000000000001297      0x13b ../OAO_bsp//libhal_bsp.a(alt_io_redirect.o)
 .debug_line    0x00000000000013d2       0x6b ../OAO_bsp//libhal_bsp.a(alt_irq_entry.o)
 .debug_line    0x000000000000143d       0xaa ../OAO_bsp//libhal_bsp.a(alt_irq_handler.o)
 .debug_line    0x00000000000014e7       0x50 ../OAO_bsp//libhal_bsp.a(alt_irq_vars.o)
 .debug_line    0x0000000000001537      0x12a ../OAO_bsp//libhal_bsp.a(alt_open.o)
 .debug_line    0x0000000000001661       0xae ../OAO_bsp//libhal_bsp.a(alt_release_fd.o)
 .debug_line    0x000000000000170f       0xfe ../OAO_bsp//libhal_bsp.a(alt_tick.o)
 .debug_line    0x000000000000180d       0x51 ../OAO_bsp//libhal_bsp.a(altera_nios2_gen2_irq.o)
 .debug_line    0x000000000000185e       0xb3 ../OAO_bsp//libhal_bsp.a(alt_exception_entry.o)
 .debug_line    0x0000000000001911       0xb5 ../OAO_bsp//libhal_bsp.a(alt_find_dev.o)
 .debug_line    0x00000000000019c6       0xd1 ../OAO_bsp//libhal_bsp.a(alt_find_file.o)
 .debug_line    0x0000000000001a97       0xd5 ../OAO_bsp//libhal_bsp.a(alt_get_fd.o)
 .debug_line    0x0000000000001b6c       0x81 ../OAO_bsp//libhal_bsp.a(alt_icache_flush.o)
 .debug_line    0x0000000000001bed       0xba ../OAO_bsp//libhal_bsp.a(alt_instruction_exception_entry.o)
 .debug_line    0x0000000000001ca7       0xe4 /home/quartus/altera/15.1/nios2eds/bin/gnu/H-x86_64-pc-linux-gnu/bin/../lib/gcc/nios2-elf/4.9.2/../../../../../H-x86_64-pc-linux-gnu/nios2-elf/lib/libc.a(lib_a-atexit.o)
 .debug_line    0x0000000000001d8b      0x1f9 /home/quartus/altera/15.1/nios2eds/bin/gnu/H-x86_64-pc-linux-gnu/bin/../lib/gcc/nios2-elf/4.9.2/../../../../../H-x86_64-pc-linux-gnu/nios2-elf/lib/libc.a(lib_a-exit.o)
 .debug_line    0x0000000000001f84      0x15d /home/quartus/altera/15.1/nios2eds/bin/gnu/H-x86_64-pc-linux-gnu/bin/../lib/gcc/nios2-elf/4.9.2/../../../../../H-x86_64-pc-linux-gnu/nios2-elf/lib/libc.a(lib_a-impure.o)
 .debug_line    0x00000000000020e1       0x5c /home/quartus/altera/15.1/nios2eds/bin/gnu/H-x86_64-pc-linux-gnu/bin/../lib/gcc/nios2-elf/4.9.2/../../../../../H-x86_64-pc-linux-gnu/nios2-elf/lib/libc.a(lib_a-int_errno.o)
 .debug_line    0x000000000000213d      0x173 /home/quartus/altera/15.1/nios2eds/bin/gnu/H-x86_64-pc-linux-gnu/bin/../lib/gcc/nios2-elf/4.9.2/../../../../../H-x86_64-pc-linux-gnu/nios2-elf/lib/libc.a(lib_a-memcmp.o)
 .debug_line    0x00000000000022b0      0x182 /home/quartus/altera/15.1/nios2eds/bin/gnu/H-x86_64-pc-linux-gnu/bin/../lib/gcc/nios2-elf/4.9.2/../../../../../H-x86_64-pc-linux-gnu/nios2-elf/lib/libc.a(lib_a-memcpy.o)
 .debug_line    0x0000000000002432      0x16c /home/quartus/altera/15.1/nios2eds/bin/gnu/H-x86_64-pc-linux-gnu/bin/../lib/gcc/nios2-elf/4.9.2/../../../../../H-x86_64-pc-linux-gnu/nios2-elf/lib/libc.a(lib_a-strlen.o)
 .debug_line    0x000000000000259e      0x222 /home/quartus/altera/15.1/nios2eds/bin/gnu/H-x86_64-pc-linux-gnu/bin/../lib/gcc/nios2-elf/4.9.2/../../../../../H-x86_64-pc-linux-gnu/nios2-elf/lib/libc.a(lib_a-__atexit.o)
 .debug_line    0x00000000000027c0      0x23e /home/quartus/altera/15.1/nios2eds/bin/gnu/H-x86_64-pc-linux-gnu/bin/../lib/gcc/nios2-elf/4.9.2/../../../../../H-x86_64-pc-linux-gnu/nios2-elf/lib/libc.a(lib_a-__call_atexit.o)
 .debug_line    0x00000000000029fe       0x71 ../OAO_bsp//libhal_bsp.a(alt_exit.o)

.debug_frame    0x0000000000000000      0xb00
 *(.debug_frame)
 .debug_frame   0x0000000000000000       0x34 obj/default/hello_world.o
 .debug_frame   0x0000000000000034       0x5c ../OAO_bsp//libhal_bsp.a(alt_load.o)
 .debug_frame   0x0000000000000090       0x2c ../OAO_bsp//libhal_bsp.a(alt_main.o)
 .debug_frame   0x00000000000000bc       0x88 ../OAO_bsp//libhal_bsp.a(alt_sys_init.o)
 .debug_frame   0x0000000000000144       0xb0 ../OAO_bsp//libhal_bsp.a(altera_avalon_jtag_uart_fd.o)
 .debug_frame   0x00000000000001f4       0xa4 ../OAO_bsp//libhal_bsp.a(altera_avalon_jtag_uart_init.o)
 .debug_frame   0x0000000000000298       0x34 ../OAO_bsp//libhal_bsp.a(altera_avalon_jtag_uart_ioctl.o)
 .debug_frame   0x00000000000002cc       0x38 ../OAO_bsp//libhal_bsp.a(altera_avalon_jtag_uart_read.o)
 .debug_frame   0x0000000000000304       0x38 ../OAO_bsp//libhal_bsp.a(altera_avalon_jtag_uart_write.o)
 .debug_frame   0x000000000000033c       0x60 ../OAO_bsp//libhal_bsp.a(altera_avalon_timer_sc.o)
 .debug_frame   0x000000000000039c       0x34 ../OAO_bsp//libhal_bsp.a(alt_alarm_start.o)
 .debug_frame   0x00000000000003d0       0x60 ../OAO_bsp//libhal_bsp.a(alt_close.o)
 .debug_frame   0x0000000000000430       0x34 ../OAO_bsp//libhal_bsp.a(alt_dcache_flush_all.o)
 .debug_frame   0x0000000000000464       0x34 ../OAO_bsp//libhal_bsp.a(alt_dev.o)
 .debug_frame   0x0000000000000498       0x60 ../OAO_bsp//libhal_bsp.a(alt_dev_llist_insert.o)
 .debug_frame   0x00000000000004f8       0x38 ../OAO_bsp//libhal_bsp.a(alt_do_ctors.o)
 .debug_frame   0x0000000000000530       0x38 ../OAO_bsp//libhal_bsp.a(alt_do_dtors.o)
 .debug_frame   0x0000000000000568       0x38 ../OAO_bsp//libhal_bsp.a(alt_icache_flush_all.o)
 .debug_frame   0x00000000000005a0       0xa4 ../OAO_bsp//libhal_bsp.a(alt_iic.o)
 .debug_frame   0x0000000000000644       0x38 ../OAO_bsp//libhal_bsp.a(alt_iic_isr_register.o)
 .debug_frame   0x000000000000067c       0x60 ../OAO_bsp//libhal_bsp.a(alt_io_redirect.o)
 .debug_frame   0x00000000000006dc       0x38 ../OAO_bsp//libhal_bsp.a(alt_irq_handler.o)
 .debug_frame   0x0000000000000714       0x84 ../OAO_bsp//libhal_bsp.a(alt_open.o)
 .debug_frame   0x0000000000000798       0x34 ../OAO_bsp//libhal_bsp.a(alt_release_fd.o)
 .debug_frame   0x00000000000007cc       0x5c ../OAO_bsp//libhal_bsp.a(alt_tick.o)
 .debug_frame   0x0000000000000828       0x34 ../OAO_bsp//libhal_bsp.a(altera_nios2_gen2_irq.o)
 .debug_frame   0x000000000000085c       0x38 ../OAO_bsp//libhal_bsp.a(alt_find_dev.o)
 .debug_frame   0x0000000000000894       0x38 ../OAO_bsp//libhal_bsp.a(alt_find_file.o)
 .debug_frame   0x00000000000008cc       0x34 ../OAO_bsp//libhal_bsp.a(alt_get_fd.o)
 .debug_frame   0x0000000000000900       0x34 ../OAO_bsp//libhal_bsp.a(alt_icache_flush.o)
 .debug_frame   0x0000000000000934       0x5c ../OAO_bsp//libhal_bsp.a(alt_instruction_exception_entry.o)
 .debug_frame   0x0000000000000990       0x20 /home/quartus/altera/15.1/nios2eds/bin/gnu/H-x86_64-pc-linux-gnu/bin/../lib/gcc/nios2-elf/4.9.2/../../../../../H-x86_64-pc-linux-gnu/nios2-elf/lib/libc.a(lib_a-atexit.o)
 .debug_frame   0x00000000000009b0       0x28 /home/quartus/altera/15.1/nios2eds/bin/gnu/H-x86_64-pc-linux-gnu/bin/../lib/gcc/nios2-elf/4.9.2/../../../../../H-x86_64-pc-linux-gnu/nios2-elf/lib/libc.a(lib_a-exit.o)
 .debug_frame   0x00000000000009d8       0x20 /home/quartus/altera/15.1/nios2eds/bin/gnu/H-x86_64-pc-linux-gnu/bin/../lib/gcc/nios2-elf/4.9.2/../../../../../H-x86_64-pc-linux-gnu/nios2-elf/lib/libc.a(lib_a-memcmp.o)
 .debug_frame   0x00000000000009f8       0x30 /home/quartus/altera/15.1/nios2eds/bin/gnu/H-x86_64-pc-linux-gnu/bin/../lib/gcc/nios2-elf/4.9.2/../../../../../H-x86_64-pc-linux-gnu/nios2-elf/lib/libc.a(lib_a-memcpy.o)
 .debug_frame   0x0000000000000a28       0x20 /home/quartus/altera/15.1/nios2eds/bin/gnu/H-x86_64-pc-linux-gnu/bin/../lib/gcc/nios2-elf/4.9.2/../../../../../H-x86_64-pc-linux-gnu/nios2-elf/lib/libc.a(lib_a-strlen.o)
 .debug_frame   0x0000000000000a48       0x38 /home/quartus/altera/15.1/nios2eds/bin/gnu/H-x86_64-pc-linux-gnu/bin/../lib/gcc/nios2-elf/4.9.2/../../../../../H-x86_64-pc-linux-gnu/nios2-elf/lib/libc.a(lib_a-__atexit.o)
 .debug_frame   0x0000000000000a80       0x54 /home/quartus/altera/15.1/nios2eds/bin/gnu/H-x86_64-pc-linux-gnu/bin/../lib/gcc/nios2-elf/4.9.2/../../../../../H-x86_64-pc-linux-gnu/nios2-elf/lib/libc.a(lib_a-__call_atexit.o)
 .debug_frame   0x0000000000000ad4       0x2c ../OAO_bsp//libhal_bsp.a(alt_exit.o)

.debug_str      0x0000000000000000     0x1a5a
 *(.debug_str)
 .debug_str     0x0000000000000000       0xc9 obj/default/hello_world.o
                                        0x107 (size before relaxing)
 .debug_str     0x00000000000000c9      0x122 ../OAO_bsp//libhal_bsp.a(alt_load.o)
                                        0x1e9 (size before relaxing)
 .debug_str     0x00000000000001eb       0x70 ../OAO_bsp//libhal_bsp.a(alt_main.o)
                                        0x174 (size before relaxing)
 .debug_str     0x000000000000025b      0x1d3 ../OAO_bsp//libhal_bsp.a(alt_sys_init.o)
                                        0x360 (size before relaxing)
 .debug_str     0x000000000000042e       0xb9 ../OAO_bsp//libhal_bsp.a(altera_avalon_jtag_uart_fd.o)
                                        0x37b (size before relaxing)
 .debug_str     0x00000000000004e7       0xd1 ../OAO_bsp//libhal_bsp.a(altera_avalon_jtag_uart_init.o)
                                        0x30f (size before relaxing)
 .debug_str     0x00000000000005b8       0x4a ../OAO_bsp//libhal_bsp.a(altera_avalon_jtag_uart_ioctl.o)
                                        0x26a (size before relaxing)
 .debug_str     0x0000000000000602       0x7f ../OAO_bsp//libhal_bsp.a(altera_avalon_jtag_uart_read.o)
                                        0x2bf (size before relaxing)
 .debug_str     0x0000000000000681       0x4a ../OAO_bsp//libhal_bsp.a(altera_avalon_jtag_uart_write.o)
                                        0x2c0 (size before relaxing)
 .debug_str     0x00000000000006cb       0x6d ../OAO_bsp//libhal_bsp.a(altera_avalon_timer_sc.o)
                                        0x222 (size before relaxing)
 .debug_str     0x0000000000000738       0x59 ../OAO_bsp//libhal_bsp.a(alt_alarm_start.o)
                                        0x255 (size before relaxing)
 .debug_str     0x0000000000000791       0x44 ../OAO_bsp//libhal_bsp.a(alt_close.o)
                                        0x1e2 (size before relaxing)
 .debug_str     0x00000000000007d5       0x34 ../OAO_bsp//libhal_bsp.a(alt_dcache_flush_all.o)
                                        0x12c (size before relaxing)
 .debug_str     0x0000000000000809      0x120 ../OAO_bsp//libhal_bsp.a(alt_dev.o)
                                        0x2dc (size before relaxing)
 .debug_str     0x0000000000000929       0x34 ../OAO_bsp//libhal_bsp.a(alt_dev_llist_insert.o)
                                        0x1a3 (size before relaxing)
 .debug_str     0x000000000000095d       0x48 ../OAO_bsp//libhal_bsp.a(alt_do_ctors.o)
                                         0xb3 (size before relaxing)
 .debug_str     0x00000000000009a5       0x4c ../OAO_bsp//libhal_bsp.a(alt_do_dtors.o)
                                         0xb2 (size before relaxing)
 .debug_str     0x00000000000009f1       0x14 ../OAO_bsp//libhal_bsp.a(alt_errno.o)
                                        0x11c (size before relaxing)
 .debug_str     0x0000000000000a05       0x34 ../OAO_bsp//libhal_bsp.a(alt_icache_flush_all.o)
                                        0x12c (size before relaxing)
 .debug_str     0x0000000000000a39       0xc4 ../OAO_bsp//libhal_bsp.a(alt_iic.o)
                                        0x215 (size before relaxing)
 .debug_str     0x0000000000000afd       0x4c ../OAO_bsp//libhal_bsp.a(alt_iic_isr_register.o)
                                        0x1bf (size before relaxing)
 .debug_str     0x0000000000000b49       0x56 ../OAO_bsp//libhal_bsp.a(alt_io_redirect.o)
                                        0x2ed (size before relaxing)
 .debug_str     0x0000000000000b9f       0x3a ../OAO_bsp//libhal_bsp.a(alt_irq_handler.o)
                                        0x16e (size before relaxing)
 .debug_str     0x0000000000000bd9       0x17 ../OAO_bsp//libhal_bsp.a(alt_irq_vars.o)
                                        0x11d (size before relaxing)
 .debug_str     0x0000000000000bf0       0x2f ../OAO_bsp//libhal_bsp.a(alt_open.o)
                                        0x222 (size before relaxing)
 .debug_str     0x0000000000000c1f       0x28 ../OAO_bsp//libhal_bsp.a(alt_release_fd.o)
                                        0x1b6 (size before relaxing)
 .debug_str     0x0000000000000c47       0x4a ../OAO_bsp//libhal_bsp.a(alt_tick.o)
                                        0x229 (size before relaxing)
 .debug_str     0x0000000000000c91       0x3b ../OAO_bsp//libhal_bsp.a(altera_nios2_gen2_irq.o)
                                        0x133 (size before relaxing)
 .debug_str     0x0000000000000ccc       0x24 ../OAO_bsp//libhal_bsp.a(alt_find_dev.o)
                                        0x1c3 (size before relaxing)
 .debug_str     0x0000000000000cf0       0x26 ../OAO_bsp//libhal_bsp.a(alt_find_file.o)
                                        0x1d1 (size before relaxing)
 .debug_str     0x0000000000000d16       0x30 ../OAO_bsp//libhal_bsp.a(alt_get_fd.o)
                                        0x1f3 (size before relaxing)
 .debug_str     0x0000000000000d46       0x2c ../OAO_bsp//libhal_bsp.a(alt_icache_flush.o)
                                        0x132 (size before relaxing)
 .debug_str     0x0000000000000d72      0x48b ../OAO_bsp//libhal_bsp.a(alt_instruction_exception_entry.o)
                                        0x576 (size before relaxing)
 .debug_str     0x00000000000011fd      0x161 /home/quartus/altera/15.1/nios2eds/bin/gnu/H-x86_64-pc-linux-gnu/bin/../lib/gcc/nios2-elf/4.9.2/../../../../../H-x86_64-pc-linux-gnu/nios2-elf/lib/libc.a(lib_a-atexit.o)
                                        0x1fa (size before relaxing)
 .debug_str     0x000000000000135e      0x3ac /home/quartus/altera/15.1/nios2eds/bin/gnu/H-x86_64-pc-linux-gnu/bin/../lib/gcc/nios2-elf/4.9.2/../../../../../H-x86_64-pc-linux-gnu/nios2-elf/lib/libc.a(lib_a-exit.o)
                                        0x597 (size before relaxing)
 .debug_str     0x000000000000170a       0xc9 /home/quartus/altera/15.1/nios2eds/bin/gnu/H-x86_64-pc-linux-gnu/bin/../lib/gcc/nios2-elf/4.9.2/../../../../../H-x86_64-pc-linux-gnu/nios2-elf/lib/libc.a(lib_a-impure.o)
                                        0x58e (size before relaxing)
 .debug_str     0x00000000000017d3       0x3c /home/quartus/altera/15.1/nios2eds/bin/gnu/H-x86_64-pc-linux-gnu/bin/../lib/gcc/nios2-elf/4.9.2/../../../../../H-x86_64-pc-linux-gnu/nios2-elf/lib/libc.a(lib_a-int_errno.o)
                                        0x1b6 (size before relaxing)
 .debug_str     0x000000000000180f       0xcd /home/quartus/altera/15.1/nios2eds/bin/gnu/H-x86_64-pc-linux-gnu/bin/../lib/gcc/nios2-elf/4.9.2/../../../../../H-x86_64-pc-linux-gnu/nios2-elf/lib/libc.a(lib_a-memcmp.o)
                                        0x1bd (size before relaxing)
 .debug_str     0x00000000000018dc       0x68 /home/quartus/altera/15.1/nios2eds/bin/gnu/H-x86_64-pc-linux-gnu/bin/../lib/gcc/nios2-elf/4.9.2/../../../../../H-x86_64-pc-linux-gnu/nios2-elf/lib/libc.a(lib_a-memcpy.o)
                                        0x1e4 (size before relaxing)
 .debug_str     0x0000000000001944       0x4e /home/quartus/altera/15.1/nios2eds/bin/gnu/H-x86_64-pc-linux-gnu/bin/../lib/gcc/nios2-elf/4.9.2/../../../../../H-x86_64-pc-linux-gnu/nios2-elf/lib/libc.a(lib_a-strlen.o)
                                        0x1d0 (size before relaxing)
 .debug_str     0x0000000000001992       0x3c /home/quartus/altera/15.1/nios2eds/bin/gnu/H-x86_64-pc-linux-gnu/bin/../lib/gcc/nios2-elf/4.9.2/../../../../../H-x86_64-pc-linux-gnu/nios2-elf/lib/libc.a(lib_a-__atexit.o)
                                        0x5d6 (size before relaxing)
 .debug_str     0x00000000000019ce       0x62 /home/quartus/altera/15.1/nios2eds/bin/gnu/H-x86_64-pc-linux-gnu/bin/../lib/gcc/nios2-elf/4.9.2/../../../../../H-x86_64-pc-linux-gnu/nios2-elf/lib/libc.a(lib_a-__call_atexit.o)
                                        0x5bb (size before relaxing)
 .debug_str     0x0000000000001a30       0x2a ../OAO_bsp//libhal_bsp.a(alt_exit.o)
                                        0x128 (size before relaxing)

.debug_loc      0x0000000000000000      0x784
 *(.debug_loc)
 .debug_loc     0x0000000000000000       0x2c /home/quartus/altera/15.1/nios2eds/bin/gnu/H-x86_64-pc-linux-gnu/bin/../lib/gcc/nios2-elf/4.9.2/../../../../../H-x86_64-pc-linux-gnu/nios2-elf/lib/libc.a(lib_a-atexit.o)
 .debug_loc     0x000000000000002c       0x1e /home/quartus/altera/15.1/nios2eds/bin/gnu/H-x86_64-pc-linux-gnu/bin/../lib/gcc/nios2-elf/4.9.2/../../../../../H-x86_64-pc-linux-gnu/nios2-elf/lib/libc.a(lib_a-exit.o)
 .debug_loc     0x000000000000004a      0x126 /home/quartus/altera/15.1/nios2eds/bin/gnu/H-x86_64-pc-linux-gnu/bin/../lib/gcc/nios2-elf/4.9.2/../../../../../H-x86_64-pc-linux-gnu/nios2-elf/lib/libc.a(lib_a-memcmp.o)
 .debug_loc     0x0000000000000170      0x2a2 /home/quartus/altera/15.1/nios2eds/bin/gnu/H-x86_64-pc-linux-gnu/bin/../lib/gcc/nios2-elf/4.9.2/../../../../../H-x86_64-pc-linux-gnu/nios2-elf/lib/libc.a(lib_a-memcpy.o)
 .debug_loc     0x0000000000000412       0x47 /home/quartus/altera/15.1/nios2eds/bin/gnu/H-x86_64-pc-linux-gnu/bin/../lib/gcc/nios2-elf/4.9.2/../../../../../H-x86_64-pc-linux-gnu/nios2-elf/lib/libc.a(lib_a-strlen.o)
 .debug_loc     0x0000000000000459      0x185 /home/quartus/altera/15.1/nios2eds/bin/gnu/H-x86_64-pc-linux-gnu/bin/../lib/gcc/nios2-elf/4.9.2/../../../../../H-x86_64-pc-linux-gnu/nios2-elf/lib/libc.a(lib_a-__atexit.o)
 .debug_loc     0x00000000000005de      0x1a6 /home/quartus/altera/15.1/nios2eds/bin/gnu/H-x86_64-pc-linux-gnu/bin/../lib/gcc/nios2-elf/4.9.2/../../../../../H-x86_64-pc-linux-gnu/nios2-elf/lib/libc.a(lib_a-__call_atexit.o)

.debug_macinfo
 *(.debug_macinfo)

.debug_weaknames
 *(.debug_weaknames)

.debug_funcnames
 *(.debug_funcnames)

.debug_typenames
 *(.debug_typenames)

.debug_varnames
 *(.debug_varnames)

.debug_alt_sim_info
                0x0000000000000000       0x30
 *(.debug_alt_sim_info)
 .debug_alt_sim_info
                0x0000000000000000       0x30 ../OAO_bsp//obj/HAL/src/crt0.o
                0x0000000000400000                __alt_data_end = 0x400000
                0x0000000000400000                PROVIDE (__alt_stack_pointer, __alt_data_end)
                0x0000000000205428                PROVIDE (__alt_stack_limit, __alt_stack_base)
                0x0000000000205428                PROVIDE (__alt_heap_start, end)
                0x0000000000400000                PROVIDE (__alt_heap_limit, 0x400000)
OUTPUT(OAO.elf elf32-littlenios2)

.debug_ranges   0x0000000000000000      0x128
 .debug_ranges  0x0000000000000000       0x20 ../OAO_bsp//obj/HAL/src/crt0.o
 .debug_ranges  0x0000000000000020       0x28 ../OAO_bsp//libhal_bsp.a(alt_irq_entry.o)
 .debug_ranges  0x0000000000000048       0x10 ../OAO_bsp//libhal_bsp.a(alt_irq_handler.o)
 .debug_ranges  0x0000000000000058       0x30 ../OAO_bsp//libhal_bsp.a(alt_exception_entry.o)
 .debug_ranges  0x0000000000000088       0x18 ../OAO_bsp//libhal_bsp.a(alt_instruction_exception_entry.o)
 .debug_ranges  0x00000000000000a0       0x10 /home/quartus/altera/15.1/nios2eds/bin/gnu/H-x86_64-pc-linux-gnu/bin/../lib/gcc/nios2-elf/4.9.2/../../../../../H-x86_64-pc-linux-gnu/nios2-elf/lib/libc.a(lib_a-atexit.o)
 .debug_ranges  0x00000000000000b0       0x10 /home/quartus/altera/15.1/nios2eds/bin/gnu/H-x86_64-pc-linux-gnu/bin/../lib/gcc/nios2-elf/4.9.2/../../../../../H-x86_64-pc-linux-gnu/nios2-elf/lib/libc.a(lib_a-exit.o)
 .debug_ranges  0x00000000000000c0       0x10 /home/quartus/altera/15.1/nios2eds/bin/gnu/H-x86_64-pc-linux-gnu/bin/../lib/gcc/nios2-elf/4.9.2/../../../../../H-x86_64-pc-linux-gnu/nios2-elf/lib/libc.a(lib_a-memcmp.o)
 .debug_ranges  0x00000000000000d0       0x10 /home/quartus/altera/15.1/nios2eds/bin/gnu/H-x86_64-pc-linux-gnu/bin/../lib/gcc/nios2-elf/4.9.2/../../../../../H-x86_64-pc-linux-gnu/nios2-elf/lib/libc.a(lib_a-memcpy.o)
 .debug_ranges  0x00000000000000e0       0x10 /home/quartus/altera/15.1/nios2eds/bin/gnu/H-x86_64-pc-linux-gnu/bin/../lib/gcc/nios2-elf/4.9.2/../../../../../H-x86_64-pc-linux-gnu/nios2-elf/lib/libc.a(lib_a-strlen.o)
 .debug_ranges  0x00000000000000f0       0x10 /home/quartus/altera/15.1/nios2eds/bin/gnu/H-x86_64-pc-linux-gnu/bin/../lib/gcc/nios2-elf/4.9.2/../../../../../H-x86_64-pc-linux-gnu/nios2-elf/lib/libc.a(lib_a-__atexit.o)
 .debug_ranges  0x0000000000000100       0x28 /home/quartus/altera/15.1/nios2eds/bin/gnu/H-x86_64-pc-linux-gnu/bin/../lib/gcc/nios2-elf/4.9.2/../../../../../H-x86_64-pc-linux-gnu/nios2-elf/lib/libc.a(lib_a-__call_atexit.o)
