------------------------------------------------------------
TimeQuest Timing Analyzer Summary
------------------------------------------------------------

Type  : Slow 1200mV 85C Model Setup 'CLOCK_50'
Slack : -30.887
TNS   : -304.055

Type  : Slow 1200mV 85C Model Setup 'AUD_BCLK'
Slack : -1.763
TNS   : -138.403

Type  : Slow 1200mV 85C Model Setup 'core|pll|sd1|pll7|clk[3]'
Slack : 9995.061
TNS   : 0.000

Type  : Slow 1200mV 85C Model Hold 'AUD_BCLK'
Slack : 0.211
TNS   : 0.000

Type  : Slow 1200mV 85C Model Hold 'CLOCK_50'
Slack : 0.401
TNS   : 0.000

Type  : Slow 1200mV 85C Model Hold 'core|pll|sd1|pll7|clk[3]'
Slack : 0.402
TNS   : 0.000

Type  : Slow 1200mV 85C Model Recovery 'AUD_BCLK'
Slack : -6.231
TNS   : -4425.831

Type  : Slow 1200mV 85C Model Recovery 'CLOCK_50'
Slack : 13.158
TNS   : 0.000

Type  : Slow 1200mV 85C Model Recovery 'core|pll|sd1|pll7|clk[3]'
Slack : 14.067
TNS   : 0.000

Type  : Slow 1200mV 85C Model Removal 'CLOCK_50'
Slack : 2.164
TNS   : 0.000

Type  : Slow 1200mV 85C Model Removal 'AUD_BCLK'
Slack : 2.253
TNS   : 0.000

Type  : Slow 1200mV 85C Model Removal 'core|pll|sd1|pll7|clk[3]'
Slack : 4.106
TNS   : 0.000

Type  : Slow 1200mV 85C Model Minimum Pulse Width 'CLOCK_50'
Slack : 9.676
TNS   : 0.000

Type  : Slow 1200mV 85C Model Minimum Pulse Width 'AUD_BCLK'
Slack : 40.880
TNS   : 0.000

Type  : Slow 1200mV 85C Model Minimum Pulse Width 'core|pll|sd1|pll7|clk[3]'
Slack : 4999.710
TNS   : 0.000

Type  : Slow 1200mV 0C Model Setup 'CLOCK_50'
Slack : -27.978
TNS   : -226.301

Type  : Slow 1200mV 0C Model Setup 'AUD_BCLK'
Slack : -1.747
TNS   : -124.782

Type  : Slow 1200mV 0C Model Setup 'core|pll|sd1|pll7|clk[3]'
Slack : 9995.538
TNS   : 0.000

Type  : Slow 1200mV 0C Model Hold 'AUD_BCLK'
Slack : 0.315
TNS   : 0.000

Type  : Slow 1200mV 0C Model Hold 'CLOCK_50'
Slack : 0.353
TNS   : 0.000

Type  : Slow 1200mV 0C Model Hold 'core|pll|sd1|pll7|clk[3]'
Slack : 0.353
TNS   : 0.000

Type  : Slow 1200mV 0C Model Recovery 'AUD_BCLK'
Slack : -5.661
TNS   : -4035.955

Type  : Slow 1200mV 0C Model Recovery 'CLOCK_50'
Slack : 13.740
TNS   : 0.000

Type  : Slow 1200mV 0C Model Recovery 'core|pll|sd1|pll7|clk[3]'
Slack : 14.689
TNS   : 0.000

Type  : Slow 1200mV 0C Model Removal 'CLOCK_50'
Slack : 1.895
TNS   : 0.000

Type  : Slow 1200mV 0C Model Removal 'AUD_BCLK'
Slack : 2.205
TNS   : 0.000

Type  : Slow 1200mV 0C Model Removal 'core|pll|sd1|pll7|clk[3]'
Slack : 3.619
TNS   : 0.000

Type  : Slow 1200mV 0C Model Minimum Pulse Width 'CLOCK_50'
Slack : 9.641
TNS   : 0.000

Type  : Slow 1200mV 0C Model Minimum Pulse Width 'AUD_BCLK'
Slack : 41.068
TNS   : 0.000

Type  : Slow 1200mV 0C Model Minimum Pulse Width 'core|pll|sd1|pll7|clk[3]'
Slack : 4999.710
TNS   : 0.000

Type  : Fast 1200mV 0C Model Setup 'CLOCK_50'
Slack : -16.066
TNS   : -16.066

Type  : Fast 1200mV 0C Model Setup 'AUD_BCLK'
Slack : -0.742
TNS   : -25.118

Type  : Fast 1200mV 0C Model Setup 'core|pll|sd1|pll7|clk[3]'
Slack : 9997.561
TNS   : 0.000

Type  : Fast 1200mV 0C Model Hold 'AUD_BCLK'
Slack : -0.251
TNS   : -17.667

Type  : Fast 1200mV 0C Model Hold 'CLOCK_50'
Slack : 0.180
TNS   : 0.000

Type  : Fast 1200mV 0C Model Hold 'core|pll|sd1|pll7|clk[3]'
Slack : 0.181
TNS   : 0.000

Type  : Fast 1200mV 0C Model Recovery 'AUD_BCLK'
Slack : -2.786
TNS   : -1797.401

Type  : Fast 1200mV 0C Model Recovery 'CLOCK_50'
Slack : 16.409
TNS   : 0.000

Type  : Fast 1200mV 0C Model Recovery 'core|pll|sd1|pll7|clk[3]'
Slack : 16.752
TNS   : 0.000

Type  : Fast 1200mV 0C Model Removal 'AUD_BCLK'
Slack : 0.699
TNS   : 0.000

Type  : Fast 1200mV 0C Model Removal 'CLOCK_50'
Slack : 1.069
TNS   : 0.000

Type  : Fast 1200mV 0C Model Removal 'core|pll|sd1|pll7|clk[3]'
Slack : 2.093
TNS   : 0.000

Type  : Fast 1200mV 0C Model Minimum Pulse Width 'CLOCK_50'
Slack : 9.242
TNS   : 0.000

Type  : Fast 1200mV 0C Model Minimum Pulse Width 'AUD_BCLK'
Slack : 40.399
TNS   : 0.000

Type  : Fast 1200mV 0C Model Minimum Pulse Width 'core|pll|sd1|pll7|clk[3]'
Slack : 4999.780
TNS   : 0.000

------------------------------------------------------------
