Archive member included to satisfy reference by file (symbol)

/home/quartus/altera/15.1/nios2eds/bin/gnu/H-x86_64-pc-linux-gnu/bin/../lib/gcc/nios2-elf/4.9.2/../../../../../H-x86_64-pc-linux-gnu/nios2-elf/lib/libc.a(lib_a-puts.o)
                              obj/default/hello_world.o (puts)
/home/quartus/altera/15.1/nios2eds/bin/gnu/H-x86_64-pc-linux-gnu/bin/../lib/gcc/nios2-elf/4.9.2/../../../../../H-x86_64-pc-linux-gnu/nios2-elf/lib/libc.a(lib_a-strlen.o)
                              /home/quartus/altera/15.1/nios2eds/bin/gnu/H-x86_64-pc-linux-gnu/bin/../lib/gcc/nios2-elf/4.9.2/../../../../../H-x86_64-pc-linux-gnu/nios2-elf/lib/libc.a(lib_a-puts.o) (strlen)
/home/quartus/altera/15.1/nios2eds/bin/gnu/H-x86_64-pc-linux-gnu/bin/../lib/gcc/nios2-elf/4.9.2/../../../../../H-x86_64-pc-linux-gnu/nios2-elf/lib/libc.a(lib_a-fvwrite.o)
                              /home/quartus/altera/15.1/nios2eds/bin/gnu/H-x86_64-pc-linux-gnu/bin/../lib/gcc/nios2-elf/4.9.2/../../../../../H-x86_64-pc-linux-gnu/nios2-elf/lib/libc.a(lib_a-puts.o) (__sfvwrite_r)
/home/quartus/altera/15.1/nios2eds/bin/gnu/H-x86_64-pc-linux-gnu/bin/../lib/gcc/nios2-elf/4.9.2/../../../../../H-x86_64-pc-linux-gnu/nios2-elf/lib/libc.a(lib_a-impure.o)
                              /home/quartus/altera/15.1/nios2eds/bin/gnu/H-x86_64-pc-linux-gnu/bin/../lib/gcc/nios2-elf/4.9.2/../../../../../H-x86_64-pc-linux-gnu/nios2-elf/lib/libc.a(lib_a-puts.o) (_impure_ptr)
/home/quartus/altera/15.1/nios2eds/bin/gnu/H-x86_64-pc-linux-gnu/bin/../lib/gcc/nios2-elf/4.9.2/../../../../../H-x86_64-pc-linux-gnu/nios2-elf/lib/libc.a(lib_a-mallocr.o)
                              /home/quartus/altera/15.1/nios2eds/bin/gnu/H-x86_64-pc-linux-gnu/bin/../lib/gcc/nios2-elf/4.9.2/../../../../../H-x86_64-pc-linux-gnu/nios2-elf/lib/libc.a(lib_a-fvwrite.o) (_malloc_r)
/home/quartus/altera/15.1/nios2eds/bin/gnu/H-x86_64-pc-linux-gnu/bin/../lib/gcc/nios2-elf/4.9.2/../../../../../H-x86_64-pc-linux-gnu/nios2-elf/lib/libc.a(lib_a-memchr.o)
                              /home/quartus/altera/15.1/nios2eds/bin/gnu/H-x86_64-pc-linux-gnu/bin/../lib/gcc/nios2-elf/4.9.2/../../../../../H-x86_64-pc-linux-gnu/nios2-elf/lib/libc.a(lib_a-fvwrite.o) (memchr)
/home/quartus/altera/15.1/nios2eds/bin/gnu/H-x86_64-pc-linux-gnu/bin/../lib/gcc/nios2-elf/4.9.2/../../../../../H-x86_64-pc-linux-gnu/nios2-elf/lib/libc.a(lib_a-memcpy.o)
                              /home/quartus/altera/15.1/nios2eds/bin/gnu/H-x86_64-pc-linux-gnu/bin/../lib/gcc/nios2-elf/4.9.2/../../../../../H-x86_64-pc-linux-gnu/nios2-elf/lib/libc.a(lib_a-fvwrite.o) (memcpy)
/home/quartus/altera/15.1/nios2eds/bin/gnu/H-x86_64-pc-linux-gnu/bin/../lib/gcc/nios2-elf/4.9.2/../../../../../H-x86_64-pc-linux-gnu/nios2-elf/lib/libc.a(lib_a-memmove.o)
                              /home/quartus/altera/15.1/nios2eds/bin/gnu/H-x86_64-pc-linux-gnu/bin/../lib/gcc/nios2-elf/4.9.2/../../../../../H-x86_64-pc-linux-gnu/nios2-elf/lib/libc.a(lib_a-fvwrite.o) (memmove)
/home/quartus/altera/15.1/nios2eds/bin/gnu/H-x86_64-pc-linux-gnu/bin/../lib/gcc/nios2-elf/4.9.2/../../../../../H-x86_64-pc-linux-gnu/nios2-elf/lib/libc.a(lib_a-reallocr.o)
                              /home/quartus/altera/15.1/nios2eds/bin/gnu/H-x86_64-pc-linux-gnu/bin/../lib/gcc/nios2-elf/4.9.2/../../../../../H-x86_64-pc-linux-gnu/nios2-elf/lib/libc.a(lib_a-fvwrite.o) (_realloc_r)
/home/quartus/altera/15.1/nios2eds/bin/gnu/H-x86_64-pc-linux-gnu/bin/../lib/gcc/nios2-elf/4.9.2/../../../../../H-x86_64-pc-linux-gnu/nios2-elf/lib/libc.a(lib_a-sbrkr.o)
                              /home/quartus/altera/15.1/nios2eds/bin/gnu/H-x86_64-pc-linux-gnu/bin/../lib/gcc/nios2-elf/4.9.2/../../../../../H-x86_64-pc-linux-gnu/nios2-elf/lib/libc.a(lib_a-mallocr.o) (_sbrk_r)
/home/quartus/altera/15.1/nios2eds/bin/gnu/H-x86_64-pc-linux-gnu/bin/../lib/gcc/nios2-elf/4.9.2/../../../../../H-x86_64-pc-linux-gnu/nios2-elf/lib/libc.a(lib_a-wsetup.o)
                              /home/quartus/altera/15.1/nios2eds/bin/gnu/H-x86_64-pc-linux-gnu/bin/../lib/gcc/nios2-elf/4.9.2/../../../../../H-x86_64-pc-linux-gnu/nios2-elf/lib/libc.a(lib_a-fvwrite.o) (__swsetup_r)
/home/quartus/altera/15.1/nios2eds/bin/gnu/H-x86_64-pc-linux-gnu/bin/../lib/gcc/nios2-elf/4.9.2/../../../../../H-x86_64-pc-linux-gnu/nios2-elf/lib/libc.a(lib_a-fflush.o)
                              /home/quartus/altera/15.1/nios2eds/bin/gnu/H-x86_64-pc-linux-gnu/bin/../lib/gcc/nios2-elf/4.9.2/../../../../../H-x86_64-pc-linux-gnu/nios2-elf/lib/libc.a(lib_a-fvwrite.o) (_fflush_r)
/home/quartus/altera/15.1/nios2eds/bin/gnu/H-x86_64-pc-linux-gnu/bin/../lib/gcc/nios2-elf/4.9.2/../../../../../H-x86_64-pc-linux-gnu/nios2-elf/lib/libc.a(lib_a-findfp.o)
                              /home/quartus/altera/15.1/nios2eds/bin/gnu/H-x86_64-pc-linux-gnu/bin/../lib/gcc/nios2-elf/4.9.2/../../../../../H-x86_64-pc-linux-gnu/nios2-elf/lib/libc.a(lib_a-wsetup.o) (__sinit)
[...]
Memory Configuration

Name             Origin             Length             Attributes
sdram            0x0000000008000000 0x0000000008000000
sram             0x0000000010200000 0x0000000000200000
reset            0x0000000010408000 0x0000000000000020
onchip_memory    0x0000000010408020 0x0000000000004fe0
*default*        0x0000000000000000 0xffffffffffffffff

Linker script and memory map

LOAD ../tset_bsp//obj/HAL/src/crt0.o
LOAD obj/default/hello_world.o
LOAD /home/quartus/altera/15.1/nios2eds/bin/gnu/H-x86_64-pc-linux-gnu/bin/../lib/gcc/nios2-elf/4.9.2/../../../../../H-x86_64-pc-linux-gnu/nios2-elf/lib/libstdc++.a
LOAD /home/quartus/altera/15.1/nios2eds/bin/gnu/H-x86_64-pc-linux-gnu/bin/../lib/gcc/nios2-elf/4.9.2/../../../../../H-x86_64-pc-linux-gnu/nios2-elf/lib/libm.a
LOAD /home/quartus/altera/15.1/nios2eds/bin/gnu/H-x86_64-pc-linux-gnu/bin/../lib/gcc/nios2-elf/4.9.2/libgcc.a
START GROUP
LOAD /home/quartus/altera/15.1/nios2eds/bin/gnu/H-x86_64-pc-linux-gnu/bin/../lib/gcc/nios2-elf/4.9.2/../../../../../H-x86_64-pc-linux-gnu/nios2-elf/lib/libc.a
LOAD /home/quartus/altera/15.1/nios2eds/bin/gnu/H-x86_64-pc-linux-gnu/bin/../lib/gcc/nios2-elf/4.9.2/libgcc.a
LOAD ../tset_bsp//libhal_bsp.a
LOAD /home/quartus/altera/15.1/nios2eds/bin/gnu/H-x86_64-pc-linux-gnu/bin/../lib/gcc/nios2-elf/4.9.2/../../../../../H-x86_64-pc-linux-gnu/nios2-elf/lib/libm.a
END GROUP
LOAD /home/quartus/altera/15.1/nios2eds/bin/gnu/H-x86_64-pc-linux-gnu/bin/../lib/gcc/nios2-elf/4.9.2/libgcc.a
                0x0000000008000000                __alt_mem_sdram = 0x8000000
                0x0000000010200000                __alt_mem_sram = 0x10200000
                0x0000000010408000                __alt_mem_onchip_memory = 0x10408000

.entry          0x0000000010408000       0x20
 *(.entry)
 .entry         0x0000000010408000       0x20 ../tset_bsp//obj/HAL/src/crt0.o
                0x0000000010408000                __reset

.exceptions     0x0000000010408020      0x220 load address 0x0000000008000000
                0x0000000010408020                PROVIDE (__ram_exceptions_start, ABSOLUTE (.))
                0x0000000010408020                . = ALIGN (0x20)
 *(.irq)
 *(.exceptions.entry.label)
 .exceptions.entry.label
                0x0000000010408020        0x0 ../tset_bsp//libhal_bsp.a(alt_irq_entry.o)
                0x0000000010408020                alt_irq_entry
 .exceptions.entry.label
                0x0000000010408020        0x0 ../tset_bsp//libhal_bsp.a(alt_exception_entry.o)
                0x0000000010408020                alt_exception
 *(.exceptions.entry.user)
 *(.exceptions.entry.ecc_fatal)
 *(.exceptions.entry)
 .exceptions.entry
                0x0000000010408020       0x54 ../tset_bsp//libhal_bsp.a(alt_exception_entry.o)
 *(.exceptions.irqtest.user)
 *(.exceptions.irqtest)
 .exceptions.irqtest
                0x0000000010408074       0x10 ../tset_bsp//libhal_bsp.a(alt_irq_entry.o)
 *(.exceptions.irqhandler.user)
 *(.exceptions.irqhandler)
 .exceptions.irqhandler
                0x0000000010408084        0x4 ../tset_bsp//libhal_bsp.a(alt_irq_entry.o)
 *(.exceptions.irqreturn.user)
 *(.exceptions.irqreturn)
 .exceptions.irqreturn
                0x0000000010408088        0x4 ../tset_bsp//libhal_bsp.a(alt_irq_entry.o)
 *(.exceptions.notirq.label)
 .exceptions.notirq.label
                0x000000001040808c        0x0 ../tset_bsp//libhal_bsp.a(alt_irq_entry.o)
 *(.exceptions.notirq.user)
 *(.exceptions.notirq)
 .exceptions.notirq
                0x000000001040808c        0x8 ../tset_bsp//libhal_bsp.a(alt_exception_entry.o)
 *(.exceptions.soft.user)
 *(.exceptions.soft)
 *(.exceptions.unknown.user)
 *(.exceptions.unknown)
 .exceptions.unknown
                0x0000000010408094       0x14 ../tset_bsp//libhal_bsp.a(alt_exception_entry.o)
 *(.exceptions.exit.label)
 .exceptions.exit.label
                0x00000000104080a8        0x0 ../tset_bsp//libhal_bsp.a(alt_irq_entry.o)
 .exceptions.exit.label
                0x00000000104080a8        0x0 ../tset_bsp//libhal_bsp.a(alt_exception_entry.o)
 *(.exceptions.exit.user)
 *(.exceptions.exit)
 .exceptions.exit
                0x00000000104080a8       0x54 ../tset_bsp//libhal_bsp.a(alt_exception_entry.o)
 *(.exceptions)
 .exceptions    0x00000000104080fc       0xd0 ../tset_bsp//libhal_bsp.a(alt_irq_handler.o)
                0x00000000104080fc                alt_irq_handler
 .exceptions    0x00000000104081cc       0x74 ../tset_bsp//libhal_bsp.a(alt_instruction_exception_entry.o)
                0x00000000104081cc                alt_instruction_exception_entry
                0x0000000010408240                PROVIDE (__ram_exceptions_end, ABSOLUTE (.))
                0x0000000008000000                PROVIDE (__flash_exceptions_start, LOADADDR (.exceptions))

.text           0x0000000008000220     0x6ee8
                0x0000000008000220                PROVIDE (stext, ABSOLUTE (.))
 *(.interp)
 *(.hash)
 *(.dynsym)
 *(.dynstr)
 *(.gnu.version)
 *(.gnu.version_d)
 *(.gnu.version_r)
 *(.rel.init)
 *(.rela.init)
 *(.rel.text .rel.text.* .rel.gnu.linkonce.t.*)
 *(.rela.text .rela.text.* .rela.gnu.linkonce.t.*)
 *(.rel.fini)
 *(.rela.fini)
 *(.rel.rodata .rel.rodata.* .rel.gnu.linkonce.r.*)
 *(.rela.rodata .rela.rodata.* .rela.gnu.linkonce.r.*)
 *(.rel.data .rel.data.* .rel.gnu.linkonce.d.*)
 *(.rela.data .rela.data.* .rela.gnu.linkonce.d.*)
 *(.rel.tdata .rel.tdata.* .rel.gnu.linkonce.td.*)
 *(.rela.tdata .rela.tdata.* .rela.gnu.linkonce.td.*)
 *(.rel.tbss .rel.tbss.* .rel.gnu.linkonce.tb.*)
 *(.rela.tbss .rela.tbss.* .rela.gnu.linkonce.tb.*)
 *(.rel.ctors)
 *(.rela.ctors)
 *(.rel.dtors)
 *(.rela.dtors)
 *(.rel.got)
 *(.rela.got)
 *(.rel.sdata .rel.sdata.* .rel.gnu.linkonce.s.*)
 *(.rela.sdata .rela.sdata.* .rela.gnu.linkonce.s.*)
 *(.rel.sbss .rel.sbss.* .rel.gnu.linkonce.sb.*)
 *(.rela.sbss .rela.sbss.* .rela.gnu.linkonce.sb.*)
 *(.rel.sdata2 .rel.sdata2.* .rel.gnu.linkonce.s2.*)
 *(.rela.sdata2 .rela.sdata2.* .rela.gnu.linkonce.s2.*)
 *(.rel.sbss2 .rel.sbss2.* .rel.gnu.linkonce.sb2.*)
 *(.rela.sbss2 .rela.sbss2.* .rela.gnu.linkonce.sb2.*)
 *(.rel.bss .rel.bss.* .rel.gnu.linkonce.b.*)
 *(.rela.bss .rela.bss.* .rela.gnu.linkonce.b.*)
 *(.rel.plt)
 *(.rela.plt)
 *(.rel.dyn)
 *(.init)
 *(.plt)
 *(.text .stub .text.* .gnu.linkonce.t.*)
 .text          0x0000000008000220       0x4c ../tset_bsp//obj/HAL/src/crt0.o
                0x0000000008000220                _start
 .text          0x000000000800026c       0x34 obj/default/hello_world.o
                0x000000000800026c                main
 .text          0x00000000080002a0        0x0 /home/quartus/altera/15.1/nios2eds/bin/gnu/H-x86_64-pc-linux-gnu/bin/../lib/gcc/nios2-elf/4.9.2/../../../../../H-x86_64-pc-linux-gnu/nios2-elf/lib/libc.a(lib_a-puts.o)
 .text._puts_r  0x00000000080002a0       0xa8 /home/quartus/altera/15.1/nios2eds/bin/gnu/H-x86_64-pc-linux-gnu/bin/../lib/gcc/nios2-elf/4.9.2/../../../../../H-x86_64-pc-linux-gnu/nios2-elf/lib/libc.a(lib_a-puts.o)
                0x00000000080002a0                _puts_r
 .text.puts     0x0000000008000348       0x14 /home/quartus/altera/15.1/nios2eds/bin/gnu/H-x86_64-pc-linux-gnu/bin/../lib/gcc/nios2-elf/4.9.2/../../../../../H-x86_64-pc-linux-gnu/nios2-elf/lib/libc.a(lib_a-puts.o)
                0x0000000008000348                puts
 .text          0x000000000800035c        0x0 /home/quartus/altera/15.1/nios2eds/bin/gnu/H-x86_64-pc-linux-gnu/bin/../lib/gcc/nios2-elf/4.9.2/../../../../../H-x86_64-pc-linux-gnu/nios2-elf/lib/libc.a(lib_a-strlen.o)
 .text.strlen   0x000000000800035c       0x98 /home/quartus/altera/15.1/nios2eds/bin/gnu/H-x86_64-pc-linux-gnu/bin/../lib/gcc/nios2-elf/4.9.2/../../../../../H-x86_64-pc-linux-gnu/nios2-elf/lib/libc.a(lib_a-strlen.o)
                0x000000000800035c                strlen
 .text          0x00000000080003f4        0x0 /home/quartus/altera/15.1/nios2eds/bin/gnu/H-x86_64-pc-linux-gnu/bin/../lib/gcc/nios2-elf/4.9.2/../../../../../H-x86_64-pc-linux-gnu/nios2-elf/lib/libc.a(lib_a-fvwrite.o)
 .text.__sfvwrite_r
                0x00000000080003f4      0x4c0 /home/quartus/altera/15.1/nios2eds/bin/gnu/H-x86_64-pc-linux-gnu/bin/../lib/gcc/nios2-elf/4.9.2/../../../../../H-x86_64-pc-linux-gnu/nios2-elf/lib/libc.a(lib_a-fvwrite.o)
                0x00000000080003f4                __sfvwrite_r
 .text          0x00000000080008b4        0x0 /home/quartus/altera/15.1/nios2eds/bin/gnu/H-x86_64-pc-linux-gnu/bin/../lib/gcc/nios2-elf/4.9.2/../../../../../H-x86_64-pc-linux-gnu/nios2-elf/lib/libc.a(lib_a-impure.o)
 .text          0x00000000080008b4        0x0 /home/quartus/altera/15.1/nios2eds/bin/gnu/H-x86_64-pc-linux-gnu/bin/../lib/gcc/nios2-elf/4.9.2/../../../../../H-x86_64-pc-linux-gnu/nios2-elf/lib/libc.a(lib_a-mallocr.o)
 .text._malloc_r
                0x00000000080008b4      0x7a8 /home/quartus/altera/15.1/nios2eds/bin/gnu/H-x86_64-pc-linux-gnu/bin/../lib/gcc/nios2-elf/4.9.2/../../../../../H-x86_64-pc-linux-gnu/nios2-elf/lib/libc.a(lib_a-mallocr.o)
                0x00000000080008b4                _malloc_r
 .text          0x000000000800105c        0x0 /home/quartus/altera/15.1/nios2eds/bin/gnu/H-x86_64-pc-linux-gnu/bin/../lib/gcc/nios2-elf/4.9.2/../../../../../H-x86_64-pc-linux-gnu/nios2-elf/lib/libc.a(lib_a-memchr.o)
 .text.memchr   0x000000000800105c       0xe8 /home/quartus/altera/15.1/nios2eds/bin/gnu/H-x86_64-pc-linux-gnu/bin/../lib/gcc/nios2-elf/4.9.2/../../../../../H-x86_64-pc-linux-gnu/nios2-elf/lib/libc.a(lib_a-memchr.o)
                0x000000000800105c                memchr
 .text          0x0000000008001144        0x0 /home/quartus/altera/15.1/nios2eds/bin/gnu/H-x86_64-pc-linux-gnu/bin/../lib/gcc/nios2-elf/4.9.2/../../../../../H-x86_64-pc-linux-gnu/nios2-elf/lib/libc.a(lib_a-memcpy.o)
 .text.memcpy   0x0000000008001144      0x138 /home/quartus/altera/15.1/nios2eds/bin/gnu/H-x86_64-pc-linux-gnu/bin/../lib/gcc/nios2-elf/4.9.2/../../../../../H-x86_64-pc-linux-gnu/nios2-elf/lib/libc.a(lib_a-memcpy.o)
                0x0000000008001144                memcpy
 .text          0x000000000800127c        0x0 /home/quartus/altera/15.1/nios2eds/bin/gnu/H-x86_64-pc-linux-gnu/bin/../lib/gcc/nios2-elf/4.9.2/../../../../../H-x86_64-pc-linux-gnu/nios2-elf/lib/libc.a(lib_a-memmove.o)
 .text.memmove  0x000000000800127c      0x15c /home/quartus/altera/15.1/nios2eds/bin/gnu/H-x86_64-pc-linux-gnu/bin/../lib/gcc/nios2-elf/4.9.2/../../../../../H-x86_64-pc-linux-gnu/nios2-elf/lib/libc.a(lib_a-memmove.o)
                0x000000000800127c                memmove
 .text          0x00000000080013d8        0x0 /home/quartus/altera/15.1/nios2eds/bin/gnu/H-x86_64-pc-linux-gnu/bin/../lib/gcc/nios2-elf/4.9.2/../../../../../H-x86_64-pc-linux-gnu/nios2-elf/lib/libc.a(lib_a-reallocr.o)
 .text._realloc_r
                0x00000000080013d8      0x568 /home/quartus/altera/15.1/nios2eds/bin/gnu/H-x86_64-pc-linux-gnu/bin/../lib/gcc/nios2-elf/4.9.2/../../../../../H-x86_64-pc-linux-gnu/nios2-elf/lib/libc.a(lib_a-reallocr.o)
                0x00000000080013d8                _realloc_r
 .text          0x0000000008001940        0x0 /home/quartus/altera/15.1/nios2eds/bin/gnu/H-x86_64-pc-linux-gnu/bin/../lib/gcc/nios2-elf/4.9.2/../../../../../H-x86_64-pc-linux-gnu/nios2-elf/lib/libc.a(lib_a-sbrkr.o)
 .text._sbrk_r  0x0000000008001940       0x54 /home/quartus/altera/15.1/nios2eds/bin/gnu/H-x86_64-pc-linux-gnu/bin/../lib/gcc/nios2-elf/4.9.2/../../../../../H-x86_64-pc-linux-gnu/nios2-elf/lib/libc.a(lib_a-sbrkr.o)
                0x0000000008001940                _sbrk_r
 .text          0x0000000008001994        0x0 /home/quartus/altera/15.1/nios2eds/bin/gnu/H-x86_64-pc-linux-gnu/bin/../lib/gcc/nios2-elf/4.9.2/../../../../../H-x86_64-pc-linux-gnu/nios2-elf/lib/libc.a(lib_a-wsetup.o)
 .text.__swsetup_r
                0x0000000008001994      0x154 /home/quartus/altera/15.1/nios2eds/bin/gnu/H-x86_64-pc-linux-gnu/bin/../lib/gcc/nios2-elf/4.9.2/../../../../../H-x86_64-pc-linux-gnu/nios2-elf/lib/libc.a(lib_a-wsetup.o)
                0x0000000008001994                __swsetup_r
 .text          0x0000000008001ae8        0x0 /home/quartus/altera/15.1/nios2eds/bin/gnu/H-x86_64-pc-linux-gnu/bin/../lib/gcc/nios2-elf/4.9.2/../../../../../H-x86_64-pc-linux-gnu/nios2-elf/lib/libc.a(lib_a-fflush.o)
 .text.__sflush_r
                0x0000000008001ae8      0x208 /home/quartus/altera/15.1/nios2eds/bin/gnu/H-x86_64-pc-linux-gnu/bin/../lib/gcc/nios2-elf/4.9.2/../../../../../H-x86_64-pc-linux-gnu/nios2-elf/lib/libc.a(lib_a-fflush.o)
                0x0000000008001ae8                __sflush_r
 .text._fflush_r
                0x0000000008001cf0       0x5c /home/quartus/altera/15.1/nios2eds/bin/gnu/H-x86_64-pc-linux-gnu/bin/../lib/gcc/nios2-elf/4.9.2/../../../../../H-x86_64-pc-linux-gnu/nios2-elf/lib/libc.a(lib_a-fflush.o)
                0x0000000008001cf0                _fflush_r
 .text.fflush   0x0000000008001d4c       0x30 /home/quartus/altera/15.1/nios2eds/bin/gnu/H-x86_64-pc-linux-gnu/bin/../lib/gcc/nios2-elf/4.9.2/../../../../../H-x86_64-pc-linux-gnu/nios2-elf/lib/libc.a(lib_a-fflush.o)
                0x0000000008001d4c                fflush
 .text          0x0000000008001d7c        0x0 /home/quartus/altera/15.1/nios2eds/bin/gnu/H-x86_64-pc-linux-gnu/bin/../lib/gcc/nios2-elf/4.9.2/../../../../../H-x86_64-pc-linux-gnu/nios2-elf/lib/libc.a(lib_a-findfp.o)
 .text.__fp_lock
                0x0000000008001d7c        0x8 /home/quartus/altera/15.1/nios2eds/bin/gnu/H-x86_64-pc-linux-gnu/bin/../lib/gcc/nios2-elf/4.9.2/../../../../../H-x86_64-pc-linux-gnu/nios2-elf/lib/libc.a(lib_a-findfp.o)
 .text.__fp_unlock
                0x0000000008001d84        0x8 /home/quartus/altera/15.1/nios2eds/bin/gnu/H-x86_64-pc-linux-gnu/bin/../lib/gcc/nios2-elf/4.9.2/../../../../../H-x86_64-pc-linux-gnu/nios2-elf/lib/libc.a(lib_a-findfp.o)
 .text._cleanup_r
                0x0000000008001d8c        0xc /home/quartus/altera/15.1/nios2eds/bin/gnu/H-x86_64-pc-linux-gnu/bin/../lib/gcc/nios2-elf/4.9.2/../../../../../H-x86_64-pc-linux-gnu/nios2-elf/lib/libc.a(lib_a-findfp.o)
                0x0000000008001d8c                _cleanup_r
 .text.__sinit.part.1
                0x0000000008001d98      0x19c /home/quartus/altera/15.1/nios2eds/bin/gnu/H-x86_64-pc-linux-gnu/bin/../lib/gcc/nios2-elf/4.9.2/../../../../../H-x86_64-pc-linux-gnu/nios2-elf/lib/libc.a(lib_a-findfp.o)
 .text.__sfmoreglue
                0x0000000008001f34       0x68 /home/quartus/altera/15.1/nios2eds/bin/gnu/H-x86_64-pc-linux-gnu/bin/../lib/gcc/nios2-elf/4.9.2/../../../../../H-x86_64-pc-linux-gnu/nios2-elf/lib/libc.a(lib_a-findfp.o)
                0x0000000008001f34                __sfmoreglue
 .text.__sfp    0x0000000008001f9c      0x118 /home/quartus/altera/15.1/nios2eds/bin/gnu/H-x86_64-pc-linux-gnu/bin/../lib/gcc/nios2-elf/4.9.2/../../../../../H-x86_64-pc-linux-gnu/nios2-elf/lib/libc.a(lib_a-findfp.o)
                0x0000000008001f9c                __sfp
 .text._cleanup
                0x00000000080020b4       0x18 /home/quartus/altera/15.1/nios2eds/bin/gnu/H-x86_64-pc-linux-gnu/bin/../lib/gcc/nios2-elf/4.9.2/../../../../../H-x86_64-pc-linux-gnu/nios2-elf/lib/libc.a(lib_a-findfp.o)
                0x00000000080020b4                _cleanup
 .text.__sinit  0x00000000080020cc       0x10 /home/quartus/altera/15.1/nios2eds/bin/gnu/H-x86_64-pc-linux-gnu/bin/../lib/gcc/nios2-elf/4.9.2/../../../../../H-x86_64-pc-linux-gnu/nios2-elf/lib/libc.a(lib_a-findfp.o)
                0x00000000080020cc                __sinit
 .text.__sfp_lock_acquire
                0x00000000080020dc        0x4 /home/quartus/altera/15.1/nios2eds/bin/gnu/H-x86_64-pc-linux-gnu/bin/../lib/gcc/nios2-elf/4.9.2/../../../../../H-x86_64-pc-linux-gnu/nios2-elf/lib/libc.a(lib_a-findfp.o)
                0x00000000080020dc                __sfp_lock_acquire
 .text.__sfp_lock_release
                0x00000000080020e0        0x4 /home/quartus/altera/15.1/nios2eds/bin/gnu/H-x86_64-pc-linux-gnu/bin/../lib/gcc/nios2-elf/4.9.2/../../../../../H-x86_64-pc-linux-gnu/nios2-elf/lib/libc.a(lib_a-findfp.o)
                0x00000000080020e0                __sfp_lock_release
 .text.__sinit_lock_acquire
                0x00000000080020e4        0x4 /home/quartus/altera/15.1/nios2eds/bin/gnu/H-x86_64-pc-linux-gnu/bin/../lib/gcc/nios2-elf/4.9.2/../../../../../H-x86_64-pc-linux-gnu/nios2-elf/lib/libc.a(lib_a-findfp.o)
                0x00000000080020e4                __sinit_lock_acquire
 .text.__sinit_lock_release
                0x00000000080020e8        0x4 /home/quartus/altera/15.1/nios2eds/bin/gnu/H-x86_64-pc-linux-gnu/bin/../lib/gcc/nios2-elf/4.9.2/../../../../../H-x86_64-pc-linux-gnu/nios2-elf/lib/libc.a(lib_a-findfp.o)
                0x00000000080020e8                __sinit_lock_release
 .text.__fp_lock_all
                0x00000000080020ec       0x18 /home/quartus/altera/15.1/nios2eds/bin/gnu/H-x86_64-pc-linux-gnu/bin/../lib/gcc/nios2-elf/4.9.2/../../../../../H-x86_64-pc-linux-gnu/nios2-elf/lib/libc.a(lib_a-findfp.o)
                0x00000000080020ec                __fp_lock_all
 .text.__fp_unlock_all
                0x0000000008002104       0x18 /home/quartus/altera/15.1/nios2eds/bin/gnu/H-x86_64-pc-linux-gnu/bin/../lib/gcc/nios2-elf/4.9.2/../../../../../H-x86_64-pc-linux-gnu/nios2-elf/lib/libc.a(lib_a-findfp.o)
                0x0000000008002104                __fp_unlock_all
 .text          0x000000000800211c        0x0 /home/quartus/altera/15.1/nios2eds/bin/gnu/H-x86_64-pc-linux-gnu/bin/../lib/gcc/nios2-elf/4.9.2/../../../../../H-x86_64-pc-linux-gnu/nios2-elf/lib/libc.a(lib_a-freer.o)
 .text._malloc_trim_r
                0x000000000800211c      0x124 /home/quartus/altera/15.1/nios2eds/bin/gnu/H-x86_64-pc-linux-gnu/bin/../lib/gcc/nios2-elf/4.9.2/../../../../../H-x86_64-pc-linux-gnu/nios2-elf/lib/libc.a(lib_a-freer.o)
                0x000000000800211c                _malloc_trim_r
 .text._free_r  0x0000000008002240      0x2f0 /home/quartus/altera/15.1/nios2eds/bin/gnu/H-x86_64-pc-linux-gnu/bin/../lib/gcc/nios2-elf/4.9.2/../../../../../H-x86_64-pc-linux-gnu/nios2-elf/lib/libc.a(lib_a-freer.o)
                0x0000000008002240                _free_r
 .text          0x0000000008002530        0x0 /home/quartus/altera/15.1/nios2eds/bin/gnu/H-x86_64-pc-linux-gnu/bin/../lib/gcc/nios2-elf/4.9.2/../../../../../H-x86_64-pc-linux-gnu/nios2-elf/lib/libc.a(lib_a-fwalk.o)
 .text._fwalk   0x0000000008002530       0xc4 /home/quartus/altera/15.1/nios2eds/bin/gnu/H-x86_64-pc-linux-gnu/bin/../lib/gcc/nios2-elf/4.9.2/../../../../../H-x86_64-pc-linux-gnu/nios2-elf/lib/libc.a(lib_a-fwalk.o)
                0x0000000008002530                _fwalk
 .text._fwalk_reent
                0x00000000080025f4       0xc4 /home/quartus/altera/15.1/nios2eds/bin/gnu/H-x86_64-pc-linux-gnu/bin/../lib/gcc/nios2-elf/4.9.2/../../../../../H-x86_64-pc-linux-gnu/nios2-elf/lib/libc.a(lib_a-fwalk.o)
                0x00000000080025f4                _fwalk_reent
 .text          0x00000000080026b8        0x0 /home/quartus/altera/15.1/nios2eds/bin/gnu/H-x86_64-pc-linux-gnu/bin/../lib/gcc/nios2-elf/4.9.2/../../../../../H-x86_64-pc-linux-gnu/nios2-elf/lib/libc.a(lib_a-int_errno.o)
 .text          0x00000000080026b8        0x0 /home/quartus/altera/15.1/nios2eds/bin/gnu/H-x86_64-pc-linux-gnu/bin/../lib/gcc/nios2-elf/4.9.2/../../../../../H-x86_64-pc-linux-gnu/nios2-elf/lib/libc.a(lib_a-makebuf.o)
 .text.__smakebuf_r
                0x00000000080026b8      0x1b8 /home/quartus/altera/15.1/nios2eds/bin/gnu/H-x86_64-pc-linux-gnu/bin/../lib/gcc/nios2-elf/4.9.2/../../../../../H-x86_64-pc-linux-gnu/nios2-elf/lib/libc.a(lib_a-makebuf.o)
                0x00000000080026b8                __smakebuf_r
 .text          0x0000000008002870        0x0 /home/quartus/altera/15.1/nios2eds/bin/gnu/H-x86_64-pc-linux-gnu/bin/../lib/gcc/nios2-elf/4.9.2/../../../../../H-x86_64-pc-linux-gnu/nios2-elf/lib/libc.a(lib_a-memset.o)
 .text.memset   0x0000000008002870      0x124 /home/quartus/altera/15.1/nios2eds/bin/gnu/H-x86_64-pc-linux-gnu/bin/../lib/gcc/nios2-elf/4.9.2/../../../../../H-x86_64-pc-linux-gnu/nios2-elf/lib/libc.a(lib_a-memset.o)
                0x0000000008002870                memset
 .text          0x0000000008002994        0x0 /home/quartus/altera/15.1/nios2eds/bin/gnu/H-x86_64-pc-linux-gnu/bin/../lib/gcc/nios2-elf/4.9.2/../../../../../H-x86_64-pc-linux-gnu/nios2-elf/lib/libc.a(lib_a-stdio.o)
 .text.__sread  0x0000000008002994       0x54 /home/quartus/altera/15.1/nios2eds/bin/gnu/H-x86_64-pc-linux-gnu/bin/../lib/gcc/nios2-elf/4.9.2/../../../../../H-x86_64-pc-linux-gnu/nios2-elf/lib/libc.a(lib_a-stdio.o)
                0x0000000008002994                __sread
 .text.__seofread
                0x00000000080029e8        0x8 /home/quartus/altera/15.1/nios2eds/bin/gnu/H-x86_64-pc-linux-gnu/bin/../lib/gcc/nios2-elf/4.9.2/../../../../../H-x86_64-pc-linux-gnu/nios2-elf/lib/libc.a(lib_a-stdio.o)
                0x00000000080029e8                __seofread
 .text.__swrite
                0x00000000080029f0       0x7c /home/quartus/altera/15.1/nios2eds/bin/gnu/H-x86_64-pc-linux-gnu/bin/../lib/gcc/nios2-elf/4.9.2/../../../../../H-x86_64-pc-linux-gnu/nios2-elf/lib/libc.a(lib_a-stdio.o)
                0x00000000080029f0                __swrite
 .text.__sseek  0x0000000008002a6c       0x5c /home/quartus/altera/15.1/nios2eds/bin/gnu/H-x86_64-pc-linux-gnu/bin/../lib/gcc/nios2-elf/4.9.2/../../../../../H-x86_64-pc-linux-gnu/nios2-elf/lib/libc.a(lib_a-stdio.o)
                0x0000000008002a6c                __sseek
 .text.__sclose
                0x0000000008002ac8        0x8 /home/quartus/altera/15.1/nios2eds/bin/gnu/H-x86_64-pc-linux-gnu/bin/../lib/gcc/nios2-elf/4.9.2/../../../../../H-x86_64-pc-linux-gnu/nios2-elf/lib/libc.a(lib_a-stdio.o)
                0x0000000008002ac8                __sclose
 .text          0x0000000008002ad0        0x0 /home/quartus/altera/15.1/nios2eds/bin/gnu/H-x86_64-pc-linux-gnu/bin/../lib/gcc/nios2-elf/4.9.2/../../../../../H-x86_64-pc-linux-gnu/nios2-elf/lib/libc.a(lib_a-writer.o)
 .text._write_r
                0x0000000008002ad0       0x5c /home/quartus/altera/15.1/nios2eds/bin/gnu/H-x86_64-pc-linux-gnu/bin/../lib/gcc/nios2-elf/4.9.2/../../../../../H-x86_64-pc-linux-gnu/nios2-elf/lib/libc.a(lib_a-writer.o)
                0x0000000008002ad0                _write_r
 .text          0x0000000008002b2c        0x0 /home/quartus/altera/15.1/nios2eds/bin/gnu/H-x86_64-pc-linux-gnu/bin/../lib/gcc/nios2-elf/4.9.2/../../../../../H-x86_64-pc-linux-gnu/nios2-elf/lib/libc.a(closer.o)
 .text._close_r
                0x0000000008002b2c       0x54 /home/quartus/altera/15.1/nios2eds/bin/gnu/H-x86_64-pc-linux-gnu/bin/../lib/gcc/nios2-elf/4.9.2/../../../../../H-x86_64-pc-linux-gnu/nios2-elf/lib/libc.a(closer.o)
                0x0000000008002b2c                _close_r
 .text          0x0000000008002b80        0x0 /home/quartus/altera/15.1/nios2eds/bin/gnu/H-x86_64-pc-linux-gnu/bin/../lib/gcc/nios2-elf/4.9.2/../../../../../H-x86_64-pc-linux-gnu/nios2-elf/lib/libc.a(lib_a-fclose.o)
 .text._fclose_r
                0x0000000008002b80       0xf0 /home/quartus/altera/15.1/nios2eds/bin/gnu/H-x86_64-pc-linux-gnu/bin/../lib/gcc/nios2-elf/4.9.2/../../../../../H-x86_64-pc-linux-gnu/nios2-elf/lib/libc.a(lib_a-fclose.o)
                0x0000000008002b80                _fclose_r
 .text.fclose   0x0000000008002c70       0x14 /home/quartus/altera/15.1/nios2eds/bin/gnu/H-x86_64-pc-linux-gnu/bin/../lib/gcc/nios2-elf/4.9.2/../../../../../H-x86_64-pc-linux-gnu/nios2-elf/lib/libc.a(lib_a-fclose.o)
                0x0000000008002c70                fclose
 .text          0x0000000008002c84        0x0 /home/quartus/altera/15.1/nios2eds/bin/gnu/H-x86_64-pc-linux-gnu/bin/../lib/gcc/nios2-elf/4.9.2/../../../../../H-x86_64-pc-linux-gnu/nios2-elf/lib/libc.a(lib_a-fstatr.o)
 .text._fstat_r
                0x0000000008002c84       0x58 /home/quartus/altera/15.1/nios2eds/bin/gnu/H-x86_64-pc-linux-gnu/bin/../lib/gcc/nios2-elf/4.9.2/../../../../../H-x86_64-pc-linux-gnu/nios2-elf/lib/libc.a(lib_a-fstatr.o)
                0x0000000008002c84                _fstat_r
 .text          0x0000000008002cdc        0x0 /home/quartus/altera/15.1/nios2eds/bin/gnu/H-x86_64-pc-linux-gnu/bin/../lib/gcc/nios2-elf/4.9.2/../../../../../H-x86_64-pc-linux-gnu/nios2-elf/lib/libc.a(lib_a-isattyr.o)
 .text._isatty_r
                0x0000000008002cdc       0x54 /home/quartus/altera/15.1/nios2eds/bin/gnu/H-x86_64-pc-linux-gnu/bin/../lib/gcc/nios2-elf/4.9.2/../../../../../H-x86_64-pc-linux-gnu/nios2-elf/lib/libc.a(lib_a-isattyr.o)
                0x0000000008002cdc                _isatty_r
 .text          0x0000000008002d30        0x0 /home/quartus/altera/15.1/nios2eds/bin/gnu/H-x86_64-pc-linux-gnu/bin/../lib/gcc/nios2-elf/4.9.2/../../../../../H-x86_64-pc-linux-gnu/nios2-elf/lib/libc.a(lib_a-lseekr.o)
 .text._lseek_r
                0x0000000008002d30       0x5c /home/quartus/altera/15.1/nios2eds/bin/gnu/H-x86_64-pc-linux-gnu/bin/../lib/gcc/nios2-elf/4.9.2/../../../../../H-x86_64-pc-linux-gnu/nios2-elf/lib/libc.a(lib_a-lseekr.o)
                0x0000000008002d30                _lseek_r
 .text          0x0000000008002d8c        0x0 /home/quartus/altera/15.1/nios2eds/bin/gnu/H-x86_64-pc-linux-gnu/bin/../lib/gcc/nios2-elf/4.9.2/../../../../../H-x86_64-pc-linux-gnu/nios2-elf/lib/libc.a(lib_a-readr.o)
 .text._read_r  0x0000000008002d8c       0x5c /home/quartus/altera/15.1/nios2eds/bin/gnu/H-x86_64-pc-linux-gnu/bin/../lib/gcc/nios2-elf/4.9.2/../../../../../H-x86_64-pc-linux-gnu/nios2-elf/lib/libc.a(lib_a-readr.o)
                0x0000000008002d8c                _read_r
 .text          0x0000000008002de8      0x12c /home/quartus/altera/15.1/nios2eds/bin/gnu/H-x86_64-pc-linux-gnu/bin/../lib/gcc/nios2-elf/4.9.2/libgcc.a(lib2-divmod.o)
                0x0000000008002e54                __divsi3
                0x0000000008002ea8                __modsi3
                0x0000000008002f04                __udivsi3
                0x0000000008002f0c                __umodsi3
 .text          0x0000000008002f14      0x120 ../tset_bsp//libhal_bsp.a(alt_close.o)
                0x0000000008002f64                close
 .text          0x0000000008003034       0x2c ../tset_bsp//libhal_bsp.a(alt_dev.o)
 .text          0x0000000008003060        0x0 ../tset_bsp//libhal_bsp.a(alt_errno.o)
 .text          0x0000000008003060      0x100 ../tset_bsp//libhal_bsp.a(alt_fstat.o)
                0x00000000080030b0                fstat
 .text          0x0000000008003160       0xf4 ../tset_bsp//libhal_bsp.a(alt_isatty.o)
                0x00000000080031b0                isatty
 .text          0x0000000008003254       0xe4 ../tset_bsp//libhal_bsp.a(alt_load.o)
                0x00000000080032b8                alt_load
 .text          0x0000000008003338      0x124 ../tset_bsp//libhal_bsp.a(alt_lseek.o)
                0x0000000008003388                lseek
 .text          0x000000000800345c       0x78 ../tset_bsp//libhal_bsp.a(alt_main.o)
                0x000000000800345c                alt_main
 .text          0x00000000080034d4       0x40 ../tset_bsp//libhal_bsp.a(alt_malloc_lock.o)
                0x00000000080034d4                __malloc_lock
                0x00000000080034f4                __malloc_unlock
 .text          0x0000000008003514      0x14c ../tset_bsp//libhal_bsp.a(alt_read.o)
                0x0000000008003564                read
 .text          0x0000000008003660       0x60 ../tset_bsp//libhal_bsp.a(alt_release_fd.o)
                0x0000000008003660                alt_release_fd
 .text          0x00000000080036c0       0xb0 ../tset_bsp//libhal_bsp.a(alt_sbrk.o)
                0x00000000080036c0                sbrk
 .text          0x0000000008003770      0x148 ../tset_bsp//libhal_bsp.a(alt_write.o)
                0x00000000080037c0                write
 .text          0x00000000080038b8      0x104 ../tset_bsp//libhal_bsp.a(alt_sys_init.o)
                0x00000000080038f0                alt_irq_init
                0x0000000008003924                alt_sys_init
 .text          0x00000000080039bc      0x164 ../tset_bsp//libhal_bsp.a(altera_avalon_jtag_uart_fd.o)
                0x00000000080039bc                altera_avalon_jtag_uart_read_fd
                0x0000000008003a1c                altera_avalon_jtag_uart_write_fd
                0x0000000008003a7c                altera_avalon_jtag_uart_close_fd
                0x0000000008003acc                altera_avalon_jtag_uart_ioctl_fd
 .text          0x0000000008003b20      0x3d8 ../tset_bsp//libhal_bsp.a(altera_avalon_jtag_uart_init.o)
                0x0000000008003b20                altera_avalon_jtag_uart_init
                0x0000000008003e90                altera_avalon_jtag_uart_close
 .text          0x0000000008003ef8       0xec ../tset_bsp//libhal_bsp.a(altera_avalon_jtag_uart_ioctl.o)
                0x0000000008003ef8                altera_avalon_jtag_uart_ioctl
 .text          0x0000000008003fe4      0x20c ../tset_bsp//libhal_bsp.a(altera_avalon_jtag_uart_read.o)
                0x0000000008003fe4                altera_avalon_jtag_uart_read
 .text          0x00000000080041f0      0x218 ../tset_bsp//libhal_bsp.a(altera_avalon_jtag_uart_write.o)
                0x00000000080041f0                altera_avalon_jtag_uart_write
 .text          0x0000000008004408      0xe70 ../tset_bsp//libhal_bsp.a(altera_avalon_lcd_16207.o)
                0x0000000008004bac                altera_avalon_lcd_16207_write
                0x0000000008005140                altera_avalon_lcd_16207_init
 .text          0x0000000008005278       0x60 ../tset_bsp//libhal_bsp.a(altera_avalon_lcd_16207_fd.o)
                0x0000000008005278                altera_avalon_lcd_16207_write_fd
 .text          0x00000000080052d8       0xfc ../tset_bsp//libhal_bsp.a(altera_avalon_timer_sc.o)
                0x000000000800534c                alt_avalon_timer_sc_init
 .text          0x00000000080053d4      0x110 ../tset_bsp//libhal_bsp.a(altera_avalon_uart_fd.o)
                0x00000000080053d4                altera_avalon_uart_read_fd
                0x0000000008005434                altera_avalon_uart_write_fd
                0x0000000008005494                altera_avalon_uart_close_fd
 .text          0x00000000080054e4      0x3b8 ../tset_bsp//libhal_bsp.a(altera_avalon_uart_init.o)
                0x00000000080054e4                altera_avalon_uart_init
                0x0000000008005848                altera_avalon_uart_close
 .text          0x000000000800589c      0x22c ../tset_bsp//libhal_bsp.a(altera_avalon_uart_read.o)
                0x00000000080058ec                altera_avalon_uart_read
 .text          0x0000000008005ac8      0x1fc ../tset_bsp//libhal_bsp.a(altera_avalon_uart_write.o)
                0x0000000008005b18                altera_avalon_uart_write
 .text          0x0000000008005cc4      0x140 ../tset_bsp//libhal_bsp.a(alt_alarm_start.o)
                0x0000000008005cc4                alt_alarm_start
 .text          0x0000000008005e04       0x44 ../tset_bsp//libhal_bsp.a(alt_dcache_flush_all.o)
                0x0000000008005e04                alt_dcache_flush_all
 .text          0x0000000008005e48       0xf4 ../tset_bsp//libhal_bsp.a(alt_dev_llist_insert.o)
                0x0000000008005e98                alt_dev_llist_insert
 .text          0x0000000008005f3c       0x5c ../tset_bsp//libhal_bsp.a(alt_do_ctors.o)
                0x0000000008005f3c                _do_ctors
 .text          0x0000000008005f98       0x5c ../tset_bsp//libhal_bsp.a(alt_do_dtors.o)
                0x0000000008005f98                _do_dtors
 .text          0x0000000008005ff4       0x30 ../tset_bsp//libhal_bsp.a(alt_icache_flush_all.o)
                0x0000000008005ff4                alt_icache_flush_all
 .text          0x0000000008006024      0x1e0 ../tset_bsp//libhal_bsp.a(alt_iic.o)
                0x0000000008006024                alt_ic_isr_register
                0x0000000008006074                alt_ic_irq_enable
                0x0000000008006114                alt_ic_irq_disable
                0x00000000080061b8                alt_ic_irq_enabled
 .text          0x0000000008006204       0xf0 ../tset_bsp//libhal_bsp.a(alt_iic_isr_register.o)
                0x0000000008006204                alt_iic_isr_register
 .text          0x00000000080062f4      0x138 ../tset_bsp//libhal_bsp.a(alt_io_redirect.o)
                0x00000000080063b4                alt_io_redirect
 .text          0x000000000800642c        0x0 ../tset_bsp//libhal_bsp.a(alt_irq_entry.o)
 .text          0x000000000800642c        0x0 ../tset_bsp//libhal_bsp.a(alt_irq_handler.o)
 .text          0x000000000800642c        0x0 ../tset_bsp//libhal_bsp.a(alt_irq_vars.o)
 .text          0x000000000800642c      0x274 ../tset_bsp//libhal_bsp.a(alt_open.o)
                0x0000000008006548                open
 .text          0x00000000080066a0      0x19c ../tset_bsp//libhal_bsp.a(alt_tick.o)
                0x00000000080066a0                alt_alarm_stop
                0x0000000008006738                alt_tick
 .text          0x000000000800683c       0x30 ../tset_bsp//libhal_bsp.a(alt_usleep.o)
                0x000000000800683c                usleep
 .text          0x000000000800686c       0x20 ../tset_bsp//libhal_bsp.a(altera_nios2_gen2_irq.o)
                0x000000000800686c                altera_nios2_gen2_irq_init
 .text          0x000000000800688c      0x158 ../tset_bsp//libhal_bsp.a(alt_busy_sleep.o)
                0x000000000800688c                alt_busy_sleep
 .text          0x00000000080069e4        0x0 ../tset_bsp//libhal_bsp.a(alt_exception_entry.o)
 .text          0x00000000080069e4       0x90 ../tset_bsp//libhal_bsp.a(alt_find_dev.o)
                0x00000000080069e4                alt_find_dev
 .text          0x0000000008006a74      0x114 ../tset_bsp//libhal_bsp.a(alt_find_file.o)
                0x0000000008006a74                alt_find_file
 .text          0x0000000008006b88       0xb4 ../tset_bsp//libhal_bsp.a(alt_get_fd.o)
                0x0000000008006b88                alt_get_fd
 .text          0x0000000008006c3c       0x8c ../tset_bsp//libhal_bsp.a(alt_icache_flush.o)
                0x0000000008006c3c                alt_icache_flush
 .text          0x0000000008006cc8       0x9c ../tset_bsp//libhal_bsp.a(alt_instruction_exception_entry.o)
                0x0000000008006cc8                alt_exception_cause_generated_bad_addr
 .text          0x0000000008006d64        0x0 /home/quartus/altera/15.1/nios2eds/bin/gnu/H-x86_64-pc-linux-gnu/bin/../lib/gcc/nios2-elf/4.9.2/../../../../../H-x86_64-pc-linux-gnu/nios2-elf/lib/libc.a(lib_a-atexit.o)
 .text.atexit   0x0000000008006d64       0x14 /home/quartus/altera/15.1/nios2eds/bin/gnu/H-x86_64-pc-linux-gnu/bin/../lib/gcc/nios2-elf/4.9.2/../../../../../H-x86_64-pc-linux-gnu/nios2-elf/lib/libc.a(lib_a-atexit.o)
                0x0000000008006d64                atexit
 .text          0x0000000008006d78        0x0 /home/quartus/altera/15.1/nios2eds/bin/gnu/H-x86_64-pc-linux-gnu/bin/../lib/gcc/nios2-elf/4.9.2/../../../../../H-x86_64-pc-linux-gnu/nios2-elf/lib/libc.a(lib_a-ctype_.o)
 .text          0x0000000008006d78        0x0 /home/quartus/altera/15.1/nios2eds/bin/gnu/H-x86_64-pc-linux-gnu/bin/../lib/gcc/nios2-elf/4.9.2/../../../../../H-x86_64-pc-linux-gnu/nios2-elf/lib/libc.a(lib_a-exit.o)
 .text.exit     0x0000000008006d78       0x38 /home/quartus/altera/15.1/nios2eds/bin/gnu/H-x86_64-pc-linux-gnu/bin/../lib/gcc/nios2-elf/4.9.2/../../../../../H-x86_64-pc-linux-gnu/nios2-elf/lib/libc.a(lib_a-exit.o)
                0x0000000008006d78                exit
 .text          0x0000000008006db0        0x0 /home/quartus/altera/15.1/nios2eds/bin/gnu/H-x86_64-pc-linux-gnu/bin/../lib/gcc/nios2-elf/4.9.2/../../../../../H-x86_64-pc-linux-gnu/nios2-elf/lib/libc.a(lib_a-memcmp.o)
 .text.memcmp   0x0000000008006db0       0x7c /home/quartus/altera/15.1/nios2eds/bin/gnu/H-x86_64-pc-linux-gnu/bin/../lib/gcc/nios2-elf/4.9.2/../../../../../H-x86_64-pc-linux-gnu/nios2-elf/lib/libc.a(lib_a-memcmp.o)
                0x0000000008006db0                memcmp
 .text          0x0000000008006e2c        0x0 /home/quartus/altera/15.1/nios2eds/bin/gnu/H-x86_64-pc-linux-gnu/bin/../lib/gcc/nios2-elf/4.9.2/../../../../../H-x86_64-pc-linux-gnu/nios2-elf/lib/libc.a(lib_a-__atexit.o)
 .text.__register_exitproc
                0x0000000008006e2c      0x114 /home/quartus/altera/15.1/nios2eds/bin/gnu/H-x86_64-pc-linux-gnu/bin/../lib/gcc/nios2-elf/4.9.2/../../../../../H-x86_64-pc-linux-gnu/nios2-elf/lib/libc.a(lib_a-__atexit.o)
                0x0000000008006e2c                __register_exitproc
 .text          0x0000000008006f40        0x0 /home/quartus/altera/15.1/nios2eds/bin/gnu/H-x86_64-pc-linux-gnu/bin/../lib/gcc/nios2-elf/4.9.2/../../../../../H-x86_64-pc-linux-gnu/nios2-elf/lib/libc.a(lib_a-__call_atexit.o)
 .text.__call_exitprocs
                0x0000000008006f40      0x194 /home/quartus/altera/15.1/nios2eds/bin/gnu/H-x86_64-pc-linux-gnu/bin/../lib/gcc/nios2-elf/4.9.2/../../../../../H-x86_64-pc-linux-gnu/nios2-elf/lib/libc.a(lib_a-__call_atexit.o)
                0x0000000008006f40                __call_exitprocs
 .text          0x00000000080070d4       0x34 ../tset_bsp//libhal_bsp.a(alt_exit.o)
                0x00000000080070d4                _exit
 *(.gnu.warning.*)
 *(.fini)
                0x0000000008007108                PROVIDE (__etext, ABSOLUTE (.))
                0x0000000008007108                PROVIDE (_etext, ABSOLUTE (.))
                0x0000000008007108                PROVIDE (etext, ABSOLUTE (.))
 *(.eh_frame_hdr)
                0x0000000008007108                . = ALIGN (0x4)
                0x0000000008007108                PROVIDE (__preinit_array_start, ABSOLUTE (.))
 *(.preinit_array)
                0x0000000008007108                PROVIDE (__preinit_array_end, ABSOLUTE (.))
                0x0000000008007108                PROVIDE (__init_array_start, ABSOLUTE (.))
 *(.init_array)
                0x0000000008007108                PROVIDE (__init_array_end, ABSOLUTE (.))
                0x0000000008007108                PROVIDE (__fini_array_start, ABSOLUTE (.))
 *(.fini_array)
                0x0000000008007108                PROVIDE (__fini_array_end, ABSOLUTE (.))
 *(.eh_frame)
 *(.gcc_except_table .gcc_except_table.*)
 *(.dynamic)
                0x0000000008007108                PROVIDE (__CTOR_LIST__, ABSOLUTE (.))
 *(.ctors)
 *(SORT(.ctors.*))
                0x0000000008007108                PROVIDE (__CTOR_END__, ABSOLUTE (.))
                0x0000000008007108                PROVIDE (__DTOR_LIST__, ABSOLUTE (.))
 *(.dtors)
 *(SORT(.dtors.*))
                0x0000000008007108                PROVIDE (__DTOR_END__, ABSOLUTE (.))
 *(.jcr)
                0x0000000008007108                . = ALIGN (0x4)

.rodata         0x0000000008007108      0x2dc
                0x0000000008007108                PROVIDE (__ram_rodata_start, ABSOLUTE (.))
                0x0000000008007108                . = ALIGN (0x4)
 *(.rodata .rodata.* .gnu.linkonce.r.*)
 .rodata        0x0000000008007108       0x14 obj/default/hello_world.o
 .rodata.str1.4
                0x000000000800711c        0x2 /home/quartus/altera/15.1/nios2eds/bin/gnu/H-x86_64-pc-linux-gnu/bin/../lib/gcc/nios2-elf/4.9.2/../../../../../H-x86_64-pc-linux-gnu/nios2-elf/lib/libc.a(lib_a-puts.o)
                                          0x4 (size before relaxing)
 *fill*         0x000000000800711e        0x2 
 .rodata.str1.4
                0x0000000008007120        0x4 /home/quartus/altera/15.1/nios2eds/bin/gnu/H-x86_64-pc-linux-gnu/bin/../lib/gcc/nios2-elf/4.9.2/../../../../../H-x86_64-pc-linux-gnu/nios2-elf/lib/libc.a(lib_a-impure.o)
 .rodata        0x0000000008007124        0xc ../tset_bsp//libhal_bsp.a(alt_dev.o)
 .rodata        0x0000000008007130        0xc ../tset_bsp//libhal_bsp.a(alt_main.o)
 .rodata        0x000000000800713c       0x24 ../tset_bsp//libhal_bsp.a(alt_sys_init.o)
 .rodata._ctype_
                0x0000000008007160      0x101 /home/quartus/altera/15.1/nios2eds/bin/gnu/H-x86_64-pc-linux-gnu/bin/../lib/gcc/nios2-elf/4.9.2/../../../../../H-x86_64-pc-linux-gnu/nios2-elf/lib/libc.a(lib_a-ctype_.o)
                0x0000000008007160                _ctype_
 .rodata._ctype_b
                0x0000000008007261      0x180 /home/quartus/altera/15.1/nios2eds/bin/gnu/H-x86_64-pc-linux-gnu/bin/../lib/gcc/nios2-elf/4.9.2/../../../../../H-x86_64-pc-linux-gnu/nios2-elf/lib/libc.a(lib_a-ctype_.o)
 *(.rodata1)
                0x00000000080073e4                . = ALIGN (0x4)
 *fill*         0x00000000080073e1        0x3 
                0x00000000080073e4                PROVIDE (__ram_rodata_end, ABSOLUTE (.))
                0x0000000008007108                PROVIDE (__flash_rodata_start, LOADADDR (.rodata))

.rwdata         0x00000000080073e4     0x1c58 load address 0x000000000800903c
                0x00000000080073e4                PROVIDE (__ram_rwdata_start, ABSOLUTE (.))
                0x00000000080073e4                . = ALIGN (0x4)
 *(.got.plt)
 *(.got)
 *(.data1)
 *(.data .data.* .gnu.linkonce.d.*)
 .data          0x00000000080073e4        0x0 ../tset_bsp//obj/HAL/src/crt0.o
 .data          0x00000000080073e4        0x0 obj/default/hello_world.o
 .data          0x00000000080073e4        0x0 /home/quartus/altera/15.1/nios2eds/bin/gnu/H-x86_64-pc-linux-gnu/bin/../lib/gcc/nios2-elf/4.9.2/../../../../../H-x86_64-pc-linux-gnu/nios2-elf/lib/libc.a(lib_a-puts.o)
 .data          0x00000000080073e4        0x0 /home/quartus/altera/15.1/nios2eds/bin/gnu/H-x86_64-pc-linux-gnu/bin/../lib/gcc/nios2-elf/4.9.2/../../../../../H-x86_64-pc-linux-gnu/nios2-elf/lib/libc.a(lib_a-strlen.o)
 .data          0x00000000080073e4        0x0 /home/quartus/altera/15.1/nios2eds/bin/gnu/H-x86_64-pc-linux-gnu/bin/../lib/gcc/nios2-elf/4.9.2/../../../../../H-x86_64-pc-linux-gnu/nios2-elf/lib/libc.a(lib_a-fvwrite.o)
 .data          0x00000000080073e4        0x0 /home/quartus/altera/15.1/nios2eds/bin/gnu/H-x86_64-pc-linux-gnu/bin/../lib/gcc/nios2-elf/4.9.2/../../../../../H-x86_64-pc-linux-gnu/nios2-elf/lib/libc.a(lib_a-impure.o)
 .data.impure_data
                0x00000000080073e4      0x424 /home/quartus/altera/15.1/nios2eds/bin/gnu/H-x86_64-pc-linux-gnu/bin/../lib/gcc/nios2-elf/4.9.2/../../../../../H-x86_64-pc-linux-gnu/nios2-elf/lib/libc.a(lib_a-impure.o)
 .data          0x0000000008007808        0x0 /home/quartus/altera/15.1/nios2eds/bin/gnu/H-x86_64-pc-linux-gnu/bin/../lib/gcc/nios2-elf/4.9.2/../../../../../H-x86_64-pc-linux-gnu/nios2-elf/lib/libc.a(lib_a-mallocr.o)
 .data.__malloc_av_
                0x0000000008007808      0x408 /home/quartus/altera/15.1/nios2eds/bin/gnu/H-x86_64-pc-linux-gnu/bin/../lib/gcc/nios2-elf/4.9.2/../../../../../H-x86_64-pc-linux-gnu/nios2-elf/lib/libc.a(lib_a-mallocr.o)
                0x0000000008007808                __malloc_av_
 .data          0x0000000008007c10        0x0 /home/quartus/altera/15.1/nios2eds/bin/gnu/H-x86_64-pc-linux-gnu/bin/../lib/gcc/nios2-elf/4.9.2/../../../../../H-x86_64-pc-linux-gnu/nios2-elf/lib/libc.a(lib_a-memchr.o)
 .data          0x0000000008007c10        0x0 /home/quartus/altera/15.1/nios2eds/bin/gnu/H-x86_64-pc-linux-gnu/bin/../lib/gcc/nios2-elf/4.9.2/../../../../../H-x86_64-pc-linux-gnu/nios2-elf/lib/libc.a(lib_a-memcpy.o)
 .data          0x0000000008007c10        0x0 /home/quartus/altera/15.1/nios2eds/bin/gnu/H-x86_64-pc-linux-gnu/bin/../lib/gcc/nios2-elf/4.9.2/../../../../../H-x86_64-pc-linux-gnu/nios2-elf/lib/libc.a(lib_a-memmove.o)
 .data          0x0000000008007c10        0x0 /home/quartus/altera/15.1/nios2eds/bin/gnu/H-x86_64-pc-linux-gnu/bin/../lib/gcc/nios2-elf/4.9.2/../../../../../H-x86_64-pc-linux-gnu/nios2-elf/lib/libc.a(lib_a-reallocr.o)
 .data          0x0000000008007c10        0x0 /home/quartus/altera/15.1/nios2eds/bin/gnu/H-x86_64-pc-linux-gnu/bin/../lib/gcc/nios2-elf/4.9.2/../../../../../H-x86_64-pc-linux-gnu/nios2-elf/lib/libc.a(lib_a-sbrkr.o)
 .data          0x0000000008007c10        0x0 /home/quartus/altera/15.1/nios2eds/bin/gnu/H-x86_64-pc-linux-gnu/bin/../lib/gcc/nios2-elf/4.9.2/../../../../../H-x86_64-pc-linux-gnu/nios2-elf/lib/libc.a(lib_a-wsetup.o)
 .data          0x0000000008007c10        0x0 /home/quartus/altera/15.1/nios2eds/bin/gnu/H-x86_64-pc-linux-gnu/bin/../lib/gcc/nios2-elf/4.9.2/../../../../../H-x86_64-pc-linux-gnu/nios2-elf/lib/libc.a(lib_a-fflush.o)
 .data          0x0000000008007c10        0x0 /home/quartus/altera/15.1/nios2eds/bin/gnu/H-x86_64-pc-linux-gnu/bin/../lib/gcc/nios2-elf/4.9.2/../../../../../H-x86_64-pc-linux-gnu/nios2-elf/lib/libc.a(lib_a-findfp.o)
 .data          0x0000000008007c10        0x0 /home/quartus/altera/15.1/nios2eds/bin/gnu/H-x86_64-pc-linux-gnu/bin/../lib/gcc/nios2-elf/4.9.2/../../../../../H-x86_64-pc-linux-gnu/nios2-elf/lib/libc.a(lib_a-freer.o)
 .data          0x0000000008007c10        0x0 /home/quartus/altera/15.1/nios2eds/bin/gnu/H-x86_64-pc-linux-gnu/bin/../lib/gcc/nios2-elf/4.9.2/../../../../../H-x86_64-pc-linux-gnu/nios2-elf/lib/libc.a(lib_a-fwalk.o)
 .data          0x0000000008007c10        0x0 /home/quartus/altera/15.1/nios2eds/bin/gnu/H-x86_64-pc-linux-gnu/bin/../lib/gcc/nios2-elf/4.9.2/../../../../../H-x86_64-pc-linux-gnu/nios2-elf/lib/libc.a(lib_a-int_errno.o)
 .data          0x0000000008007c10        0x0 /home/quartus/altera/15.1/nios2eds/bin/gnu/H-x86_64-pc-linux-gnu/bin/../lib/gcc/nios2-elf/4.9.2/../../../../../H-x86_64-pc-linux-gnu/nios2-elf/lib/libc.a(lib_a-makebuf.o)
 .data          0x0000000008007c10        0x0 /home/quartus/altera/15.1/nios2eds/bin/gnu/H-x86_64-pc-linux-gnu/bin/../lib/gcc/nios2-elf/4.9.2/../../../../../H-x86_64-pc-linux-gnu/nios2-elf/lib/libc.a(lib_a-memset.o)
 .data          0x0000000008007c10        0x0 /home/quartus/altera/15.1/nios2eds/bin/gnu/H-x86_64-pc-linux-gnu/bin/../lib/gcc/nios2-elf/4.9.2/../../../../../H-x86_64-pc-linux-gnu/nios2-elf/lib/libc.a(lib_a-stdio.o)
 .data          0x0000000008007c10        0x0 /home/quartus/altera/15.1/nios2eds/bin/gnu/H-x86_64-pc-linux-gnu/bin/../lib/gcc/nios2-elf/4.9.2/../../../../../H-x86_64-pc-linux-gnu/nios2-elf/lib/libc.a(lib_a-writer.o)
 .data          0x0000000008007c10        0x0 /home/quartus/altera/15.1/nios2eds/bin/gnu/H-x86_64-pc-linux-gnu/bin/../lib/gcc/nios2-elf/4.9.2/../../../../../H-x86_64-pc-linux-gnu/nios2-elf/lib/libc.a(closer.o)
 .data          0x0000000008007c10        0x0 /home/quartus/altera/15.1/nios2eds/bin/gnu/H-x86_64-pc-linux-gnu/bin/../lib/gcc/nios2-elf/4.9.2/../../../../../H-x86_64-pc-linux-gnu/nios2-elf/lib/libc.a(lib_a-fclose.o)
 .data          0x0000000008007c10        0x0 /home/quartus/altera/15.1/nios2eds/bin/gnu/H-x86_64-pc-linux-gnu/bin/../lib/gcc/nios2-elf/4.9.2/../../../../../H-x86_64-pc-linux-gnu/nios2-elf/lib/libc.a(lib_a-fstatr.o)
 .data          0x0000000008007c10        0x0 /home/quartus/altera/15.1/nios2eds/bin/gnu/H-x86_64-pc-linux-gnu/bin/../lib/gcc/nios2-elf/4.9.2/../../../../../H-x86_64-pc-linux-gnu/nios2-elf/lib/libc.a(lib_a-isattyr.o)
 .data          0x0000000008007c10        0x0 /home/quartus/altera/15.1/nios2eds/bin/gnu/H-x86_64-pc-linux-gnu/bin/../lib/gcc/nios2-elf/4.9.2/../../../../../H-x86_64-pc-linux-gnu/nios2-elf/lib/libc.a(lib_a-lseekr.o)
 .data          0x0000000008007c10        0x0 /home/quartus/altera/15.1/nios2eds/bin/gnu/H-x86_64-pc-linux-gnu/bin/../lib/gcc/nios2-elf/4.9.2/../../../../../H-x86_64-pc-linux-gnu/nios2-elf/lib/libc.a(lib_a-readr.o)
 .data          0x0000000008007c10        0x0 /home/quartus/altera/15.1/nios2eds/bin/gnu/H-x86_64-pc-linux-gnu/bin/../lib/gcc/nios2-elf/4.9.2/libgcc.a(lib2-divmod.o)
 .data          0x0000000008007c10        0x0 ../tset_bsp//libhal_bsp.a(alt_close.o)
 .data          0x0000000008007c10      0x1a8 ../tset_bsp//libhal_bsp.a(alt_dev.o)
                0x0000000008007c10                alt_dev_null
                0x0000000008007c38                alt_fd_list
 .data          0x0000000008007db8        0x0 ../tset_bsp//libhal_bsp.a(alt_errno.o)
 .data          0x0000000008007db8        0x0 ../tset_bsp//libhal_bsp.a(alt_fstat.o)
 .data          0x0000000008007db8        0x0 ../tset_bsp//libhal_bsp.a(alt_isatty.o)
 .data          0x0000000008007db8        0x0 ../tset_bsp//libhal_bsp.a(alt_load.o)
 .data          0x0000000008007db8        0x0 ../tset_bsp//libhal_bsp.a(alt_lseek.o)
 .data          0x0000000008007db8        0x0 ../tset_bsp//libhal_bsp.a(alt_main.o)
 .data          0x0000000008007db8        0x0 ../tset_bsp//libhal_bsp.a(alt_malloc_lock.o)
 .data          0x0000000008007db8        0x0 ../tset_bsp//libhal_bsp.a(alt_read.o)
 .data          0x0000000008007db8        0x0 ../tset_bsp//libhal_bsp.a(alt_release_fd.o)
 .data          0x0000000008007db8        0x0 ../tset_bsp//libhal_bsp.a(alt_sbrk.o)
 .data          0x0000000008007db8        0x0 ../tset_bsp//libhal_bsp.a(alt_write.o)
 .data          0x0000000008007db8     0x1244 ../tset_bsp//libhal_bsp.a(alt_sys_init.o)
 .data          0x0000000008008ffc        0x0 ../tset_bsp//libhal_bsp.a(altera_avalon_jtag_uart_fd.o)
 .data          0x0000000008008ffc        0x0 ../tset_bsp//libhal_bsp.a(altera_avalon_jtag_uart_init.o)
 .data          0x0000000008008ffc        0x0 ../tset_bsp//libhal_bsp.a(altera_avalon_jtag_uart_ioctl.o)
 .data          0x0000000008008ffc        0x0 ../tset_bsp//libhal_bsp.a(altera_avalon_jtag_uart_read.o)
 .data          0x0000000008008ffc        0x0 ../tset_bsp//libhal_bsp.a(altera_avalon_jtag_uart_write.o)
 .data          0x0000000008008ffc        0x0 ../tset_bsp//libhal_bsp.a(altera_avalon_lcd_16207.o)
 .data          0x0000000008008ffc        0x0 ../tset_bsp//libhal_bsp.a(altera_avalon_lcd_16207_fd.o)
 .data          0x0000000008008ffc        0x0 ../tset_bsp//libhal_bsp.a(altera_avalon_timer_sc.o)
 .data          0x0000000008008ffc        0x0 ../tset_bsp//libhal_bsp.a(altera_avalon_uart_fd.o)
 .data          0x0000000008008ffc        0x0 ../tset_bsp//libhal_bsp.a(altera_avalon_uart_init.o)
 .data          0x0000000008008ffc        0x0 ../tset_bsp//libhal_bsp.a(altera_avalon_uart_read.o)
 .data          0x0000000008008ffc        0x0 ../tset_bsp//libhal_bsp.a(altera_avalon_uart_write.o)
 .data          0x0000000008008ffc        0x0 ../tset_bsp//libhal_bsp.a(alt_alarm_start.o)
 .data          0x0000000008008ffc        0x0 ../tset_bsp//libhal_bsp.a(alt_dcache_flush_all.o)
 .data          0x0000000008008ffc        0x0 ../tset_bsp//libhal_bsp.a(alt_dev_llist_insert.o)
 .data          0x0000000008008ffc        0x0 ../tset_bsp//libhal_bsp.a(alt_do_ctors.o)
 .data          0x0000000008008ffc        0x0 ../tset_bsp//libhal_bsp.a(alt_do_dtors.o)
 .data          0x0000000008008ffc        0x0 ../tset_bsp//libhal_bsp.a(alt_icache_flush_all.o)
 .data          0x0000000008008ffc        0x0 ../tset_bsp//libhal_bsp.a(alt_iic.o)
 .data          0x0000000008008ffc        0x0 ../tset_bsp//libhal_bsp.a(alt_iic_isr_register.o)
 .data          0x0000000008008ffc        0x0 ../tset_bsp//libhal_bsp.a(alt_io_redirect.o)
 .data          0x0000000008008ffc        0x0 ../tset_bsp//libhal_bsp.a(alt_irq_entry.o)
 .data          0x0000000008008ffc        0x0 ../tset_bsp//libhal_bsp.a(alt_irq_handler.o)
 .data          0x0000000008008ffc        0x0 ../tset_bsp//libhal_bsp.a(alt_irq_vars.o)
 .data          0x0000000008008ffc        0x0 ../tset_bsp//libhal_bsp.a(alt_open.o)
 .data          0x0000000008008ffc        0x0 ../tset_bsp//libhal_bsp.a(alt_tick.o)
 .data          0x0000000008008ffc        0x0 ../tset_bsp//libhal_bsp.a(alt_usleep.o)
 .data          0x0000000008008ffc        0x0 ../tset_bsp//libhal_bsp.a(altera_nios2_gen2_irq.o)
 .data          0x0000000008008ffc        0x0 ../tset_bsp//libhal_bsp.a(alt_busy_sleep.o)
 .data          0x0000000008008ffc        0x0 ../tset_bsp//libhal_bsp.a(alt_exception_entry.o)
 .data          0x0000000008008ffc        0x0 ../tset_bsp//libhal_bsp.a(alt_find_dev.o)
 .data          0x0000000008008ffc        0x0 ../tset_bsp//libhal_bsp.a(alt_find_file.o)
 .data          0x0000000008008ffc        0x0 ../tset_bsp//libhal_bsp.a(alt_get_fd.o)
 .data          0x0000000008008ffc        0x0 ../tset_bsp//libhal_bsp.a(alt_icache_flush.o)
 .data          0x0000000008008ffc        0x0 ../tset_bsp//libhal_bsp.a(alt_instruction_exception_entry.o)
 .data          0x0000000008008ffc        0x0 /home/quartus/altera/15.1/nios2eds/bin/gnu/H-x86_64-pc-linux-gnu/bin/../lib/gcc/nios2-elf/4.9.2/../../../../../H-x86_64-pc-linux-gnu/nios2-elf/lib/libc.a(lib_a-atexit.o)
 .data          0x0000000008008ffc        0x0 /home/quartus/altera/15.1/nios2eds/bin/gnu/H-x86_64-pc-linux-gnu/bin/../lib/gcc/nios2-elf/4.9.2/../../../../../H-x86_64-pc-linux-gnu/nios2-elf/lib/libc.a(lib_a-ctype_.o)
 .data          0x0000000008008ffc        0x0 /home/quartus/altera/15.1/nios2eds/bin/gnu/H-x86_64-pc-linux-gnu/bin/../lib/gcc/nios2-elf/4.9.2/../../../../../H-x86_64-pc-linux-gnu/nios2-elf/lib/libc.a(lib_a-exit.o)
 .data          0x0000000008008ffc        0x0 /home/quartus/altera/15.1/nios2eds/bin/gnu/H-x86_64-pc-linux-gnu/bin/../lib/gcc/nios2-elf/4.9.2/../../../../../H-x86_64-pc-linux-gnu/nios2-elf/lib/libc.a(lib_a-memcmp.o)
 .data          0x0000000008008ffc        0x0 /home/quartus/altera/15.1/nios2eds/bin/gnu/H-x86_64-pc-linux-gnu/bin/../lib/gcc/nios2-elf/4.9.2/../../../../../H-x86_64-pc-linux-gnu/nios2-elf/lib/libc.a(lib_a-__atexit.o)
 .data          0x0000000008008ffc        0x0 /home/quartus/altera/15.1/nios2eds/bin/gnu/H-x86_64-pc-linux-gnu/bin/../lib/gcc/nios2-elf/4.9.2/../../../../../H-x86_64-pc-linux-gnu/nios2-elf/lib/libc.a(lib_a-__call_atexit.o)
 .data          0x0000000008008ffc        0x0 ../tset_bsp//libhal_bsp.a(alt_exit.o)
                0x0000000008010ffc                _gp = ABSOLUTE ((. + 0x8000))
                0x0000000008010ffc                PROVIDE (gp, _gp)
 *(.rwdata .rwdata.*)
 *(.sdata .sdata.* .gnu.linkonce.s.*)
 .sdata._global_impure_ptr
                0x0000000008008ffc        0x4 /home/quartus/altera/15.1/nios2eds/bin/gnu/H-x86_64-pc-linux-gnu/bin/../lib/gcc/nios2-elf/4.9.2/../../../../../H-x86_64-pc-linux-gnu/nios2-elf/lib/libc.a(lib_a-impure.o)
                0x0000000008008ffc                _global_impure_ptr
 .sdata._impure_ptr
                0x0000000008009000        0x4 /home/quartus/altera/15.1/nios2eds/bin/gnu/H-x86_64-pc-linux-gnu/bin/../lib/gcc/nios2-elf/4.9.2/../../../../../H-x86_64-pc-linux-gnu/nios2-elf/lib/libc.a(lib_a-impure.o)
                0x0000000008009000                _impure_ptr
 .sdata.__malloc_sbrk_base
                0x0000000008009004        0x4 /home/quartus/altera/15.1/nios2eds/bin/gnu/H-x86_64-pc-linux-gnu/bin/../lib/gcc/nios2-elf/4.9.2/../../../../../H-x86_64-pc-linux-gnu/nios2-elf/lib/libc.a(lib_a-mallocr.o)
                0x0000000008009004                __malloc_sbrk_base
 .sdata.__malloc_trim_threshold
                0x0000000008009008        0x4 /home/quartus/altera/15.1/nios2eds/bin/gnu/H-x86_64-pc-linux-gnu/bin/../lib/gcc/nios2-elf/4.9.2/../../../../../H-x86_64-pc-linux-gnu/nios2-elf/lib/libc.a(lib_a-mallocr.o)
                0x0000000008009008                __malloc_trim_threshold
 .sdata         0x000000000800900c       0x14 ../tset_bsp//libhal_bsp.a(alt_dev.o)
                0x000000000800900c                alt_fs_list
                0x0000000008009014                alt_dev_list
                0x000000000800901c                alt_max_fd
 .sdata         0x0000000008009020        0x4 ../tset_bsp//libhal_bsp.a(alt_errno.o)
                0x0000000008009020                alt_errno
 .sdata         0x0000000008009024        0x4 ../tset_bsp//libhal_bsp.a(alt_sbrk.o)
 .sdata         0x0000000008009028        0x4 ../tset_bsp//libhal_bsp.a(altera_avalon_lcd_16207.o)
 .sdata         0x000000000800902c        0x4 ../tset_bsp//libhal_bsp.a(alt_irq_vars.o)
                0x000000000800902c                alt_priority_mask
 .sdata         0x0000000008009030        0x8 ../tset_bsp//libhal_bsp.a(alt_tick.o)
                0x0000000008009030                alt_alarm_list
 .sdata.__ctype_ptr__
                0x0000000008009038        0x4 /home/quartus/altera/15.1/nios2eds/bin/gnu/H-x86_64-pc-linux-gnu/bin/../lib/gcc/nios2-elf/4.9.2/../../../../../H-x86_64-pc-linux-gnu/nios2-elf/lib/libc.a(lib_a-ctype_.o)
                0x0000000008009038                __ctype_ptr__
 *(.sdata2 .sdata2.* .gnu.linkonce.s2.*)
                0x000000000800903c                . = ALIGN (0x4)
                0x000000000800903c                _edata = ABSOLUTE (.)
                0x000000000800903c                PROVIDE (edata, ABSOLUTE (.))
                0x000000000800903c                PROVIDE (__ram_rwdata_end, ABSOLUTE (.))
                0x000000000800903c                PROVIDE (__flash_rwdata_start, LOADADDR (.rwdata))

.bss            0x000000000800ac94      0x154
                0x000000000800ac94                __bss_start = ABSOLUTE (.)
                0x000000000800ac94                PROVIDE (__sbss_start, ABSOLUTE (.))
                0x000000000800ac94                PROVIDE (___sbss_start, ABSOLUTE (.))
 *(.dynsbss)
 *(.sbss .sbss.* .gnu.linkonce.sb.*)
 .sbss.__malloc_max_total_mem
                0x000000000800ac94        0x4 /home/quartus/altera/15.1/nios2eds/bin/gnu/H-x86_64-pc-linux-gnu/bin/../lib/gcc/nios2-elf/4.9.2/../../../../../H-x86_64-pc-linux-gnu/nios2-elf/lib/libc.a(lib_a-mallocr.o)
                0x000000000800ac94                __malloc_max_total_mem
 .sbss.__malloc_max_sbrked_mem
                0x000000000800ac98        0x4 /home/quartus/altera/15.1/nios2eds/bin/gnu/H-x86_64-pc-linux-gnu/bin/../lib/gcc/nios2-elf/4.9.2/../../../../../H-x86_64-pc-linux-gnu/nios2-elf/lib/libc.a(lib_a-mallocr.o)
                0x000000000800ac98                __malloc_max_sbrked_mem
 .sbss.__malloc_top_pad
                0x000000000800ac9c        0x4 /home/quartus/altera/15.1/nios2eds/bin/gnu/H-x86_64-pc-linux-gnu/bin/../lib/gcc/nios2-elf/4.9.2/../../../../../H-x86_64-pc-linux-gnu/nios2-elf/lib/libc.a(lib_a-mallocr.o)
                0x000000000800ac9c                __malloc_top_pad
 .sbss          0x000000000800aca0        0x4 /home/quartus/altera/15.1/nios2eds/bin/gnu/H-x86_64-pc-linux-gnu/bin/../lib/gcc/nios2-elf/4.9.2/../../../../../H-x86_64-pc-linux-gnu/nios2-elf/lib/libc.a(lib_a-int_errno.o)
                0x000000000800aca0                errno
 .sbss          0x000000000800aca4        0xc ../tset_bsp//libhal_bsp.a(alt_main.o)
                0x000000000800aca4                alt_argc
                0x000000000800aca8                alt_argv
                0x000000000800acac                alt_envp
 .sbss          0x000000000800acb0        0x4 ../tset_bsp//libhal_bsp.a(alt_irq_vars.o)
                0x000000000800acb0                alt_irq_active
 .sbss          0x000000000800acb4        0x8 ../tset_bsp//libhal_bsp.a(alt_tick.o)
                0x000000000800acb4                _alt_tick_rate
                0x000000000800acb8                _alt_nticks
 .sbss          0x000000000800acbc        0x4 ../tset_bsp//libhal_bsp.a(alt_instruction_exception_entry.o)
                0x000000000800acbc                alt_instruction_exception_handler
 *(.sbss2 .sbss2.* .gnu.linkonce.sb2.*)
 *(.scommon)
                0x000000000800acc0                PROVIDE (__sbss_end, ABSOLUTE (.))
                0x000000000800acc0                PROVIDE (___sbss_end, ABSOLUTE (.))
 *(.dynbss)
 *(.bss .bss.* .gnu.linkonce.b.*)
 .bss           0x000000000800acc0        0x0 ../tset_bsp//obj/HAL/src/crt0.o
 .bss           0x000000000800acc0        0x0 obj/default/hello_world.o
 .bss           0x000000000800acc0        0x0 /home/quartus/altera/15.1/nios2eds/bin/gnu/H-x86_64-pc-linux-gnu/bin/../lib/gcc/nios2-elf/4.9.2/../../../../../H-x86_64-pc-linux-gnu/nios2-elf/lib/libc.a(lib_a-puts.o)
 .bss           0x000000000800acc0        0x0 /home/quartus/altera/15.1/nios2eds/bin/gnu/H-x86_64-pc-linux-gnu/bin/../lib/gcc/nios2-elf/4.9.2/../../../../../H-x86_64-pc-linux-gnu/nios2-elf/lib/libc.a(lib_a-strlen.o)
 .bss           0x000000000800acc0        0x0 /home/quartus/altera/15.1/nios2eds/bin/gnu/H-x86_64-pc-linux-gnu/bin/../lib/gcc/nios2-elf/4.9.2/../../../../../H-x86_64-pc-linux-gnu/nios2-elf/lib/libc.a(lib_a-fvwrite.o)
 .bss           0x000000000800acc0        0x0 /home/quartus/altera/15.1/nios2eds/bin/gnu/H-x86_64-pc-linux-gnu/bin/../lib/gcc/nios2-elf/4.9.2/../../../../../H-x86_64-pc-linux-gnu/nios2-elf/lib/libc.a(lib_a-impure.o)
 .bss           0x000000000800acc0        0x0 /home/quartus/altera/15.1/nios2eds/bin/gnu/H-x86_64-pc-linux-gnu/bin/../lib/gcc/nios2-elf/4.9.2/../../../../../H-x86_64-pc-linux-gnu/nios2-elf/lib/libc.a(lib_a-mallocr.o)
 .bss.__malloc_current_mallinfo
                0x000000000800acc0       0x28 /home/quartus/altera/15.1/nios2eds/bin/gnu/H-x86_64-pc-linux-gnu/bin/../lib/gcc/nios2-elf/4.9.2/../../../../../H-x86_64-pc-linux-gnu/nios2-elf/lib/libc.a(lib_a-mallocr.o)
                0x000000000800acc0                __malloc_current_mallinfo
 .bss           0x000000000800ace8        0x0 /home/quartus/altera/15.1/nios2eds/bin/gnu/H-x86_64-pc-linux-gnu/bin/../lib/gcc/nios2-elf/4.9.2/../../../../../H-x86_64-pc-linux-gnu/nios2-elf/lib/libc.a(lib_a-memchr.o)
 .bss           0x000000000800ace8        0x0 /home/quartus/altera/15.1/nios2eds/bin/gnu/H-x86_64-pc-linux-gnu/bin/../lib/gcc/nios2-elf/4.9.2/../../../../../H-x86_64-pc-linux-gnu/nios2-elf/lib/libc.a(lib_a-memcpy.o)
 .bss           0x000000000800ace8        0x0 /home/quartus/altera/15.1/nios2eds/bin/gnu/H-x86_64-pc-linux-gnu/bin/../lib/gcc/nios2-elf/4.9.2/../../../../../H-x86_64-pc-linux-gnu/nios2-elf/lib/libc.a(lib_a-memmove.o)
 .bss           0x000000000800ace8        0x0 /home/quartus/altera/15.1/nios2eds/bin/gnu/H-x86_64-pc-linux-gnu/bin/../lib/gcc/nios2-elf/4.9.2/../../../../../H-x86_64-pc-linux-gnu/nios2-elf/lib/libc.a(lib_a-reallocr.o)
 .bss           0x000000000800ace8        0x0 /home/quartus/altera/15.1/nios2eds/bin/gnu/H-x86_64-pc-linux-gnu/bin/../lib/gcc/nios2-elf/4.9.2/../../../../../H-x86_64-pc-linux-gnu/nios2-elf/lib/libc.a(lib_a-sbrkr.o)
 .bss           0x000000000800ace8        0x0 /home/quartus/altera/15.1/nios2eds/bin/gnu/H-x86_64-pc-linux-gnu/bin/../lib/gcc/nios2-elf/4.9.2/../../../../../H-x86_64-pc-linux-gnu/nios2-elf/lib/libc.a(lib_a-wsetup.o)
 .bss           0x000000000800ace8        0x0 /home/quartus/altera/15.1/nios2eds/bin/gnu/H-x86_64-pc-linux-gnu/bin/../lib/gcc/nios2-elf/4.9.2/../../../../../H-x86_64-pc-linux-gnu/nios2-elf/lib/libc.a(lib_a-fflush.o)
 .bss           0x000000000800ace8        0x0 /home/quartus/altera/15.1/nios2eds/bin/gnu/H-x86_64-pc-linux-gnu/bin/../lib/gcc/nios2-elf/4.9.2/../../../../../H-x86_64-pc-linux-gnu/nios2-elf/lib/libc.a(lib_a-findfp.o)
 .bss           0x000000000800ace8        0x0 /home/quartus/altera/15.1/nios2eds/bin/gnu/H-x86_64-pc-linux-gnu/bin/../lib/gcc/nios2-elf/4.9.2/../../../../../H-x86_64-pc-linux-gnu/nios2-elf/lib/libc.a(lib_a-freer.o)
 .bss           0x000000000800ace8        0x0 /home/quartus/altera/15.1/nios2eds/bin/gnu/H-x86_64-pc-linux-gnu/bin/../lib/gcc/nios2-elf/4.9.2/../../../../../H-x86_64-pc-linux-gnu/nios2-elf/lib/libc.a(lib_a-fwalk.o)
 .bss           0x000000000800ace8        0x0 /home/quartus/altera/15.1/nios2eds/bin/gnu/H-x86_64-pc-linux-gnu/bin/../lib/gcc/nios2-elf/4.9.2/../../../../../H-x86_64-pc-linux-gnu/nios2-elf/lib/libc.a(lib_a-int_errno.o)
 .bss           0x000000000800ace8        0x0 /home/quartus/altera/15.1/nios2eds/bin/gnu/H-x86_64-pc-linux-gnu/bin/../lib/gcc/nios2-elf/4.9.2/../../../../../H-x86_64-pc-linux-gnu/nios2-elf/lib/libc.a(lib_a-makebuf.o)
 .bss           0x000000000800ace8        0x0 /home/quartus/altera/15.1/nios2eds/bin/gnu/H-x86_64-pc-linux-gnu/bin/../lib/gcc/nios2-elf/4.9.2/../../../../../H-x86_64-pc-linux-gnu/nios2-elf/lib/libc.a(lib_a-memset.o)
 .bss           0x000000000800ace8        0x0 /home/quartus/altera/15.1/nios2eds/bin/gnu/H-x86_64-pc-linux-gnu/bin/../lib/gcc/nios2-elf/4.9.2/../../../../../H-x86_64-pc-linux-gnu/nios2-elf/lib/libc.a(lib_a-stdio.o)
 .bss           0x000000000800ace8        0x0 /home/quartus/altera/15.1/nios2eds/bin/gnu/H-x86_64-pc-linux-gnu/bin/../lib/gcc/nios2-elf/4.9.2/../../../../../H-x86_64-pc-linux-gnu/nios2-elf/lib/libc.a(lib_a-writer.o)
 .bss           0x000000000800ace8        0x0 /home/quartus/altera/15.1/nios2eds/bin/gnu/H-x86_64-pc-linux-gnu/bin/../lib/gcc/nios2-elf/4.9.2/../../../../../H-x86_64-pc-linux-gnu/nios2-elf/lib/libc.a(closer.o)
 .bss           0x000000000800ace8        0x0 /home/quartus/altera/15.1/nios2eds/bin/gnu/H-x86_64-pc-linux-gnu/bin/../lib/gcc/nios2-elf/4.9.2/../../../../../H-x86_64-pc-linux-gnu/nios2-elf/lib/libc.a(lib_a-fclose.o)
 .bss           0x000000000800ace8        0x0 /home/quartus/altera/15.1/nios2eds/bin/gnu/H-x86_64-pc-linux-gnu/bin/../lib/gcc/nios2-elf/4.9.2/../../../../../H-x86_64-pc-linux-gnu/nios2-elf/lib/libc.a(lib_a-fstatr.o)
 .bss           0x000000000800ace8        0x0 /home/quartus/altera/15.1/nios2eds/bin/gnu/H-x86_64-pc-linux-gnu/bin/../lib/gcc/nios2-elf/4.9.2/../../../../../H-x86_64-pc-linux-gnu/nios2-elf/lib/libc.a(lib_a-isattyr.o)
 .bss           0x000000000800ace8        0x0 /home/quartus/altera/15.1/nios2eds/bin/gnu/H-x86_64-pc-linux-gnu/bin/../lib/gcc/nios2-elf/4.9.2/../../../../../H-x86_64-pc-linux-gnu/nios2-elf/lib/libc.a(lib_a-lseekr.o)
 .bss           0x000000000800ace8        0x0 /home/quartus/altera/15.1/nios2eds/bin/gnu/H-x86_64-pc-linux-gnu/bin/../lib/gcc/nios2-elf/4.9.2/../../../../../H-x86_64-pc-linux-gnu/nios2-elf/lib/libc.a(lib_a-readr.o)
 .bss           0x000000000800ace8        0x0 /home/quartus/altera/15.1/nios2eds/bin/gnu/H-x86_64-pc-linux-gnu/bin/../lib/gcc/nios2-elf/4.9.2/libgcc.a(lib2-divmod.o)
 .bss           0x000000000800ace8        0x0 ../tset_bsp//libhal_bsp.a(alt_close.o)
 .bss           0x000000000800ace8        0x0 ../tset_bsp//libhal_bsp.a(alt_dev.o)
 .bss           0x000000000800ace8        0x0 ../tset_bsp//libhal_bsp.a(alt_errno.o)
 .bss           0x000000000800ace8        0x0 ../tset_bsp//libhal_bsp.a(alt_fstat.o)
 .bss           0x000000000800ace8        0x0 ../tset_bsp//libhal_bsp.a(alt_isatty.o)
 .bss           0x000000000800ace8        0x0 ../tset_bsp//libhal_bsp.a(alt_load.o)
 .bss           0x000000000800ace8        0x0 ../tset_bsp//libhal_bsp.a(alt_lseek.o)
 .bss           0x000000000800ace8        0x0 ../tset_bsp//libhal_bsp.a(alt_main.o)
 .bss           0x000000000800ace8        0x0 ../tset_bsp//libhal_bsp.a(alt_malloc_lock.o)
 .bss           0x000000000800ace8        0x0 ../tset_bsp//libhal_bsp.a(alt_read.o)
 .bss           0x000000000800ace8        0x0 ../tset_bsp//libhal_bsp.a(alt_release_fd.o)
 .bss           0x000000000800ace8        0x0 ../tset_bsp//libhal_bsp.a(alt_sbrk.o)
 .bss           0x000000000800ace8        0x0 ../tset_bsp//libhal_bsp.a(alt_write.o)
 .bss           0x000000000800ace8        0x0 ../tset_bsp//libhal_bsp.a(alt_sys_init.o)
 .bss           0x000000000800ace8        0x0 ../tset_bsp//libhal_bsp.a(altera_avalon_jtag_uart_fd.o)
 .bss           0x000000000800ace8        0x0 ../tset_bsp//libhal_bsp.a(altera_avalon_jtag_uart_init.o)
 .bss           0x000000000800ace8        0x0 ../tset_bsp//libhal_bsp.a(altera_avalon_jtag_uart_ioctl.o)
 .bss           0x000000000800ace8        0x0 ../tset_bsp//libhal_bsp.a(altera_avalon_jtag_uart_read.o)
 .bss           0x000000000800ace8        0x0 ../tset_bsp//libhal_bsp.a(altera_avalon_jtag_uart_write.o)
 .bss           0x000000000800ace8        0x0 ../tset_bsp//libhal_bsp.a(altera_avalon_lcd_16207.o)
 .bss           0x000000000800ace8        0x0 ../tset_bsp//libhal_bsp.a(altera_avalon_lcd_16207_fd.o)
 .bss           0x000000000800ace8        0x0 ../tset_bsp//libhal_bsp.a(altera_avalon_timer_sc.o)
 .bss           0x000000000800ace8        0x0 ../tset_bsp//libhal_bsp.a(altera_avalon_uart_fd.o)
 .bss           0x000000000800ace8        0x0 ../tset_bsp//libhal_bsp.a(altera_avalon_uart_init.o)
 .bss           0x000000000800ace8        0x0 ../tset_bsp//libhal_bsp.a(altera_avalon_uart_read.o)
 .bss           0x000000000800ace8        0x0 ../tset_bsp//libhal_bsp.a(altera_avalon_uart_write.o)
 .bss           0x000000000800ace8        0x0 ../tset_bsp//libhal_bsp.a(alt_alarm_start.o)
 .bss           0x000000000800ace8        0x0 ../tset_bsp//libhal_bsp.a(alt_dcache_flush_all.o)
 .bss           0x000000000800ace8        0x0 ../tset_bsp//libhal_bsp.a(alt_dev_llist_insert.o)
 .bss           0x000000000800ace8        0x0 ../tset_bsp//libhal_bsp.a(alt_do_ctors.o)
 .bss           0x000000000800ace8        0x0 ../tset_bsp//libhal_bsp.a(alt_do_dtors.o)
 .bss           0x000000000800ace8        0x0 ../tset_bsp//libhal_bsp.a(alt_icache_flush_all.o)
 .bss           0x000000000800ace8        0x0 ../tset_bsp//libhal_bsp.a(alt_iic.o)
 .bss           0x000000000800ace8        0x0 ../tset_bsp//libhal_bsp.a(alt_iic_isr_register.o)
 .bss           0x000000000800ace8        0x0 ../tset_bsp//libhal_bsp.a(alt_io_redirect.o)
 .bss           0x000000000800ace8        0x0 ../tset_bsp//libhal_bsp.a(alt_irq_entry.o)
 .bss           0x000000000800ace8        0x0 ../tset_bsp//libhal_bsp.a(alt_irq_handler.o)
 .bss           0x000000000800ace8        0x0 ../tset_bsp//libhal_bsp.a(alt_irq_vars.o)
 .bss           0x000000000800ace8        0x0 ../tset_bsp//libhal_bsp.a(alt_open.o)
 .bss           0x000000000800ace8        0x0 ../tset_bsp//libhal_bsp.a(alt_tick.o)
 .bss           0x000000000800ace8        0x0 ../tset_bsp//libhal_bsp.a(alt_usleep.o)
 .bss           0x000000000800ace8        0x0 ../tset_bsp//libhal_bsp.a(altera_nios2_gen2_irq.o)
 .bss           0x000000000800ace8        0x0 ../tset_bsp//libhal_bsp.a(alt_busy_sleep.o)
 .bss           0x000000000800ace8        0x0 ../tset_bsp//libhal_bsp.a(alt_exception_entry.o)
 .bss           0x000000000800ace8        0x0 ../tset_bsp//libhal_bsp.a(alt_find_dev.o)
 .bss           0x000000000800ace8        0x0 ../tset_bsp//libhal_bsp.a(alt_find_file.o)
 .bss           0x000000000800ace8        0x0 ../tset_bsp//libhal_bsp.a(alt_get_fd.o)
 .bss           0x000000000800ace8        0x0 ../tset_bsp//libhal_bsp.a(alt_icache_flush.o)
 .bss           0x000000000800ace8        0x0 ../tset_bsp//libhal_bsp.a(alt_instruction_exception_entry.o)
 .bss           0x000000000800ace8        0x0 /home/quartus/altera/15.1/nios2eds/bin/gnu/H-x86_64-pc-linux-gnu/bin/../lib/gcc/nios2-elf/4.9.2/../../../../../H-x86_64-pc-linux-gnu/nios2-elf/lib/libc.a(lib_a-atexit.o)
 .bss           0x000000000800ace8        0x0 /home/quartus/altera/15.1/nios2eds/bin/gnu/H-x86_64-pc-linux-gnu/bin/../lib/gcc/nios2-elf/4.9.2/../../../../../H-x86_64-pc-linux-gnu/nios2-elf/lib/libc.a(lib_a-ctype_.o)
 .bss           0x000000000800ace8        0x0 /home/quartus/altera/15.1/nios2eds/bin/gnu/H-x86_64-pc-linux-gnu/bin/../lib/gcc/nios2-elf/4.9.2/../../../../../H-x86_64-pc-linux-gnu/nios2-elf/lib/libc.a(lib_a-exit.o)
 .bss           0x000000000800ace8        0x0 /home/quartus/altera/15.1/nios2eds/bin/gnu/H-x86_64-pc-linux-gnu/bin/../lib/gcc/nios2-elf/4.9.2/../../../../../H-x86_64-pc-linux-gnu/nios2-elf/lib/libc.a(lib_a-memcmp.o)
 .bss           0x000000000800ace8        0x0 /home/quartus/altera/15.1/nios2eds/bin/gnu/H-x86_64-pc-linux-gnu/bin/../lib/gcc/nios2-elf/4.9.2/../../../../../H-x86_64-pc-linux-gnu/nios2-elf/lib/libc.a(lib_a-__atexit.o)
 .bss           0x000000000800ace8        0x0 /home/quartus/altera/15.1/nios2eds/bin/gnu/H-x86_64-pc-linux-gnu/bin/../lib/gcc/nios2-elf/4.9.2/../../../../../H-x86_64-pc-linux-gnu/nios2-elf/lib/libc.a(lib_a-__call_atexit.o)
 .bss           0x000000000800ace8        0x0 ../tset_bsp//libhal_bsp.a(alt_exit.o)
 *(COMMON)
 COMMON         0x000000000800ace8      0x100 ../tset_bsp//libhal_bsp.a(alt_irq_handler.o)
                0x000000000800ace8                alt_irq
                0x000000000800ade8                . = ALIGN (0x4)
                0x000000000800ade8                __bss_end = ABSOLUTE (.)

.sdram          0x000000000800ade8        0x0
                0x000000000800ade8                PROVIDE (_alt_partition_sdram_start, ABSOLUTE (.))
 *(.sdram .sdram. sdram.*)
                0x000000000800ade8                . = ALIGN (0x4)
                0x000000000800ade8                PROVIDE (_alt_partition_sdram_end, ABSOLUTE (.))
                0x000000000800ade8                _end = ABSOLUTE (.)
                0x000000000800ade8                end = ABSOLUTE (.)
                0x000000000800ade8                __alt_stack_base = ABSOLUTE (.)
                0x000000000800ade8                PROVIDE (_alt_partition_sdram_load_addr, LOADADDR (.sdram))

.sram           0x0000000010200000        0x0 load address 0x000000000800ade8
                0x0000000010200000                PROVIDE (_alt_partition_sram_start, ABSOLUTE (.))
 *(.sram .sram. sram.*)
                0x0000000010200000                . = ALIGN (0x4)
                0x0000000010200000                PROVIDE (_alt_partition_sram_end, ABSOLUTE (.))
                0x000000000800ade8                PROVIDE (_alt_partition_sram_load_addr, LOADADDR (.sram))

.onchip_memory  0x0000000010408240        0x0 load address 0x000000000800ade8
                0x0000000010408240                PROVIDE (_alt_partition_onchip_memory_start, ABSOLUTE (.))
 *(.onchip_memory .onchip_memory. onchip_memory.*)
                0x0000000010408240                . = ALIGN (0x4)
                0x0000000010408240                PROVIDE (_alt_partition_onchip_memory_end, ABSOLUTE (.))
                0x000000000800ade8                PROVIDE (_alt_partition_onchip_memory_load_addr, LOADADDR (.onchip_memory))

.stab
 *(.stab)

.stabstr
 *(.stabstr)

.stab.excl
 *(.stab.excl)

.stab.exclstr
 *(.stab.exclstr)

.stab.index
 *(.stab.index)

.stab.indexstr
 *(.stab.indexstr)

.comment        0x0000000000000000       0x23
 *(.comment)
 .comment       0x0000000000000000       0x23 obj/default/hello_world.o
                                         0x24 (size before relaxing)
 .comment       0x0000000000000000       0x24 /home/quartus/altera/15.1/nios2eds/bin/gnu/H-x86_64-pc-linux-gnu/bin/../lib/gcc/nios2-elf/4.9.2/../../../../../H-x86_64-pc-linux-gnu/nios2-elf/lib/libc.a(lib_a-puts.o)
 .comment       0x0000000000000000       0x24 /home/quartus/altera/15.1/nios2eds/bin/gnu/H-x86_64-pc-linux-gnu/bin/../lib/gcc/nios2-elf/4.9.2/../../../../../H-x86_64-pc-linux-gnu/nios2-elf/lib/libc.a(lib_a-strlen.o)
 .comment       0x0000000000000000       0x24 /home/quartus/altera/15.1/nios2eds/bin/gnu/H-x86_64-pc-linux-gnu/bin/../lib/gcc/nios2-elf/4.9.2/../../../../../H-x86_64-pc-linux-gnu/nios2-elf/lib/libc.a(lib_a-fvwrite.o)
 .comment       0x0000000000000000       0x24 /home/quartus/altera/15.1/nios2eds/bin/gnu/H-x86_64-pc-linux-gnu/bin/../lib/gcc/nios2-elf/4.9.2/../../../../../H-x86_64-pc-linux-gnu/nios2-elf/lib/libc.a(lib_a-impure.o)
 .comment       0x0000000000000000       0x24 /home/quartus/altera/15.1/nios2eds/bin/gnu/H-x86_64-pc-linux-gnu/bin/../lib/gcc/nios2-elf/4.9.2/../../../../../H-x86_64-pc-linux-gnu/nios2-elf/lib/libc.a(lib_a-mallocr.o)
 .comment       0x0000000000000000       0x24 /home/quartus/altera/15.1/nios2eds/bin/gnu/H-x86_64-pc-linux-gnu/bin/../lib/gcc/nios2-elf/4.9.2/../../../../../H-x86_64-pc-linux-gnu/nios2-elf/lib/libc.a(lib_a-memchr.o)
 .comment       0x0000000000000000       0x24 /home/quartus/altera/15.1/nios2eds/bin/gnu/H-x86_64-pc-linux-gnu/bin/../lib/gcc/nios2-elf/4.9.2/../../../../../H-x86_64-pc-linux-gnu/nios2-elf/lib/libc.a(lib_a-memcpy.o)
 .comment       0x0000000000000000       0x24 /home/quartus/altera/15.1/nios2eds/bin/gnu/H-x86_64-pc-linux-gnu/bin/../lib/gcc/nios2-elf/4.9.2/../../../../../H-x86_64-pc-linux-gnu/nios2-elf/lib/libc.a(lib_a-memmove.o)
 .comment       0x0000000000000000       0x24 /home/quartus/altera/15.1/nios2eds/bin/gnu/H-x86_64-pc-linux-gnu/bin/../lib/gcc/nios2-elf/4.9.2/../../../../../H-x86_64-pc-linux-gnu/nios2-elf/lib/libc.a(lib_a-reallocr.o)
 .comment       0x0000000000000000       0x24 /home/quartus/altera/15.1/nios2eds/bin/gnu/H-x86_64-pc-linux-gnu/bin/../lib/gcc/nios2-elf/4.9.2/../../../../../H-x86_64-pc-linux-gnu/nios2-elf/lib/libc.a(lib_a-sbrkr.o)
 .comment       0x0000000000000000       0x24 /home/quartus/altera/15.1/nios2eds/bin/gnu/H-x86_64-pc-linux-gnu/bin/../lib/gcc/nios2-elf/4.9.2/../../../../../H-x86_64-pc-linux-gnu/nios2-elf/lib/libc.a(lib_a-wsetup.o)
 .comment       0x0000000000000000       0x24 /home/quartus/altera/15.1/nios2eds/bin/gnu/H-x86_64-pc-linux-gnu/bin/../lib/gcc/nios2-elf/4.9.2/../../../../../H-x86_64-pc-linux-gnu/nios2-elf/lib/libc.a(lib_a-fflush.o)
 .comment       0x0000000000000000       0x24 /home/quartus/altera/15.1/nios2eds/bin/gnu/H-x86_64-pc-linux-gnu/bin/../lib/gcc/nios2-elf/4.9.2/../../../../../H-x86_64-pc-linux-gnu/nios2-elf/lib/libc.a(lib_a-findfp.o)
 .comment       0x0000000000000000       0x24 /home/quartus/altera/15.1/nios2eds/bin/gnu/H-x86_64-pc-linux-gnu/bin/../lib/gcc/nios2-elf/4.9.2/../../../../../H-x86_64-pc-linux-gnu/nios2-elf/lib/libc.a(lib_a-freer.o)
 .comment       0x0000000000000000       0x24 /home/quartus/altera/15.1/nios2eds/bin/gnu/H-x86_64-pc-linux-gnu/bin/../lib/gcc/nios2-elf/4.9.2/../../../../../H-x86_64-pc-linux-gnu/nios2-elf/lib/libc.a(lib_a-fwalk.o)
 .comment       0x0000000000000000       0x24 /home/quartus/altera/15.1/nios2eds/bin/gnu/H-x86_64-pc-linux-gnu/bin/../lib/gcc/nios2-elf/4.9.2/../../../../../H-x86_64-pc-linux-gnu/nios2-elf/lib/libc.a(lib_a-int_errno.o)
 .comment       0x0000000000000000       0x24 /home/quartus/altera/15.1/nios2eds/bin/gnu/H-x86_64-pc-linux-gnu/bin/../lib/gcc/nios2-elf/4.9.2/../../../../../H-x86_64-pc-linux-gnu/nios2-elf/lib/libc.a(lib_a-makebuf.o)
 .comment       0x0000000000000000       0x24 /home/quartus/altera/15.1/nios2eds/bin/gnu/H-x86_64-pc-linux-gnu/bin/../lib/gcc/nios2-elf/4.9.2/../../../../../H-x86_64-pc-linux-gnu/nios2-elf/lib/libc.a(lib_a-memset.o)
 .comment       0x0000000000000000       0x24 /home/quartus/altera/15.1/nios2eds/bin/gnu/H-x86_64-pc-linux-gnu/bin/../lib/gcc/nios2-elf/4.9.2/../../../../../H-x86_64-pc-linux-gnu/nios2-elf/lib/libc.a(lib_a-stdio.o)
 .comment       0x0000000000000000       0x24 /home/quartus/altera/15.1/nios2eds/bin/gnu/H-x86_64-pc-linux-gnu/bin/../lib/gcc/nios2-elf/4.9.2/../../../../../H-x86_64-pc-linux-gnu/nios2-elf/lib/libc.a(lib_a-writer.o)
 .comment       0x0000000000000000       0x24 /home/quartus/altera/15.1/nios2eds/bin/gnu/H-x86_64-pc-linux-gnu/bin/../lib/gcc/nios2-elf/4.9.2/../../../../../H-x86_64-pc-linux-gnu/nios2-elf/lib/libc.a(closer.o)
 .comment       0x0000000000000000       0x24 /home/quartus/altera/15.1/nios2eds/bin/gnu/H-x86_64-pc-linux-gnu/bin/../lib/gcc/nios2-elf/4.9.2/../../../../../H-x86_64-pc-linux-gnu/nios2-elf/lib/libc.a(lib_a-fclose.o)
 .comment       0x0000000000000000       0x24 /home/quartus/altera/15.1/nios2eds/bin/gnu/H-x86_64-pc-linux-gnu/bin/../lib/gcc/nios2-elf/4.9.2/../../../../../H-x86_64-pc-linux-gnu/nios2-elf/lib/libc.a(lib_a-fstatr.o)
 .comment       0x0000000000000000       0x24 /home/quartus/altera/15.1/nios2eds/bin/gnu/H-x86_64-pc-linux-gnu/bin/../lib/gcc/nios2-elf/4.9.2/../../../../../H-x86_64-pc-linux-gnu/nios2-elf/lib/libc.a(lib_a-isattyr.o)
 .comment       0x0000000000000000       0x24 /home/quartus/altera/15.1/nios2eds/bin/gnu/H-x86_64-pc-linux-gnu/bin/../lib/gcc/nios2-elf/4.9.2/../../../../../H-x86_64-pc-linux-gnu/nios2-elf/lib/libc.a(lib_a-lseekr.o)
 .comment       0x0000000000000000       0x24 /home/quartus/altera/15.1/nios2eds/bin/gnu/H-x86_64-pc-linux-gnu/bin/../lib/gcc/nios2-elf/4.9.2/../../../../../H-x86_64-pc-linux-gnu/nios2-elf/lib/libc.a(lib_a-readr.o)
 .comment       0x0000000000000000       0x24 /home/quartus/altera/15.1/nios2eds/bin/gnu/H-x86_64-pc-linux-gnu/bin/../lib/gcc/nios2-elf/4.9.2/libgcc.a(lib2-divmod.o)
 .comment       0x0000000000000000       0x24 ../tset_bsp//libhal_bsp.a(alt_close.o)
 .comment       0x0000000000000000       0x24 ../tset_bsp//libhal_bsp.a(alt_dev.o)
 .comment       0x0000000000000000       0x24 ../tset_bsp//libhal_bsp.a(alt_errno.o)
 .comment       0x0000000000000000       0x24 ../tset_bsp//libhal_bsp.a(alt_fstat.o)
 .comment       0x0000000000000000       0x24 ../tset_bsp//libhal_bsp.a(alt_isatty.o)
 .comment       0x0000000000000000       0x24 ../tset_bsp//libhal_bsp.a(alt_load.o)
 .comment       0x0000000000000000       0x24 ../tset_bsp//libhal_bsp.a(alt_lseek.o)
 .comment       0x0000000000000000       0x24 ../tset_bsp//libhal_bsp.a(alt_main.o)
 .comment       0x0000000000000000       0x24 ../tset_bsp//libhal_bsp.a(alt_malloc_lock.o)
 .comment       0x0000000000000000       0x24 ../tset_bsp//libhal_bsp.a(alt_read.o)
 .comment       0x0000000000000000       0x24 ../tset_bsp//libhal_bsp.a(alt_release_fd.o)
 .comment       0x0000000000000000       0x24 ../tset_bsp//libhal_bsp.a(alt_sbrk.o)
 .comment       0x0000000000000000       0x24 ../tset_bsp//libhal_bsp.a(alt_write.o)
 .comment       0x0000000000000000       0x24 ../tset_bsp//libhal_bsp.a(alt_sys_init.o)
 .comment       0x0000000000000000       0x24 ../tset_bsp//libhal_bsp.a(altera_avalon_jtag_uart_fd.o)
 .comment       0x0000000000000000       0x24 ../tset_bsp//libhal_bsp.a(altera_avalon_jtag_uart_init.o)
 .comment       0x0000000000000000       0x24 ../tset_bsp//libhal_bsp.a(altera_avalon_jtag_uart_ioctl.o)
 .comment       0x0000000000000000       0x24 ../tset_bsp//libhal_bsp.a(altera_avalon_jtag_uart_read.o)
 .comment       0x0000000000000000       0x24 ../tset_bsp//libhal_bsp.a(altera_avalon_jtag_uart_write.o)
 .comment       0x0000000000000000       0x24 ../tset_bsp//libhal_bsp.a(altera_avalon_lcd_16207.o)
 .comment       0x0000000000000000       0x24 ../tset_bsp//libhal_bsp.a(altera_avalon_lcd_16207_fd.o)
 .comment       0x0000000000000000       0x24 ../tset_bsp//libhal_bsp.a(altera_avalon_timer_sc.o)
 .comment       0x0000000000000000       0x24 ../tset_bsp//libhal_bsp.a(altera_avalon_uart_fd.o)
 .comment       0x0000000000000000       0x24 ../tset_bsp//libhal_bsp.a(altera_avalon_uart_init.o)
 .comment       0x0000000000000000       0x24 ../tset_bsp//libhal_bsp.a(altera_avalon_uart_read.o)
 .comment       0x0000000000000000       0x24 ../tset_bsp//libhal_bsp.a(altera_avalon_uart_write.o)
 .comment       0x0000000000000000       0x24 ../tset_bsp//libhal_bsp.a(alt_alarm_start.o)
 .comment       0x0000000000000000       0x24 ../tset_bsp//libhal_bsp.a(alt_dcache_flush_all.o)
 .comment       0x0000000000000000       0x24 ../tset_bsp//libhal_bsp.a(alt_dev_llist_insert.o)
 .comment       0x0000000000000000       0x24 ../tset_bsp//libhal_bsp.a(alt_do_ctors.o)
 .comment       0x0000000000000000       0x24 ../tset_bsp//libhal_bsp.a(alt_do_dtors.o)
 .comment       0x0000000000000000       0x24 ../tset_bsp//libhal_bsp.a(alt_icache_flush_all.o)
 .comment       0x0000000000000000       0x24 ../tset_bsp//libhal_bsp.a(alt_iic.o)
 .comment       0x0000000000000000       0x24 ../tset_bsp//libhal_bsp.a(alt_iic_isr_register.o)
 .comment       0x0000000000000000       0x24 ../tset_bsp//libhal_bsp.a(alt_io_redirect.o)
 .comment       0x0000000000000000       0x24 ../tset_bsp//libhal_bsp.a(alt_irq_handler.o)
 .comment       0x0000000000000000       0x24 ../tset_bsp//libhal_bsp.a(alt_irq_vars.o)
 .comment       0x0000000000000000       0x24 ../tset_bsp//libhal_bsp.a(alt_open.o)
 .comment       0x0000000000000000       0x24 ../tset_bsp//libhal_bsp.a(alt_tick.o)
 .comment       0x0000000000000000       0x24 ../tset_bsp//libhal_bsp.a(alt_usleep.o)
 .comment       0x0000000000000000       0x24 ../tset_bsp//libhal_bsp.a(altera_nios2_gen2_irq.o)
 .comment       0x0000000000000000       0x24 ../tset_bsp//libhal_bsp.a(alt_busy_sleep.o)
 .comment       0x0000000000000000       0x24 ../tset_bsp//libhal_bsp.a(alt_find_dev.o)
 .comment       0x0000000000000000       0x24 ../tset_bsp//libhal_bsp.a(alt_find_file.o)
 .comment       0x0000000000000000       0x24 ../tset_bsp//libhal_bsp.a(alt_get_fd.o)
 .comment       0x0000000000000000       0x24 ../tset_bsp//libhal_bsp.a(alt_icache_flush.o)
 .comment       0x0000000000000000       0x24 ../tset_bsp//libhal_bsp.a(alt_instruction_exception_entry.o)
 .comment       0x0000000000000000       0x24 /home/quartus/altera/15.1/nios2eds/bin/gnu/H-x86_64-pc-linux-gnu/bin/../lib/gcc/nios2-elf/4.9.2/../../../../../H-x86_64-pc-linux-gnu/nios2-elf/lib/libc.a(lib_a-atexit.o)
 .comment       0x0000000000000000       0x24 /home/quartus/altera/15.1/nios2eds/bin/gnu/H-x86_64-pc-linux-gnu/bin/../lib/gcc/nios2-elf/4.9.2/../../../../../H-x86_64-pc-linux-gnu/nios2-elf/lib/libc.a(lib_a-ctype_.o)
 .comment       0x0000000000000000       0x24 /home/quartus/altera/15.1/nios2eds/bin/gnu/H-x86_64-pc-linux-gnu/bin/../lib/gcc/nios2-elf/4.9.2/../../../../../H-x86_64-pc-linux-gnu/nios2-elf/lib/libc.a(lib_a-exit.o)
 .comment       0x0000000000000000       0x24 /home/quartus/altera/15.1/nios2eds/bin/gnu/H-x86_64-pc-linux-gnu/bin/../lib/gcc/nios2-elf/4.9.2/../../../../../H-x86_64-pc-linux-gnu/nios2-elf/lib/libc.a(lib_a-memcmp.o)
 .comment       0x0000000000000000       0x24 /home/quartus/altera/15.1/nios2eds/bin/gnu/H-x86_64-pc-linux-gnu/bin/../lib/gcc/nios2-elf/4.9.2/../../../../../H-x86_64-pc-linux-gnu/nios2-elf/lib/libc.a(lib_a-__atexit.o)
 .comment       0x0000000000000000       0x24 /home/quartus/altera/15.1/nios2eds/bin/gnu/H-x86_64-pc-linux-gnu/bin/../lib/gcc/nios2-elf/4.9.2/../../../../../H-x86_64-pc-linux-gnu/nios2-elf/lib/libc.a(lib_a-__call_atexit.o)
 .comment       0x0000000000000000       0x24 ../tset_bsp//libhal_bsp.a(alt_exit.o)

.debug
 *(.debug)

.line
 *(.line)

.debug_srcinfo
 *(.debug_srcinfo)

.debug_sfnames
 *(.debug_sfnames)

.debug_aranges  0x0000000000000000      0xb68
 *(.debug_aranges)
 .debug_aranges
                0x0000000000000000       0x28 ../tset_bsp//obj/HAL/src/crt0.o
 .debug_aranges
                0x0000000000000028       0x20 obj/default/hello_world.o
 .debug_aranges
                0x0000000000000048       0x28 /home/quartus/altera/15.1/nios2eds/bin/gnu/H-x86_64-pc-linux-gnu/bin/../lib/gcc/nios2-elf/4.9.2/../../../../../H-x86_64-pc-linux-gnu/nios2-elf/lib/libc.a(lib_a-puts.o)
 .debug_aranges
                0x0000000000000070       0x20 /home/quartus/altera/15.1/nios2eds/bin/gnu/H-x86_64-pc-linux-gnu/bin/../lib/gcc/nios2-elf/4.9.2/../../../../../H-x86_64-pc-linux-gnu/nios2-elf/lib/libc.a(lib_a-strlen.o)
 .debug_aranges
                0x0000000000000090       0x20 /home/quartus/altera/15.1/nios2eds/bin/gnu/H-x86_64-pc-linux-gnu/bin/../lib/gcc/nios2-elf/4.9.2/../../../../../H-x86_64-pc-linux-gnu/nios2-elf/lib/libc.a(lib_a-fvwrite.o)
 .debug_aranges
                0x00000000000000b0       0x18 /home/quartus/altera/15.1/nios2eds/bin/gnu/H-x86_64-pc-linux-gnu/bin/../lib/gcc/nios2-elf/4.9.2/../../../../../H-x86_64-pc-linux-gnu/nios2-elf/lib/libc.a(lib_a-impure.o)
 .debug_aranges
                0x00000000000000c8       0x20 /home/quartus/altera/15.1/nios2eds/bin/gnu/H-x86_64-pc-linux-gnu/bin/../lib/gcc/nios2-elf/4.9.2/../../../../../H-x86_64-pc-linux-gnu/nios2-elf/lib/libc.a(lib_a-mallocr.o)
 .debug_aranges
                0x00000000000000e8       0x20 /home/quartus/altera/15.1/nios2eds/bin/gnu/H-x86_64-pc-linux-gnu/bin/../lib/gcc/nios2-elf/4.9.2/../../../../../H-x86_64-pc-linux-gnu/nios2-elf/lib/libc.a(lib_a-memchr.o)
 .debug_aranges
                0x0000000000000108       0x20 /home/quartus/altera/15.1/nios2eds/bin/gnu/H-x86_64-pc-linux-gnu/bin/../lib/gcc/nios2-elf/4.9.2/../../../../../H-x86_64-pc-linux-gnu/nios2-elf/lib/libc.a(lib_a-memcpy.o)
 .debug_aranges
                0x0000000000000128       0x20 /home/quartus/altera/15.1/nios2eds/bin/gnu/H-x86_64-pc-linux-gnu/bin/../lib/gcc/nios2-elf/4.9.2/../../../../../H-x86_64-pc-linux-gnu/nios2-elf/lib/libc.a(lib_a-memmove.o)
 .debug_aranges
                0x0000000000000148       0x20 /home/quartus/altera/15.1/nios2eds/bin/gnu/H-x86_64-pc-linux-gnu/bin/../lib/gcc/nios2-elf/4.9.2/../../../../../H-x86_64-pc-linux-gnu/nios2-elf/lib/libc.a(lib_a-reallocr.o)
 .debug_aranges
                0x0000000000000168       0x20 /home/quartus/altera/15.1/nios2eds/bin/gnu/H-x86_64-pc-linux-gnu/bin/../lib/gcc/nios2-elf/4.9.2/../../../../../H-x86_64-pc-linux-gnu/nios2-elf/lib/libc.a(lib_a-sbrkr.o)
 .debug_aranges
                0x0000000000000188       0x20 /home/quartus/altera/15.1/nios2eds/bin/gnu/H-x86_64-pc-linux-gnu/bin/../lib/gcc/nios2-elf/4.9.2/../../../../../H-x86_64-pc-linux-gnu/nios2-elf/lib/libc.a(lib_a-wsetup.o)
 .debug_aranges
                0x00000000000001a8       0x30 /home/quartus/altera/15.1/nios2eds/bin/gnu/H-x86_64-pc-linux-gnu/bin/../lib/gcc/nios2-elf/4.9.2/../../../../../H-x86_64-pc-linux-gnu/nios2-elf/lib/libc.a(lib_a-fflush.o)
 .debug_aranges
                0x00000000000001d8       0x88 /home/quartus/altera/15.1/nios2eds/bin/gnu/H-x86_64-pc-linux-gnu/bin/../lib/gcc/nios2-elf/4.9.2/../../../../../H-x86_64-pc-linux-gnu/nios2-elf/lib/libc.a(lib_a-findfp.o)
 .debug_aranges
                0x0000000000000260       0x28 /home/quartus/altera/15.1/nios2eds/bin/gnu/H-x86_64-pc-linux-gnu/bin/../lib/gcc/nios2-elf/4.9.2/../../../../../H-x86_64-pc-linux-gnu/nios2-elf/lib/libc.a(lib_a-freer.o)
 .debug_aranges
                0x0000000000000288       0x28 /home/quartus/altera/15.1/nios2eds/bin/gnu/H-x86_64-pc-linux-gnu/bin/../lib/gcc/nios2-elf/4.9.2/../../../../../H-x86_64-pc-linux-gnu/nios2-elf/lib/libc.a(lib_a-fwalk.o)
 .debug_aranges
                0x00000000000002b0       0x18 /home/quartus/altera/15.1/nios2eds/bin/gnu/H-x86_64-pc-linux-gnu/bin/../lib/gcc/nios2-elf/4.9.2/../../../../../H-x86_64-pc-linux-gnu/nios2-elf/lib/libc.a(lib_a-int_errno.o)
 .debug_aranges
                0x00000000000002c8       0x20 /home/quartus/altera/15.1/nios2eds/bin/gnu/H-x86_64-pc-linux-gnu/bin/../lib/gcc/nios2-elf/4.9.2/../../../../../H-x86_64-pc-linux-gnu/nios2-elf/lib/libc.a(lib_a-makebuf.o)
 .debug_aranges
                0x00000000000002e8       0x20 /home/quartus/altera/15.1/nios2eds/bin/gnu/H-x86_64-pc-linux-gnu/bin/../lib/gcc/nios2-elf/4.9.2/../../../../../H-x86_64-pc-linux-gnu/nios2-elf/lib/libc.a(lib_a-memset.o)
 .debug_aranges
                0x0000000000000308       0x40 /home/quartus/altera/15.1/nios2eds/bin/gnu/H-x86_64-pc-linux-gnu/bin/../lib/gcc/nios2-elf/4.9.2/../../../../../H-x86_64-pc-linux-gnu/nios2-elf/lib/libc.a(lib_a-stdio.o)
 .debug_aranges
                0x0000000000000348       0x20 /home/quartus/altera/15.1/nios2eds/bin/gnu/H-x86_64-pc-linux-gnu/bin/../lib/gcc/nios2-elf/4.9.2/../../../../../H-x86_64-pc-linux-gnu/nios2-elf/lib/libc.a(lib_a-writer.o)
 .debug_aranges
                0x0000000000000368       0x20 /home/quartus/altera/15.1/nios2eds/bin/gnu/H-x86_64-pc-linux-gnu/bin/../lib/gcc/nios2-elf/4.9.2/../../../../../H-x86_64-pc-linux-gnu/nios2-elf/lib/libc.a(closer.o)
 .debug_aranges
                0x0000000000000388       0x28 /home/quartus/altera/15.1/nios2eds/bin/gnu/H-x86_64-pc-linux-gnu/bin/../lib/gcc/nios2-elf/4.9.2/../../../../../H-x86_64-pc-linux-gnu/nios2-elf/lib/libc.a(lib_a-fclose.o)
 .debug_aranges
                0x00000000000003b0       0x20 /home/quartus/altera/15.1/nios2eds/bin/gnu/H-x86_64-pc-linux-gnu/bin/../lib/gcc/nios2-elf/4.9.2/../../../../../H-x86_64-pc-linux-gnu/nios2-elf/lib/libc.a(lib_a-fstatr.o)
 .debug_aranges
                0x00000000000003d0       0x20 /home/quartus/altera/15.1/nios2eds/bin/gnu/H-x86_64-pc-linux-gnu/bin/../lib/gcc/nios2-elf/4.9.2/../../../../../H-x86_64-pc-linux-gnu/nios2-elf/lib/libc.a(lib_a-isattyr.o)
 .debug_aranges
                0x00000000000003f0       0x20 /home/quartus/altera/15.1/nios2eds/bin/gnu/H-x86_64-pc-linux-gnu/bin/../lib/gcc/nios2-elf/4.9.2/../../../../../H-x86_64-pc-linux-gnu/nios2-elf/lib/libc.a(lib_a-lseekr.o)
 .debug_aranges
                0x0000000000000410       0x20 /home/quartus/altera/15.1/nios2eds/bin/gnu/H-x86_64-pc-linux-gnu/bin/../lib/gcc/nios2-elf/4.9.2/../../../../../H-x86_64-pc-linux-gnu/nios2-elf/lib/libc.a(lib_a-readr.o)
 .debug_aranges
                0x0000000000000430       0x20 /home/quartus/altera/15.1/nios2eds/bin/gnu/H-x86_64-pc-linux-gnu/bin/../lib/gcc/nios2-elf/4.9.2/libgcc.a(lib2-divmod.o)
 .debug_aranges
                0x0000000000000450       0x20 ../tset_bsp//libhal_bsp.a(alt_close.o)
 .debug_aranges
                0x0000000000000470       0x20 ../tset_bsp//libhal_bsp.a(alt_dev.o)
 .debug_aranges
                0x0000000000000490       0x18 ../tset_bsp//libhal_bsp.a(alt_errno.o)
 .debug_aranges
                0x00000000000004a8       0x20 ../tset_bsp//libhal_bsp.a(alt_fstat.o)
 .debug_aranges
                0x00000000000004c8       0x20 ../tset_bsp//libhal_bsp.a(alt_isatty.o)
 .debug_aranges
                0x00000000000004e8       0x20 ../tset_bsp//libhal_bsp.a(alt_load.o)
 .debug_aranges
                0x0000000000000508       0x20 ../tset_bsp//libhal_bsp.a(alt_lseek.o)
 .debug_aranges
                0x0000000000000528       0x20 ../tset_bsp//libhal_bsp.a(alt_main.o)
 .debug_aranges
                0x0000000000000548       0x20 ../tset_bsp//libhal_bsp.a(alt_malloc_lock.o)
 .debug_aranges
                0x0000000000000568       0x20 ../tset_bsp//libhal_bsp.a(alt_read.o)
 .debug_aranges
                0x0000000000000588       0x20 ../tset_bsp//libhal_bsp.a(alt_release_fd.o)
 .debug_aranges
                0x00000000000005a8       0x20 ../tset_bsp//libhal_bsp.a(alt_sbrk.o)
 .debug_aranges
                0x00000000000005c8       0x20 ../tset_bsp//libhal_bsp.a(alt_write.o)
 .debug_aranges
                0x00000000000005e8       0x20 ../tset_bsp//libhal_bsp.a(alt_sys_init.o)
 .debug_aranges
                0x0000000000000608       0x20 ../tset_bsp//libhal_bsp.a(altera_avalon_jtag_uart_fd.o)
 .debug_aranges
                0x0000000000000628       0x20 ../tset_bsp//libhal_bsp.a(altera_avalon_jtag_uart_init.o)
 .debug_aranges
                0x0000000000000648       0x20 ../tset_bsp//libhal_bsp.a(altera_avalon_jtag_uart_ioctl.o)
 .debug_aranges
                0x0000000000000668       0x20 ../tset_bsp//libhal_bsp.a(altera_avalon_jtag_uart_read.o)
 .debug_aranges
                0x0000000000000688       0x20 ../tset_bsp//libhal_bsp.a(altera_avalon_jtag_uart_write.o)
 .debug_aranges
                0x00000000000006a8       0x20 ../tset_bsp//libhal_bsp.a(altera_avalon_lcd_16207.o)
 .debug_aranges
                0x00000000000006c8       0x20 ../tset_bsp//libhal_bsp.a(altera_avalon_lcd_16207_fd.o)
 .debug_aranges
                0x00000000000006e8       0x20 ../tset_bsp//libhal_bsp.a(altera_avalon_timer_sc.o)
 .debug_aranges
                0x0000000000000708       0x20 ../tset_bsp//libhal_bsp.a(altera_avalon_uart_fd.o)
 .debug_aranges
                0x0000000000000728       0x20 ../tset_bsp//libhal_bsp.a(altera_avalon_uart_init.o)
 .debug_aranges
                0x0000000000000748       0x20 ../tset_bsp//libhal_bsp.a(altera_avalon_uart_read.o)
 .debug_aranges
                0x0000000000000768       0x20 ../tset_bsp//libhal_bsp.a(altera_avalon_uart_write.o)
 .debug_aranges
                0x0000000000000788       0x20 ../tset_bsp//libhal_bsp.a(alt_alarm_start.o)
 .debug_aranges
                0x00000000000007a8       0x20 ../tset_bsp//libhal_bsp.a(alt_dcache_flush_all.o)
 .debug_aranges